2025-12-19 07:44:18 | DEBUG    | fedaugment.utils.misc:106 | Experiment setup complete (redirected 530 loggers)
2025-12-19 07:44:18 | DEBUG    | fedaugment.utils.misc:109 | Set PYTORCH_ALLOC_CONF to 'expandable_segments:True'
2025-12-19 07:44:18 | INFO     | __main__:22 | Initializing embedding pipeline...
2025-12-19 07:44:21 | DEBUG    | fedaugment.embeddings.models.sentence_transformer_model:56 | Compiling model...
2025-12-19 07:44:24 | DEBUG    | fedaugment.embeddings.models.sentence_transformer_model:58 | sentence-transformers/all-mpnet-base-v2 model compiled.
2025-12-19 07:44:24 | INFO     | __main__:31 | Starting embedding generation...
2025-12-19 07:44:24 | INFO     | fedaugment.dataset_loader:51 | Initializing dataset loader with datasets from data/datasets/webtable-split/train...
2025-12-19 07:44:47 | SUCCESS  | fedaugment.dataset_loader:64 | Discovered 2360354 file paths for lazy loading in 22.8997 seconds.
2025-12-19 07:44:47 | INFO     | fedaugment.curation.curation_manager:71 | Embedding 2360354 datasets in 5 batch(es) of up to 500000 datasets each.
2025-12-19 07:44:47 | INFO     | fedaugment.dataset_loader:81 | Loading batch 1...
2025-12-19 07:52:25 | DEBUG    | fedaugment.dataset_loader:90 | Average dataset batch size: 763.60 MB
2025-12-19 07:52:25 | INFO     | fedaugment.curation.curation_manager:82 | Processing batch 1/5...
2025-12-19 08:04:16 | INFO     | fedaugment.curation.curation_manager:88 | Generated 2674604 prompts in 711.0415 seconds.
2025-12-19 09:17:36 | INFO     | fedaugment.curation.curation_manager:97 | Embedded 2674604 prompts in 4399.8068 seconds.
2025-12-19 09:17:40 | INFO     | fedaugment.curation.curation_manager:105 | Post-processed embeddings in 4.6510 seconds.
2025-12-19 09:17:41 | INFO     | fedaugment.dataset_loader:81 | Loading batch 2...
2025-12-19 09:24:58 | DEBUG    | fedaugment.dataset_loader:90 | Average dataset batch size: 764.53 MB
2025-12-19 09:25:08 | INFO     | fedaugment.curation.curation_manager:82 | Processing batch 2/5...
2025-12-19 09:36:53 | INFO     | fedaugment.curation.curation_manager:88 | Generated 2669323 prompts in 705.5700 seconds.
2025-12-19 10:49:55 | INFO     | fedaugment.curation.curation_manager:97 | Embedded 2669323 prompts in 4381.5727 seconds.
2025-12-19 10:49:59 | INFO     | fedaugment.curation.curation_manager:105 | Post-processed embeddings in 4.6176 seconds.
2025-12-19 10:50:00 | INFO     | fedaugment.dataset_loader:81 | Loading batch 3...
2025-12-19 10:57:09 | DEBUG    | fedaugment.dataset_loader:90 | Average dataset batch size: 763.82 MB
2025-12-19 10:57:20 | INFO     | fedaugment.curation.curation_manager:82 | Processing batch 3/5...
2025-12-19 11:09:14 | INFO     | fedaugment.curation.curation_manager:88 | Generated 2672852 prompts in 714.0479 seconds.
2025-12-19 12:22:18 | INFO     | fedaugment.curation.curation_manager:97 | Embedded 2672852 prompts in 4383.2696 seconds.
2025-12-19 12:22:22 | INFO     | fedaugment.curation.curation_manager:105 | Post-processed embeddings in 4.6202 seconds.
2025-12-19 12:22:23 | INFO     | fedaugment.dataset_loader:81 | Loading batch 4...
2025-12-19 12:29:22 | DEBUG    | fedaugment.dataset_loader:90 | Average dataset batch size: 766.11 MB
2025-12-19 12:29:33 | INFO     | fedaugment.curation.curation_manager:82 | Processing batch 4/5...
2025-12-19 12:41:05 | INFO     | fedaugment.curation.curation_manager:88 | Generated 2669379 prompts in 691.5688 seconds.
2025-12-19 13:54:10 | INFO     | fedaugment.curation.curation_manager:97 | Embedded 2669379 prompts in 4385.1246 seconds.
2025-12-19 13:54:15 | INFO     | fedaugment.curation.curation_manager:105 | Post-processed embeddings in 4.7094 seconds.
2025-12-19 13:54:15 | INFO     | fedaugment.dataset_loader:81 | Loading batch 5...
2025-12-19 13:59:18 | DEBUG    | fedaugment.dataset_loader:90 | Average dataset batch size: 722.82 MB
2025-12-19 13:59:29 | INFO     | fedaugment.curation.curation_manager:82 | Processing batch 5/5...
2025-12-19 14:07:56 | INFO     | fedaugment.curation.curation_manager:88 | Generated 1923708 prompts in 506.6523 seconds.
2025-12-19 15:00:32 | INFO     | fedaugment.curation.curation_manager:97 | Embedded 1923708 prompts in 3156.1732 seconds.
2025-12-19 15:00:35 | INFO     | fedaugment.curation.curation_manager:105 | Post-processed embeddings in 3.2571 seconds.
2025-12-19 15:00:36 | DEBUG    | fedaugment.curation.curation_manager:114 | Generated embeddings tensor shape: torch.Size([12609866, 768])
2025-12-19 15:00:36 | DEBUG    | fedaugment.curation.curation_manager:115 | Generated embedding IDs array shape: (12609866,)
2025-12-19 15:00:36 | SUCCESS  | fedaugment.curation.curation_manager:117 | Embedded 12609866 prompts based on 2360354 datasets in 26172.2680 seconds.
2025-12-19 15:00:44 | INFO     | __main__:42 | Starting dataset curation...
2025-12-19 15:00:44 | INFO     | fedaugment.curation.curation_manager:185 | Selecting 63049/12609866 data points using 2 curator(s)...
2025-12-19 15:00:44 | INFO     | fedaugment.curation.curation_manager:190 | Curating data using 'fft_euc'...
2025-12-19 16:01:24 | INFO     | fedaugment.curation.curation_manager:192 | Curator 'fft_euc' selected 63049 data points in 3639.8138 seconds.
2025-12-19 16:01:24 | INFO     | fedaugment.curation.curation_manager:204 | Saving curated columns to 'data/datasets/webtable-005/fft_euc-mpnet-dj_adpt-k=63049'
2025-12-19 16:06:58 | INFO     | fedaugment.curation.curation_manager:270 | Copied 63049 column projections.
2025-12-19 16:06:58 | INFO     | fedaugment.curation.curation_manager:190 | Curating data using 'fft_cos'...
2025-12-19 17:07:34 | INFO     | fedaugment.curation.curation_manager:192 | Curator 'fft_cos' selected 63049 data points in 3635.1877 seconds.
2025-12-19 17:07:34 | INFO     | fedaugment.curation.curation_manager:204 | Saving curated columns to 'data/datasets/webtable-005/fft_cos-mpnet-dj_adpt-k=63049'
2025-12-19 17:13:08 | INFO     | fedaugment.curation.curation_manager:270 | Copied 63049 column projections.
2025-12-19 17:13:08 | SUCCESS  | fedaugment.curation.curation_manager:208 | Curation completed in 7943.6687 seconds.
2025-12-19 17:13:08 | INFO     | fedaugment.curation.curation_manager:185 | Selecting 630493/12609866 data points using 2 curator(s)...
2025-12-19 17:13:08 | INFO     | fedaugment.curation.curation_manager:190 | Curating data using 'fft_euc'...
2025-12-20 03:12:03 | INFO     | fedaugment.curation.curation_manager:192 | Curator 'fft_euc' selected 630493 data points in 35934.7793 seconds.
2025-12-20 03:12:03 | INFO     | fedaugment.curation.curation_manager:204 | Saving curated columns to 'data/datasets/webtable-050/fft_euc-mpnet-dj_adpt-k=630493'
2025-12-20 03:53:47 | INFO     | fedaugment.curation.curation_manager:270 | Copied 630493 column projections.
2025-12-20 03:53:47 | INFO     | fedaugment.curation.curation_manager:190 | Curating data using 'fft_cos'...
2025-12-20 13:42:31 | INFO     | fedaugment.curation.curation_manager:192 | Curator 'fft_cos' selected 630493 data points in 35323.5033 seconds.
2025-12-20 13:42:31 | INFO     | fedaugment.curation.curation_manager:204 | Saving curated columns to 'data/datasets/webtable-050/fft_cos-mpnet-dj_adpt-k=630493'
2025-12-20 14:24:07 | INFO     | fedaugment.curation.curation_manager:270 | Copied 630493 column projections.
2025-12-20 14:24:08 | SUCCESS  | fedaugment.curation.curation_manager:208 | Curation completed in 76259.9988 seconds.
2025-12-20 14:24:08 | INFO     | fedaugment.curation.curation_manager:185 | Selecting 1260986/12609866 data points using 2 curator(s)...
2025-12-20 14:24:08 | INFO     | fedaugment.curation.curation_manager:190 | Curating data using 'fft_euc'...
2025-12-21 10:04:49 | INFO     | fedaugment.curation.curation_manager:192 | Curator 'fft_euc' selected 1260986 data points in 70841.4736 seconds.
2025-12-21 10:04:49 | INFO     | fedaugment.curation.curation_manager:204 | Saving curated columns to 'data/datasets/webtable-100/fft_euc-mpnet-dj_adpt-k=1260986'
2025-12-21 11:19:23 | INFO     | fedaugment.curation.curation_manager:270 | Copied 1260986 column projections.
2025-12-21 11:19:24 | INFO     | fedaugment.curation.curation_manager:190 | Curating data using 'fft_cos'...
2025-12-22 07:48:07 | INFO     | fedaugment.curation.curation_manager:192 | Curator 'fft_cos' selected 1260986 data points in 73722.7240 seconds.
2025-12-22 07:48:07 | INFO     | fedaugment.curation.curation_manager:204 | Saving curated columns to 'data/datasets/webtable-100/fft_cos-mpnet-dj_adpt-k=1260986'
2025-12-22 09:01:48 | INFO     | fedaugment.curation.curation_manager:270 | Copied 1260986 column projections.
2025-12-22 09:01:49 | SUCCESS  | fedaugment.curation.curation_manager:208 | Curation completed in 153460.7392 seconds.
2025-12-22 09:02:03 | INFO     | fedaugment.curation.curation_manager:185 | Selecting 63049/12609866 data points using 2 curator(s)...
2025-12-22 09:02:03 | INFO     | fedaugment.curation.curation_manager:190 | Curating data using 'grid'...
2025-12-22 09:06:23 | INFO     | fedaugment.curation.curation_manager:192 | Curator 'grid' selected 63049 data points in 259.8802 seconds.
2025-12-22 09:06:23 | INFO     | fedaugment.curation.curation_manager:204 | Saving curated columns to 'data/datasets/webtable-005/grid-mpnet-dj_adpt-k=63049'
2025-12-22 09:12:48 | INFO     | fedaugment.curation.curation_manager:270 | Copied 63049 column projections.
2025-12-22 09:12:48 | INFO     | fedaugment.curation.curation_manager:190 | Curating data using 'random'...
2025-12-22 09:12:48 | INFO     | fedaugment.curation.curation_manager:192 | Curator 'random' selected 63049 data points in 0.3291 seconds.
2025-12-22 09:12:48 | INFO     | fedaugment.curation.curation_manager:204 | Saving curated columns to 'data/datasets/webtable-005/random-mpnet-dj_adpt-k=63049'
2025-12-22 09:19:02 | INFO     | fedaugment.curation.curation_manager:270 | Copied 63049 column projections.
2025-12-22 09:19:02 | SUCCESS  | fedaugment.curation.curation_manager:208 | Curation completed in 1018.6524 seconds.
2025-12-22 09:19:02 | INFO     | fedaugment.curation.curation_manager:185 | Selecting 630493/12609866 data points using 2 curator(s)...
2025-12-22 09:19:02 | INFO     | fedaugment.curation.curation_manager:190 | Curating data using 'grid'...
2025-12-22 09:27:10 | INFO     | fedaugment.curation.curation_manager:192 | Curator 'grid' selected 630493 data points in 487.5314 seconds.
2025-12-22 09:27:10 | INFO     | fedaugment.curation.curation_manager:204 | Saving curated columns to 'data/datasets/webtable-050/grid-mpnet-dj_adpt-k=630493'
2025-12-22 10:18:30 | INFO     | fedaugment.curation.curation_manager:270 | Copied 630493 column projections.
2025-12-22 10:18:31 | INFO     | fedaugment.curation.curation_manager:190 | Curating data using 'random'...
2025-12-22 10:18:31 | INFO     | fedaugment.curation.curation_manager:192 | Curator 'random' selected 630493 data points in 0.3331 seconds.
2025-12-22 10:18:31 | INFO     | fedaugment.curation.curation_manager:204 | Saving curated columns to 'data/datasets/webtable-050/random-mpnet-dj_adpt-k=630493'
2025-12-22 11:13:11 | INFO     | fedaugment.curation.curation_manager:270 | Copied 630493 column projections.
2025-12-22 11:13:12 | SUCCESS  | fedaugment.curation.curation_manager:208 | Curation completed in 6849.5146 seconds.
2025-12-22 11:13:12 | INFO     | fedaugment.curation.curation_manager:185 | Selecting 1260986/12609866 data points using 2 curator(s)...
2025-12-22 11:13:12 | INFO     | fedaugment.curation.curation_manager:190 | Curating data using 'grid'...
2025-12-22 11:19:54 | INFO     | fedaugment.curation.curation_manager:192 | Curator 'grid' selected 1260986 data points in 401.9390 seconds.
2025-12-22 11:19:54 | INFO     | fedaugment.curation.curation_manager:204 | Saving curated columns to 'data/datasets/webtable-100/grid-mpnet-dj_adpt-k=1260986'
2025-12-22 12:45:27 | INFO     | fedaugment.curation.curation_manager:270 | Copied 1260986 column projections.
2025-12-22 12:45:28 | INFO     | fedaugment.curation.curation_manager:190 | Curating data using 'random'...
2025-12-22 12:45:28 | INFO     | fedaugment.curation.curation_manager:192 | Curator 'random' selected 1260986 data points in 0.3263 seconds.
2025-12-22 12:45:28 | INFO     | fedaugment.curation.curation_manager:204 | Saving curated columns to 'data/datasets/webtable-100/random-mpnet-dj_adpt-k=1260986'
2025-12-22 14:21:44 | INFO     | fedaugment.curation.curation_manager:270 | Copied 1260986 column projections.
2025-12-22 14:21:45 | SUCCESS  | fedaugment.curation.curation_manager:208 | Curation completed in 11312.9336 seconds.
