2025-12-24 09:54:47 | DEBUG    | fedaugment.utils.misc:106 | Experiment setup complete (redirected 530 loggers)
2025-12-24 09:54:47 | DEBUG    | fedaugment.utils.misc:109 | Set PYTORCH_ALLOC_CONF to 'expandable_segments:True'
2025-12-24 09:54:47 | INFO     | __main__:17 | Initializing embedding pipeline...
2025-12-24 09:54:49 | DEBUG    | fedaugment.embeddings.models.sentence_transformer_model:56 | Compiling model...
2025-12-24 09:54:53 | DEBUG    | fedaugment.embeddings.models.sentence_transformer_model:58 | sentence-transformers/all-mpnet-base-v2 model compiled.
2025-12-24 09:54:53 | INFO     | __main__:26 | Starting embedding generation...
2025-12-24 09:54:53 | INFO     | fedaugment.dataset_loader:51 | Initializing dataset loader with datasets from data/datasets/webtable-split/train...
2025-12-24 09:55:16 | SUCCESS  | fedaugment.dataset_loader:64 | Discovered 2360354 file paths for lazy loading in 22.9782 seconds.
2025-12-24 09:55:16 | INFO     | fedaugment.curation.curation_manager:71 | Embedding 2360354 datasets in 5 batch(es) of up to 500000 datasets each.
2025-12-24 09:55:16 | INFO     | fedaugment.dataset_loader:81 | Loading batch 1...
2025-12-24 10:02:54 | DEBUG    | fedaugment.dataset_loader:90 | Average dataset batch size: 763.60 MB
2025-12-24 10:02:54 | INFO     | fedaugment.curation.curation_manager:82 | Processing batch 1/5...
2025-12-24 10:14:57 | INFO     | fedaugment.curation.curation_manager:88 | Generated 2674604 prompts in 722.8337 seconds.
2025-12-24 11:28:14 | INFO     | fedaugment.curation.curation_manager:97 | Embedded 2674604 prompts in 4396.6919 seconds.
2025-12-24 11:28:18 | INFO     | fedaugment.curation.curation_manager:105 | Post-processed embeddings in 4.0337 seconds.
2025-12-24 11:28:19 | INFO     | fedaugment.dataset_loader:81 | Loading batch 2...
2025-12-24 11:35:43 | DEBUG    | fedaugment.dataset_loader:90 | Average dataset batch size: 764.53 MB
2025-12-24 11:35:55 | INFO     | fedaugment.curation.curation_manager:82 | Processing batch 2/5...
2025-12-24 11:47:59 | INFO     | fedaugment.curation.curation_manager:88 | Generated 2669323 prompts in 723.5836 seconds.
2025-12-24 13:01:02 | INFO     | fedaugment.curation.curation_manager:97 | Embedded 2669323 prompts in 4383.4198 seconds.
2025-12-24 13:01:06 | INFO     | fedaugment.curation.curation_manager:105 | Post-processed embeddings in 4.1787 seconds.
2025-12-24 13:01:07 | INFO     | fedaugment.dataset_loader:81 | Loading batch 3...
2025-12-24 13:08:23 | DEBUG    | fedaugment.dataset_loader:90 | Average dataset batch size: 763.82 MB
2025-12-24 13:08:35 | INFO     | fedaugment.curation.curation_manager:82 | Processing batch 3/5...
2025-12-24 13:20:22 | INFO     | fedaugment.curation.curation_manager:88 | Generated 2672852 prompts in 706.8696 seconds.
2025-12-24 14:33:26 | INFO     | fedaugment.curation.curation_manager:97 | Embedded 2672852 prompts in 4384.3311 seconds.
2025-12-24 14:33:30 | INFO     | fedaugment.curation.curation_manager:105 | Post-processed embeddings in 4.1265 seconds.
2025-12-24 14:33:31 | INFO     | fedaugment.dataset_loader:81 | Loading batch 4...
2025-12-24 14:40:22 | DEBUG    | fedaugment.dataset_loader:90 | Average dataset batch size: 766.11 MB
2025-12-24 14:40:33 | INFO     | fedaugment.curation.curation_manager:82 | Processing batch 4/5...
2025-12-24 14:52:26 | INFO     | fedaugment.curation.curation_manager:88 | Generated 2669379 prompts in 713.3544 seconds.
2025-12-24 16:05:31 | INFO     | fedaugment.curation.curation_manager:97 | Embedded 2669379 prompts in 4384.6156 seconds.
2025-12-24 16:05:35 | INFO     | fedaugment.curation.curation_manager:105 | Post-processed embeddings in 4.2347 seconds.
2025-12-24 16:05:36 | INFO     | fedaugment.dataset_loader:81 | Loading batch 5...
2025-12-24 16:10:42 | DEBUG    | fedaugment.dataset_loader:90 | Average dataset batch size: 722.82 MB
2025-12-24 16:10:53 | INFO     | fedaugment.curation.curation_manager:82 | Processing batch 5/5...
2025-12-24 16:19:21 | INFO     | fedaugment.curation.curation_manager:88 | Generated 1923708 prompts in 507.4665 seconds.
2025-12-24 17:11:58 | INFO     | fedaugment.curation.curation_manager:97 | Embedded 1923708 prompts in 3157.2088 seconds.
2025-12-24 17:12:01 | INFO     | fedaugment.curation.curation_manager:105 | Post-processed embeddings in 3.0592 seconds.
2025-12-24 17:12:02 | DEBUG    | fedaugment.curation.curation_manager:114 | Generated embeddings tensor shape: torch.Size([12609866, 768])
2025-12-24 17:12:02 | DEBUG    | fedaugment.curation.curation_manager:115 | Generated embedding IDs array shape: (12609866,)
2025-12-24 17:12:02 | SUCCESS  | fedaugment.curation.curation_manager:117 | Embedded 12609866 prompts based on 2360354 datasets in 26229.2447 seconds.
2025-12-24 17:12:09 | INFO     | __main__:37 | Starting dataset curation...
2025-12-24 17:12:12 | INFO     | fedaugment.curation.curation_manager:172 | Applied PCA to reduce embeddings from 768 to 161 dimensions in 1.7492 seconds.
2025-12-24 17:12:12 | INFO     | fedaugment.curation.curation_manager:179 | Selected components explain 90.0245% of variance.
2025-12-24 17:12:12 | DEBUG    | fedaugment.curation.curation_manager:183 | Explained variance ratio of selected components: tensor([0.0982, 0.0665, 0.0399, 0.0284, 0.0223, 0.0197, 0.0183, 0.0169, 0.0155,
        0.0149, 0.0142, 0.0134, 0.0128, 0.0121, 0.0115, 0.0108, 0.0104, 0.0100,
        0.0098, 0.0092, 0.0091, 0.0087, 0.0087, 0.0083, 0.0079, 0.0076, 0.0075,
        0.0074, 0.0071, 0.0071, 0.0066, 0.0065, 0.0065, 0.0063, 0.0061, 0.0061,
        0.0059, 0.0059, 0.0057, 0.0056, 0.0055, 0.0055, 0.0053, 0.0052, 0.0051,
        0.0050, 0.0049, 0.0048, 0.0047, 0.0045, 0.0045, 0.0044, 0.0044, 0.0043,
        0.0042, 0.0042, 0.0041, 0.0041, 0.0039, 0.0039, 0.0038, 0.0037, 0.0037,
        0.0037, 0.0035, 0.0035, 0.0035, 0.0034, 0.0034, 0.0033, 0.0032, 0.0032,
        0.0032, 0.0031, 0.0031, 0.0031, 0.0031, 0.0030, 0.0029, 0.0028, 0.0028,
        0.0028, 0.0027, 0.0027, 0.0027, 0.0026, 0.0026, 0.0026, 0.0025, 0.0025,
        0.0025, 0.0024, 0.0024, 0.0023, 0.0023, 0.0023, 0.0023, 0.0023, 0.0022,
        0.0022, 0.0022, 0.0021, 0.0021, 0.0021, 0.0021, 0.0020, 0.0020, 0.0020,
        0.0020, 0.0020, 0.0019, 0.0019, 0.0019, 0.0019, 0.0018, 0.0018, 0.0018,
        0.0018, 0.0018, 0.0018, 0.0018, 0.0017, 0.0017, 0.0017, 0.0017, 0.0017,
        0.0017, 0.0016, 0.0016, 0.0016, 0.0016, 0.0015, 0.0015, 0.0015, 0.0015,
        0.0015, 0.0014, 0.0014, 0.0014, 0.0014, 0.0014, 0.0014, 0.0014, 0.0013,
        0.0013, 0.0013, 0.0013, 0.0013, 0.0013, 0.0013, 0.0012, 0.0012, 0.0012,
        0.0012, 0.0012, 0.0012, 0.0012, 0.0011, 0.0011, 0.0011, 0.0011],
       device='cuda:0')
2025-12-24 17:12:12 | INFO     | fedaugment.curation.curation_manager:190 | Selecting 63049/12609866 data points using 2 curator(s)...
2025-12-24 17:12:12 | INFO     | fedaugment.curation.curation_manager:195 | Curating data using 'fft_euc'...
2025-12-24 17:32:20 | INFO     | fedaugment.curation.curation_manager:197 | Curator 'fft_euc' selected 63049 data points in 1207.1977 seconds.
2025-12-24 17:32:20 | INFO     | fedaugment.curation.curation_manager:209 | Saving curated columns to 'data/datasets/webtable-005/fft_euc-mpnet-dj_adpt-k=63049-pca=0.9'
2025-12-24 17:37:50 | INFO     | fedaugment.curation.curation_manager:277 | Copied 63049 column projections.
2025-12-24 17:37:51 | INFO     | fedaugment.curation.curation_manager:195 | Curating data using 'fft_cos'...
2025-12-24 17:57:52 | INFO     | fedaugment.curation.curation_manager:197 | Curator 'fft_cos' selected 63049 data points in 1201.1621 seconds.
2025-12-24 17:57:52 | INFO     | fedaugment.curation.curation_manager:209 | Saving curated columns to 'data/datasets/webtable-005/fft_cos-mpnet-dj_adpt-k=63049-pca=0.9'
2025-12-24 18:03:07 | INFO     | fedaugment.curation.curation_manager:277 | Copied 63049 column projections.
2025-12-24 18:03:07 | SUCCESS  | fedaugment.curation.curation_manager:213 | Curation completed in 3056.5769 seconds.
2025-12-24 18:03:08 | INFO     | fedaugment.curation.curation_manager:172 | Applied PCA to reduce embeddings from 768 to 161 dimensions in 1.0146 seconds.
2025-12-24 18:03:08 | INFO     | fedaugment.curation.curation_manager:179 | Selected components explain 90.0245% of variance.
2025-12-24 18:03:08 | DEBUG    | fedaugment.curation.curation_manager:183 | Explained variance ratio of selected components: tensor([0.0982, 0.0665, 0.0399, 0.0284, 0.0223, 0.0197, 0.0183, 0.0169, 0.0155,
        0.0149, 0.0142, 0.0134, 0.0128, 0.0121, 0.0115, 0.0108, 0.0104, 0.0100,
        0.0098, 0.0092, 0.0091, 0.0087, 0.0087, 0.0083, 0.0079, 0.0076, 0.0075,
        0.0074, 0.0071, 0.0071, 0.0066, 0.0065, 0.0065, 0.0063, 0.0061, 0.0061,
        0.0059, 0.0059, 0.0057, 0.0056, 0.0055, 0.0055, 0.0053, 0.0052, 0.0051,
        0.0050, 0.0049, 0.0048, 0.0047, 0.0045, 0.0045, 0.0044, 0.0044, 0.0043,
        0.0042, 0.0042, 0.0041, 0.0041, 0.0039, 0.0039, 0.0038, 0.0037, 0.0037,
        0.0037, 0.0035, 0.0035, 0.0035, 0.0034, 0.0034, 0.0033, 0.0032, 0.0032,
        0.0032, 0.0031, 0.0031, 0.0031, 0.0031, 0.0030, 0.0029, 0.0028, 0.0028,
        0.0028, 0.0027, 0.0027, 0.0027, 0.0026, 0.0026, 0.0026, 0.0025, 0.0025,
        0.0025, 0.0024, 0.0024, 0.0023, 0.0023, 0.0023, 0.0023, 0.0023, 0.0022,
        0.0022, 0.0022, 0.0021, 0.0021, 0.0021, 0.0021, 0.0020, 0.0020, 0.0020,
        0.0020, 0.0020, 0.0019, 0.0019, 0.0019, 0.0019, 0.0018, 0.0018, 0.0018,
        0.0018, 0.0018, 0.0018, 0.0018, 0.0017, 0.0017, 0.0017, 0.0017, 0.0017,
        0.0017, 0.0016, 0.0016, 0.0016, 0.0016, 0.0015, 0.0015, 0.0015, 0.0015,
        0.0015, 0.0014, 0.0014, 0.0014, 0.0014, 0.0014, 0.0014, 0.0014, 0.0013,
        0.0013, 0.0013, 0.0013, 0.0013, 0.0013, 0.0013, 0.0012, 0.0012, 0.0012,
        0.0012, 0.0012, 0.0012, 0.0012, 0.0011, 0.0011, 0.0011, 0.0011],
       device='cuda:0')
2025-12-24 18:03:08 | INFO     | fedaugment.curation.curation_manager:190 | Selecting 630493/12609866 data points using 2 curator(s)...
2025-12-24 18:03:08 | INFO     | fedaugment.curation.curation_manager:195 | Curating data using 'fft_euc'...
2025-12-24 21:24:28 | INFO     | fedaugment.curation.curation_manager:197 | Curator 'fft_euc' selected 630493 data points in 12079.7651 seconds.
2025-12-24 21:24:28 | INFO     | fedaugment.curation.curation_manager:209 | Saving curated columns to 'data/datasets/webtable-050/fft_euc-mpnet-dj_adpt-k=630493-pca=0.9'
2025-12-24 22:05:52 | INFO     | fedaugment.curation.curation_manager:277 | Copied 630493 column projections.
2025-12-24 22:05:52 | INFO     | fedaugment.curation.curation_manager:195 | Curating data using 'fft_cos'...
2025-12-25 01:25:57 | INFO     | fedaugment.curation.curation_manager:197 | Curator 'fft_cos' selected 630493 data points in 12005.3392 seconds.
2025-12-25 01:25:57 | INFO     | fedaugment.curation.curation_manager:209 | Saving curated columns to 'data/datasets/webtable-050/fft_cos-mpnet-dj_adpt-k=630493-pca=0.9'
2025-12-25 02:03:43 | INFO     | fedaugment.curation.curation_manager:277 | Copied 630493 column projections.
2025-12-25 02:03:44 | SUCCESS  | fedaugment.curation.curation_manager:213 | Curation completed in 28837.1116 seconds.
2025-12-25 02:04:12 | INFO     | fedaugment.curation.curation_manager:172 | Applied PCA to reduce embeddings from 768 to 161 dimensions in 6.6782 seconds.
2025-12-25 02:04:12 | INFO     | fedaugment.curation.curation_manager:179 | Selected components explain 90.0515% of variance.
2025-12-25 02:04:12 | DEBUG    | fedaugment.curation.curation_manager:183 | Explained variance ratio of selected components: tensor([0.0983, 0.0665, 0.0399, 0.0284, 0.0223, 0.0197, 0.0183, 0.0169, 0.0156,
        0.0149, 0.0142, 0.0134, 0.0128, 0.0121, 0.0115, 0.0108, 0.0104, 0.0100,
        0.0098, 0.0092, 0.0091, 0.0087, 0.0087, 0.0083, 0.0079, 0.0076, 0.0075,
        0.0074, 0.0071, 0.0071, 0.0066, 0.0065, 0.0065, 0.0063, 0.0061, 0.0061,
        0.0059, 0.0059, 0.0057, 0.0056, 0.0055, 0.0055, 0.0053, 0.0052, 0.0051,
        0.0050, 0.0049, 0.0048, 0.0047, 0.0045, 0.0045, 0.0044, 0.0044, 0.0043,
        0.0042, 0.0042, 0.0041, 0.0041, 0.0039, 0.0039, 0.0038, 0.0037, 0.0037,
        0.0037, 0.0035, 0.0035, 0.0035, 0.0034, 0.0034, 0.0033, 0.0032, 0.0032,
        0.0032, 0.0031, 0.0031, 0.0031, 0.0031, 0.0030, 0.0029, 0.0028, 0.0028,
        0.0028, 0.0027, 0.0027, 0.0027, 0.0026, 0.0026, 0.0026, 0.0025, 0.0025,
        0.0025, 0.0024, 0.0024, 0.0023, 0.0023, 0.0023, 0.0023, 0.0023, 0.0022,
        0.0022, 0.0022, 0.0021, 0.0021, 0.0021, 0.0021, 0.0020, 0.0020, 0.0020,
        0.0020, 0.0020, 0.0019, 0.0019, 0.0019, 0.0019, 0.0018, 0.0018, 0.0018,
        0.0018, 0.0018, 0.0018, 0.0018, 0.0017, 0.0017, 0.0017, 0.0017, 0.0017,
        0.0017, 0.0016, 0.0016, 0.0016, 0.0016, 0.0015, 0.0015, 0.0015, 0.0015,
        0.0015, 0.0014, 0.0014, 0.0014, 0.0014, 0.0014, 0.0014, 0.0014, 0.0013,
        0.0013, 0.0013, 0.0013, 0.0013, 0.0013, 0.0013, 0.0012, 0.0012, 0.0012,
        0.0012, 0.0012, 0.0012, 0.0012, 0.0011, 0.0011, 0.0011, 0.0011])
2025-12-25 02:04:12 | INFO     | fedaugment.curation.curation_manager:190 | Selecting 63049/12609866 data points using 1 curator(s)...
2025-12-25 02:04:12 | INFO     | fedaugment.curation.curation_manager:195 | Curating data using 'grid'...
2025-12-25 02:05:40 | INFO     | fedaugment.curation.curation_manager:197 | Curator 'grid' selected 63049 data points in 88.0299 seconds.
2025-12-25 02:05:40 | INFO     | fedaugment.curation.curation_manager:209 | Saving curated columns to 'data/datasets/webtable-005/grid-mpnet-dj_adpt-k=63049-pca=0.9'
2025-12-25 02:11:58 | INFO     | fedaugment.curation.curation_manager:277 | Copied 63049 column projections.
2025-12-25 02:11:58 | SUCCESS  | fedaugment.curation.curation_manager:213 | Curation completed in 472.8779 seconds.
2025-12-25 02:12:06 | INFO     | fedaugment.curation.curation_manager:172 | Applied PCA to reduce embeddings from 768 to 161 dimensions in 7.0576 seconds.
2025-12-25 02:12:06 | INFO     | fedaugment.curation.curation_manager:179 | Selected components explain 90.0515% of variance.
2025-12-25 02:12:06 | DEBUG    | fedaugment.curation.curation_manager:183 | Explained variance ratio of selected components: tensor([0.0983, 0.0665, 0.0399, 0.0284, 0.0223, 0.0197, 0.0183, 0.0169, 0.0156,
        0.0149, 0.0142, 0.0134, 0.0128, 0.0121, 0.0115, 0.0108, 0.0104, 0.0100,
        0.0098, 0.0092, 0.0091, 0.0087, 0.0087, 0.0083, 0.0079, 0.0076, 0.0075,
        0.0074, 0.0071, 0.0071, 0.0066, 0.0065, 0.0065, 0.0063, 0.0061, 0.0061,
        0.0059, 0.0059, 0.0057, 0.0056, 0.0055, 0.0055, 0.0053, 0.0052, 0.0051,
        0.0050, 0.0049, 0.0048, 0.0047, 0.0045, 0.0045, 0.0044, 0.0044, 0.0043,
        0.0042, 0.0042, 0.0041, 0.0041, 0.0039, 0.0039, 0.0038, 0.0037, 0.0037,
        0.0037, 0.0035, 0.0035, 0.0035, 0.0034, 0.0034, 0.0033, 0.0032, 0.0032,
        0.0032, 0.0031, 0.0031, 0.0031, 0.0031, 0.0030, 0.0029, 0.0028, 0.0028,
        0.0028, 0.0027, 0.0027, 0.0027, 0.0026, 0.0026, 0.0026, 0.0025, 0.0025,
        0.0025, 0.0024, 0.0024, 0.0023, 0.0023, 0.0023, 0.0023, 0.0023, 0.0022,
        0.0022, 0.0022, 0.0021, 0.0021, 0.0021, 0.0021, 0.0020, 0.0020, 0.0020,
        0.0020, 0.0020, 0.0019, 0.0019, 0.0019, 0.0019, 0.0018, 0.0018, 0.0018,
        0.0018, 0.0018, 0.0018, 0.0018, 0.0017, 0.0017, 0.0017, 0.0017, 0.0017,
        0.0017, 0.0016, 0.0016, 0.0016, 0.0016, 0.0015, 0.0015, 0.0015, 0.0015,
        0.0015, 0.0014, 0.0014, 0.0014, 0.0014, 0.0014, 0.0014, 0.0014, 0.0013,
        0.0013, 0.0013, 0.0013, 0.0013, 0.0013, 0.0013, 0.0012, 0.0012, 0.0012,
        0.0012, 0.0012, 0.0012, 0.0012, 0.0011, 0.0011, 0.0011, 0.0011])
2025-12-25 02:12:06 | INFO     | fedaugment.curation.curation_manager:190 | Selecting 630493/12609866 data points using 1 curator(s)...
2025-12-25 02:12:06 | INFO     | fedaugment.curation.curation_manager:195 | Curating data using 'grid'...
2025-12-25 02:13:58 | INFO     | fedaugment.curation.curation_manager:197 | Curator 'grid' selected 630493 data points in 112.0730 seconds.
2025-12-25 02:13:58 | INFO     | fedaugment.curation.curation_manager:209 | Saving curated columns to 'data/datasets/webtable-050/grid-mpnet-dj_adpt-k=630493-pca=0.9'
2025-12-25 03:05:51 | INFO     | fedaugment.curation.curation_manager:277 | Copied 630493 column projections.
2025-12-25 03:05:52 | SUCCESS  | fedaugment.curation.curation_manager:213 | Curation completed in 3233.2388 seconds.
