2026-01-06 10:00:35 | DEBUG    | fedaugment.utils.misc:106 | Experiment setup complete (redirected 544 loggers)
2026-01-06 10:00:35 | DEBUG    | fedaugment.utils.misc:109 | Set PYTORCH_ALLOC_CONF to 'expandable_segments:True'
2026-01-06 10:00:35 | INFO     | __main__:13 | Initializing models...
2026-01-06 10:00:37 | DEBUG    | fedaugment.embeddings.models.sentence_transformer_model:56 | Compiling model...
2026-01-06 10:00:41 | DEBUG    | fedaugment.embeddings.models.sentence_transformer_model:58 | sentence-transformers/all-MiniLM-L6-v2 model compiled.
2026-01-06 10:00:43 | DEBUG    | fedaugment.embeddings.models.sentence_transformer_model:56 | Compiling model...
2026-01-06 10:00:43 | DEBUG    | fedaugment.embeddings.models.sentence_transformer_model:58 | sentence-transformers/all-MiniLM-L12-v2 model compiled.
2026-01-06 10:00:45 | DEBUG    | fedaugment.embeddings.models.sentence_transformer_model:56 | Compiling model...
2026-01-06 10:00:45 | DEBUG    | fedaugment.embeddings.models.sentence_transformer_model:58 | sentence-transformers/all-mpnet-base-v2 model compiled.
2026-01-06 10:00:48 | DEBUG    | fedaugment.embeddings.models.sentence_transformer_model:56 | Compiling model...
2026-01-06 10:00:48 | DEBUG    | fedaugment.embeddings.models.sentence_transformer_model:58 | sentence-transformers/all-distilroberta-v1 model compiled.
2026-01-06 10:00:50 | DEBUG    | fedaugment.embeddings.models.sentence_transformer_model:56 | Compiling model...
2026-01-06 10:00:50 | DEBUG    | fedaugment.embeddings.models.sentence_transformer_model:58 | sentence-transformers/gtr-t5-base model compiled.
2026-01-06 10:00:54 | DEBUG    | fedaugment.embeddings.models.sentence_transformer_model:56 | Compiling model...
2026-01-06 10:00:54 | DEBUG    | fedaugment.embeddings.models.sentence_transformer_model:58 | thenlper/gte-base model compiled.
2026-01-06 10:00:54 | INFO     | __main__:48 | Creating prompt strategies...
2026-01-06 10:00:54 | INFO     | __main__:54 | Creating pipeline composer...
2026-01-06 10:00:54 | INFO     | __main__:64 | Registering datasets from data/datasets/webtable/split/train...
2026-01-06 10:00:54 | INFO     | fedaugment.dataset_loader:51 | Initializing dataset loader with datasets from data/datasets/webtable/split/train...
2026-01-06 10:01:17 | WARNING  | fedaugment.dataset_loader:111 | Discovered 2360354 files, which may be too large to load all at once. Consider setting a batch size to not load all files at once.
2026-01-06 10:01:17 | SUCCESS  | fedaugment.dataset_loader:64 | Discovered 2360354 file paths for lazy loading in 22.8751 seconds.
2026-01-06 10:01:17 | INFO     | __main__:68 | Starting embedding generation...
2026-01-06 10:01:17 | INFO     | fedaugment.embeddings.pipeline_composer:82 | Embedding 2360354 datasets in 1 batch(es) of up to 2360354 datasets each.
2026-01-06 10:01:17 | INFO     | fedaugment.dataset_loader:74 | Loading datasets...
2026-01-06 10:35:18 | INFO     | fedaugment.embeddings.pipeline_composer:91 | Processing batch 1/1...
2026-01-06 10:35:18 | INFO     | fedaugment.embeddings.pipeline_composer:178 | Generating prompts with strategy dj_adpt...
2026-01-06 11:30:50 | INFO     | fedaugment.embeddings.pipeline_composer:283 | Generated 12609866 prompts in 3331.5822 seconds.
2026-01-06 11:30:50 | DEBUG    | fedaugment.embeddings.pipeline_composer:284 | Available memory: 434.04 GB (memory usage: 13.8%)
2026-01-06 11:30:50 | INFO     | fedaugment.embeddings.pipeline_composer:203 | Embedding prompts with pipeline mini_l6-dj_adpt (batch 1/1)...
2026-01-06 12:43:12 | INFO     | fedaugment.embeddings.pipeline_composer:212 | Embedded 12609866 prompts in 4341.9473 seconds.
2026-01-06 12:43:12 | INFO     | fedaugment.embeddings.pipeline_composer:218 | Post-processing embeddings for pipeline mini_l6-dj_adpt...
2026-01-06 12:43:25 | INFO     | fedaugment.embeddings.pipeline_composer:221 | Post-processed embeddings in 13.6980 seconds.
2026-01-06 12:43:36 | WARNING  | fedaugment.utils.misc:102 | UserWarning: Custom dtypes are saved as python objects using the pickle protocol. Loading this file requires allow_pickle=True to be set. (/home/lennart-ldap/projects/fedaugment/.venv/lib/python3.13/site-packages/numpy/lib/_format_impl.py:393)
2026-01-06 12:43:42 | INFO     | fedaugment.embeddings.pipeline_composer:234 | Created new NPY file: data/embeddings/webtable/split/train/mini_l6-dj_adpt.fa/embeddings.npy
2026-01-06 12:43:42 | INFO     | fedaugment.embeddings.pipeline_composer:203 | Embedding prompts with pipeline mini_l12-dj_adpt (batch 1/1)...
2026-01-06 14:06:43 | INFO     | fedaugment.embeddings.pipeline_composer:212 | Embedded 12609866 prompts in 4981.0066 seconds.
2026-01-06 14:06:43 | INFO     | fedaugment.embeddings.pipeline_composer:218 | Post-processing embeddings for pipeline mini_l12-dj_adpt...
2026-01-06 14:06:57 | INFO     | fedaugment.embeddings.pipeline_composer:221 | Post-processed embeddings in 14.2568 seconds.
2026-01-06 14:07:12 | INFO     | fedaugment.embeddings.pipeline_composer:234 | Created new NPY file: data/embeddings/webtable/split/train/mini_l12-dj_adpt.fa/embeddings.npy
2026-01-06 14:07:12 | INFO     | fedaugment.embeddings.pipeline_composer:203 | Embedding prompts with pipeline mpnet-dj_adpt (batch 1/1)...
2026-01-06 20:06:50 | INFO     | fedaugment.embeddings.pipeline_composer:212 | Embedded 12609866 prompts in 21577.2378 seconds.
2026-01-06 20:06:50 | INFO     | fedaugment.embeddings.pipeline_composer:218 | Post-processing embeddings for pipeline mpnet-dj_adpt...
2026-01-06 20:08:01 | INFO     | fedaugment.embeddings.pipeline_composer:221 | Post-processed embeddings in 71.1302 seconds.
2026-01-06 20:08:29 | INFO     | fedaugment.embeddings.pipeline_composer:234 | Created new NPY file: data/embeddings/webtable/split/train/mpnet-dj_adpt.fa/embeddings.npy
2026-01-06 20:08:29 | INFO     | fedaugment.embeddings.pipeline_composer:203 | Embedding prompts with pipeline distilroberta-dj_adpt (batch 1/1)...
2026-01-06 23:50:34 | INFO     | fedaugment.embeddings.pipeline_composer:212 | Embedded 12609866 prompts in 13325.6812 seconds.
2026-01-06 23:50:34 | INFO     | fedaugment.embeddings.pipeline_composer:218 | Post-processing embeddings for pipeline distilroberta-dj_adpt...
2026-01-06 23:50:58 | INFO     | fedaugment.embeddings.pipeline_composer:221 | Post-processed embeddings in 23.7461 seconds.
2026-01-06 23:51:26 | INFO     | fedaugment.embeddings.pipeline_composer:234 | Created new NPY file: data/embeddings/webtable/split/train/distilroberta-dj_adpt.fa/embeddings.npy
2026-01-06 23:51:26 | INFO     | fedaugment.embeddings.pipeline_composer:203 | Embedding prompts with pipeline gtr_t5-dj_adpt (batch 1/1)...
2026-01-07 05:49:26 | INFO     | fedaugment.embeddings.pipeline_composer:212 | Embedded 12609866 prompts in 21480.6879 seconds.
2026-01-07 05:49:26 | INFO     | fedaugment.embeddings.pipeline_composer:218 | Post-processing embeddings for pipeline gtr_t5-dj_adpt...
2026-01-07 05:49:57 | INFO     | fedaugment.embeddings.pipeline_composer:221 | Post-processed embeddings in 31.0390 seconds.
2026-01-07 05:50:24 | INFO     | fedaugment.embeddings.pipeline_composer:234 | Created new NPY file: data/embeddings/webtable/split/train/gtr_t5-dj_adpt.fa/embeddings.npy
2026-01-07 05:50:24 | INFO     | fedaugment.embeddings.pipeline_composer:203 | Embedding prompts with pipeline gte_base-dj_adpt (batch 1/1)...
2026-01-07 12:00:46 | INFO     | fedaugment.embeddings.pipeline_composer:212 | Embedded 12609866 prompts in 22222.1853 seconds.
2026-01-07 12:00:46 | INFO     | fedaugment.embeddings.pipeline_composer:218 | Post-processing embeddings for pipeline gte_base-dj_adpt...
2026-01-07 12:01:16 | INFO     | fedaugment.embeddings.pipeline_composer:221 | Post-processed embeddings in 29.5078 seconds.
2026-01-07 12:01:44 | INFO     | fedaugment.embeddings.pipeline_composer:234 | Created new NPY file: data/embeddings/webtable/split/train/gte_base-dj_adpt.fa/embeddings.npy
2026-01-07 12:01:46 | SUCCESS  | fedaugment.embeddings.pipeline_composer:99 | Embedded 75659196 prompts across 6 pipelines based on 2360354 datasets in 93629.4736 seconds.
