2025-12-25 10:35:02 | DEBUG    | fedaugment.utils.misc:106 | Experiment setup complete (redirected 530 loggers)
2025-12-25 10:35:02 | DEBUG    | fedaugment.utils.misc:109 | Set PYTORCH_ALLOC_CONF to 'expandable_segments:True'
2025-12-25 10:35:02 | INFO     | __main__:15 | Initializing models...
2025-12-25 10:35:05 | DEBUG    | fedaugment.embeddings.models.sentence_transformer_model:56 | Compiling model...
2025-12-25 10:35:08 | DEBUG    | fedaugment.embeddings.models.sentence_transformer_model:58 | sentence-transformers/all-MiniLM-L6-v2 model compiled.
2025-12-25 10:35:10 | DEBUG    | fedaugment.embeddings.models.sentence_transformer_model:56 | Compiling model...
2025-12-25 10:35:10 | DEBUG    | fedaugment.embeddings.models.sentence_transformer_model:58 | sentence-transformers/all-MiniLM-L12-v2 model compiled.
2025-12-25 10:35:12 | DEBUG    | fedaugment.embeddings.models.sentence_transformer_model:56 | Compiling model...
2025-12-25 10:35:12 | DEBUG    | fedaugment.embeddings.models.sentence_transformer_model:58 | sentence-transformers/all-mpnet-base-v2 model compiled.
2025-12-25 10:35:15 | DEBUG    | fedaugment.embeddings.models.sentence_transformer_model:56 | Compiling model...
2025-12-25 10:35:15 | DEBUG    | fedaugment.embeddings.models.sentence_transformer_model:58 | sentence-transformers/all-distilroberta-v1 model compiled.
2025-12-25 10:35:20 | DEBUG    | fedaugment.embeddings.models.sentence_transformer_model:56 | Compiling model...
2025-12-25 10:35:20 | DEBUG    | fedaugment.embeddings.models.sentence_transformer_model:58 | sentence-transformers/gtr-t5-base model compiled.
2025-12-25 10:35:23 | DEBUG    | fedaugment.embeddings.models.sentence_transformer_model:56 | Compiling model...
2025-12-25 10:35:23 | DEBUG    | fedaugment.embeddings.models.sentence_transformer_model:58 | thenlper/gte-base model compiled.
2025-12-25 10:35:23 | INFO     | __main__:50 | Creating prompt strategies...
2025-12-25 10:35:23 | INFO     | __main__:56 | Creating pipeline composer...
2025-12-25 10:35:23 | INFO     | __main__:103 | Registering datasets from data/datasets/webtable-005/fft_cos-mpnet-dj_adpt-k=63049...
2025-12-25 10:35:23 | INFO     | fedaugment.dataset_loader:51 | Initializing dataset loader with datasets from data/datasets/webtable-005/fft_cos-mpnet-dj_adpt-k=63049...
2025-12-25 10:35:24 | SUCCESS  | fedaugment.dataset_loader:64 | Discovered 54462 file paths for lazy loading in 0.9693 seconds.
2025-12-25 10:35:24 | INFO     | __main__:107 | Starting embedding generation...
2025-12-25 10:35:24 | INFO     | fedaugment.embeddings.pipeline_composer:82 | Embedding 54462 datasets in 1 batch(es) of up to 54462 datasets each.
2025-12-25 10:35:24 | INFO     | fedaugment.dataset_loader:74 | Loading datasets...
2025-12-25 10:36:02 | INFO     | fedaugment.embeddings.pipeline_composer:91 | Processing batch 1/1...
2025-12-25 10:36:02 | INFO     | fedaugment.embeddings.pipeline_composer:178 | Generating prompts with strategy dj_adpt...
2025-12-25 10:36:27 | INFO     | fedaugment.embeddings.pipeline_composer:283 | Generated 63049 prompts in 24.9875 seconds.
2025-12-25 10:36:27 | DEBUG    | fedaugment.embeddings.pipeline_composer:284 | Available memory: 492.74 GB (memory usage: 2.1%)
2025-12-25 10:36:27 | INFO     | fedaugment.embeddings.pipeline_composer:203 | Embedding prompts with pipeline mini_l6-dj_adpt (batch 1/1)...
2025-12-25 10:37:10 | INFO     | fedaugment.embeddings.pipeline_composer:212 | Embedded 63049 prompts in 42.8308 seconds.
2025-12-25 10:37:10 | INFO     | fedaugment.embeddings.pipeline_composer:218 | Post-processing embeddings for pipeline mini_l6-dj_adpt...
2025-12-25 10:37:10 | INFO     | fedaugment.embeddings.pipeline_composer:221 | Post-processed embeddings in 0.0658 seconds.
2025-12-25 10:37:10 | WARNING  | fedaugment.utils.misc:102 | UserWarning: Custom dtypes are saved as python objects using the pickle protocol. Loading this file requires allow_pickle=True to be set. (/home/lennart-ldap/projects/fedaugment/.venv/lib/python3.13/site-packages/numpy/lib/_format_impl.py:393)
2025-12-25 10:37:10 | INFO     | fedaugment.embeddings.pipeline_composer:234 | Created new NPY file: data/embeddings/webtable-005/fft_cos-mpnet-dj_adpt-k=63049/mini_l6-dj_adpt.fa/embeddings.npy
2025-12-25 10:37:10 | INFO     | fedaugment.embeddings.pipeline_composer:203 | Embedding prompts with pipeline mini_l12-dj_adpt (batch 1/1)...
2025-12-25 10:37:48 | INFO     | fedaugment.embeddings.pipeline_composer:212 | Embedded 63049 prompts in 37.9498 seconds.
2025-12-25 10:37:48 | INFO     | fedaugment.embeddings.pipeline_composer:218 | Post-processing embeddings for pipeline mini_l12-dj_adpt...
2025-12-25 10:37:48 | INFO     | fedaugment.embeddings.pipeline_composer:221 | Post-processed embeddings in 0.0637 seconds.
2025-12-25 10:37:48 | INFO     | fedaugment.embeddings.pipeline_composer:234 | Created new NPY file: data/embeddings/webtable-005/fft_cos-mpnet-dj_adpt-k=63049/mini_l12-dj_adpt.fa/embeddings.npy
2025-12-25 10:37:48 | INFO     | fedaugment.embeddings.pipeline_composer:203 | Embedding prompts with pipeline mpnet-dj_adpt (batch 1/1)...
2025-12-25 10:41:51 | INFO     | fedaugment.embeddings.pipeline_composer:212 | Embedded 63049 prompts in 242.8654 seconds.
2025-12-25 10:41:51 | INFO     | fedaugment.embeddings.pipeline_composer:218 | Post-processing embeddings for pipeline mpnet-dj_adpt...
2025-12-25 10:41:51 | INFO     | fedaugment.embeddings.pipeline_composer:221 | Post-processed embeddings in 0.0982 seconds.
2025-12-25 10:41:51 | INFO     | fedaugment.embeddings.pipeline_composer:234 | Created new NPY file: data/embeddings/webtable-005/fft_cos-mpnet-dj_adpt-k=63049/mpnet-dj_adpt.fa/embeddings.npy
2025-12-25 10:41:51 | INFO     | fedaugment.embeddings.pipeline_composer:203 | Embedding prompts with pipeline distilroberta-dj_adpt (batch 1/1)...
2025-12-25 10:44:35 | INFO     | fedaugment.embeddings.pipeline_composer:212 | Embedded 63049 prompts in 164.0693 seconds.
2025-12-25 10:44:35 | INFO     | fedaugment.embeddings.pipeline_composer:218 | Post-processing embeddings for pipeline distilroberta-dj_adpt...
2025-12-25 10:44:35 | INFO     | fedaugment.embeddings.pipeline_composer:221 | Post-processed embeddings in 0.1500 seconds.
2025-12-25 10:44:35 | INFO     | fedaugment.embeddings.pipeline_composer:234 | Created new NPY file: data/embeddings/webtable-005/fft_cos-mpnet-dj_adpt-k=63049/distilroberta-dj_adpt.fa/embeddings.npy
2025-12-25 10:44:35 | INFO     | fedaugment.embeddings.pipeline_composer:203 | Embedding prompts with pipeline gtr_t5-dj_adpt (batch 1/1)...
2025-12-25 10:49:37 | INFO     | fedaugment.embeddings.pipeline_composer:212 | Embedded 63049 prompts in 302.1278 seconds.
2025-12-25 10:49:37 | INFO     | fedaugment.embeddings.pipeline_composer:218 | Post-processing embeddings for pipeline gtr_t5-dj_adpt...
2025-12-25 10:49:38 | INFO     | fedaugment.embeddings.pipeline_composer:221 | Post-processed embeddings in 0.0981 seconds.
2025-12-25 10:49:38 | INFO     | fedaugment.embeddings.pipeline_composer:234 | Created new NPY file: data/embeddings/webtable-005/fft_cos-mpnet-dj_adpt-k=63049/gtr_t5-dj_adpt.fa/embeddings.npy
2025-12-25 10:49:38 | INFO     | fedaugment.embeddings.pipeline_composer:203 | Embedding prompts with pipeline gte_base-dj_adpt (batch 1/1)...
2025-12-25 10:54:03 | INFO     | fedaugment.embeddings.pipeline_composer:212 | Embedded 63049 prompts in 265.7158 seconds.
2025-12-25 10:54:03 | INFO     | fedaugment.embeddings.pipeline_composer:218 | Post-processing embeddings for pipeline gte_base-dj_adpt...
2025-12-25 10:54:04 | INFO     | fedaugment.embeddings.pipeline_composer:221 | Post-processed embeddings in 0.1607 seconds.
2025-12-25 10:54:04 | INFO     | fedaugment.embeddings.pipeline_composer:234 | Created new NPY file: data/embeddings/webtable-005/fft_cos-mpnet-dj_adpt-k=63049/gte_base-dj_adpt.fa/embeddings.npy
2025-12-25 10:54:04 | SUCCESS  | fedaugment.embeddings.pipeline_composer:99 | Embedded 378294 prompts across 6 pipelines based on 54462 datasets in 1119.9750 seconds.
2025-12-25 10:54:04 | INFO     | __main__:103 | Registering datasets from data/datasets/webtable-005/fft_cos-mpnet-dj_adpt-k=63049-pca=0.9...
2025-12-25 10:54:04 | INFO     | fedaugment.dataset_loader:51 | Initializing dataset loader with datasets from data/datasets/webtable-005/fft_cos-mpnet-dj_adpt-k=63049-pca=0.9...
2025-12-25 10:54:05 | SUCCESS  | fedaugment.dataset_loader:64 | Discovered 52460 file paths for lazy loading in 0.7711 seconds.
2025-12-25 10:54:05 | INFO     | __main__:107 | Starting embedding generation...
2025-12-25 10:54:05 | INFO     | fedaugment.embeddings.pipeline_composer:82 | Embedding 52460 datasets in 1 batch(es) of up to 52460 datasets each.
2025-12-25 10:54:05 | INFO     | fedaugment.dataset_loader:74 | Loading datasets...
2025-12-25 10:54:37 | INFO     | fedaugment.embeddings.pipeline_composer:91 | Processing batch 1/1...
2025-12-25 10:54:37 | INFO     | fedaugment.embeddings.pipeline_composer:178 | Generating prompts with strategy dj_adpt...
2025-12-25 10:55:00 | INFO     | fedaugment.embeddings.pipeline_composer:283 | Generated 63049 prompts in 22.8966 seconds.
2025-12-25 10:55:00 | DEBUG    | fedaugment.embeddings.pipeline_composer:284 | Available memory: 490.37 GB (memory usage: 2.6%)
2025-12-25 10:55:00 | INFO     | fedaugment.embeddings.pipeline_composer:203 | Embedding prompts with pipeline mini_l6-dj_adpt (batch 1/1)...
2025-12-25 10:55:25 | INFO     | fedaugment.embeddings.pipeline_composer:212 | Embedded 63049 prompts in 24.5540 seconds.
2025-12-25 10:55:25 | INFO     | fedaugment.embeddings.pipeline_composer:218 | Post-processing embeddings for pipeline mini_l6-dj_adpt...
2025-12-25 10:55:25 | INFO     | fedaugment.embeddings.pipeline_composer:221 | Post-processed embeddings in 0.1035 seconds.
2025-12-25 10:55:25 | INFO     | fedaugment.embeddings.pipeline_composer:234 | Created new NPY file: data/embeddings/webtable-005/fft_cos-mpnet-dj_adpt-k=63049-pca=0.9/mini_l6-dj_adpt.fa/embeddings.npy
2025-12-25 10:55:25 | INFO     | fedaugment.embeddings.pipeline_composer:203 | Embedding prompts with pipeline mini_l12-dj_adpt (batch 1/1)...
2025-12-25 10:55:53 | INFO     | fedaugment.embeddings.pipeline_composer:212 | Embedded 63049 prompts in 27.9717 seconds.
2025-12-25 10:55:53 | INFO     | fedaugment.embeddings.pipeline_composer:218 | Post-processing embeddings for pipeline mini_l12-dj_adpt...
2025-12-25 10:55:53 | INFO     | fedaugment.embeddings.pipeline_composer:221 | Post-processed embeddings in 0.1024 seconds.
2025-12-25 10:55:53 | INFO     | fedaugment.embeddings.pipeline_composer:234 | Created new NPY file: data/embeddings/webtable-005/fft_cos-mpnet-dj_adpt-k=63049-pca=0.9/mini_l12-dj_adpt.fa/embeddings.npy
2025-12-25 10:55:53 | INFO     | fedaugment.embeddings.pipeline_composer:203 | Embedding prompts with pipeline mpnet-dj_adpt (batch 1/1)...
2025-12-25 10:57:55 | INFO     | fedaugment.embeddings.pipeline_composer:212 | Embedded 63049 prompts in 121.9620 seconds.
2025-12-25 10:57:55 | INFO     | fedaugment.embeddings.pipeline_composer:218 | Post-processing embeddings for pipeline mpnet-dj_adpt...
2025-12-25 10:57:55 | INFO     | fedaugment.embeddings.pipeline_composer:221 | Post-processed embeddings in 0.1465 seconds.
2025-12-25 10:57:56 | INFO     | fedaugment.embeddings.pipeline_composer:234 | Created new NPY file: data/embeddings/webtable-005/fft_cos-mpnet-dj_adpt-k=63049-pca=0.9/mpnet-dj_adpt.fa/embeddings.npy
2025-12-25 10:57:56 | INFO     | fedaugment.embeddings.pipeline_composer:203 | Embedding prompts with pipeline distilroberta-dj_adpt (batch 1/1)...
2025-12-25 10:59:22 | INFO     | fedaugment.embeddings.pipeline_composer:212 | Embedded 63049 prompts in 86.4417 seconds.
2025-12-25 10:59:22 | INFO     | fedaugment.embeddings.pipeline_composer:218 | Post-processing embeddings for pipeline distilroberta-dj_adpt...
2025-12-25 10:59:22 | INFO     | fedaugment.embeddings.pipeline_composer:221 | Post-processed embeddings in 0.0997 seconds.
2025-12-25 10:59:22 | INFO     | fedaugment.embeddings.pipeline_composer:234 | Created new NPY file: data/embeddings/webtable-005/fft_cos-mpnet-dj_adpt-k=63049-pca=0.9/distilroberta-dj_adpt.fa/embeddings.npy
2025-12-25 10:59:22 | INFO     | fedaugment.embeddings.pipeline_composer:203 | Embedding prompts with pipeline gtr_t5-dj_adpt (batch 1/1)...
2025-12-25 11:01:35 | INFO     | fedaugment.embeddings.pipeline_composer:212 | Embedded 63049 prompts in 132.5975 seconds.
2025-12-25 11:01:35 | INFO     | fedaugment.embeddings.pipeline_composer:218 | Post-processing embeddings for pipeline gtr_t5-dj_adpt...
2025-12-25 11:01:35 | INFO     | fedaugment.embeddings.pipeline_composer:221 | Post-processed embeddings in 0.1629 seconds.
2025-12-25 11:01:35 | INFO     | fedaugment.embeddings.pipeline_composer:234 | Created new NPY file: data/embeddings/webtable-005/fft_cos-mpnet-dj_adpt-k=63049-pca=0.9/gtr_t5-dj_adpt.fa/embeddings.npy
2025-12-25 11:01:35 | INFO     | fedaugment.embeddings.pipeline_composer:203 | Embedding prompts with pipeline gte_base-dj_adpt (batch 1/1)...
2025-12-25 11:03:38 | INFO     | fedaugment.embeddings.pipeline_composer:212 | Embedded 63049 prompts in 122.9921 seconds.
2025-12-25 11:03:38 | INFO     | fedaugment.embeddings.pipeline_composer:218 | Post-processing embeddings for pipeline gte_base-dj_adpt...
2025-12-25 11:03:38 | INFO     | fedaugment.embeddings.pipeline_composer:221 | Post-processed embeddings in 0.0936 seconds.
2025-12-25 11:03:38 | INFO     | fedaugment.embeddings.pipeline_composer:234 | Created new NPY file: data/embeddings/webtable-005/fft_cos-mpnet-dj_adpt-k=63049-pca=0.9/gte_base-dj_adpt.fa/embeddings.npy
2025-12-25 11:03:38 | SUCCESS  | fedaugment.embeddings.pipeline_composer:99 | Embedded 378294 prompts across 6 pipelines based on 52460 datasets in 573.3673 seconds.
2025-12-25 11:03:39 | INFO     | __main__:103 | Registering datasets from data/datasets/webtable-005/fft_euc-mpnet-dj_adpt-k=63049...
2025-12-25 11:03:39 | INFO     | fedaugment.dataset_loader:51 | Initializing dataset loader with datasets from data/datasets/webtable-005/fft_euc-mpnet-dj_adpt-k=63049...
2025-12-25 11:03:39 | SUCCESS  | fedaugment.dataset_loader:64 | Discovered 54539 file paths for lazy loading in 0.6527 seconds.
2025-12-25 11:03:39 | INFO     | __main__:107 | Starting embedding generation...
2025-12-25 11:03:39 | INFO     | fedaugment.embeddings.pipeline_composer:82 | Embedding 54539 datasets in 1 batch(es) of up to 54539 datasets each.
2025-12-25 11:03:39 | INFO     | fedaugment.dataset_loader:74 | Loading datasets...
2025-12-25 11:04:13 | INFO     | fedaugment.embeddings.pipeline_composer:91 | Processing batch 1/1...
2025-12-25 11:04:13 | INFO     | fedaugment.embeddings.pipeline_composer:178 | Generating prompts with strategy dj_adpt...
2025-12-25 11:04:38 | INFO     | fedaugment.embeddings.pipeline_composer:283 | Generated 63049 prompts in 24.1268 seconds.
2025-12-25 11:04:38 | DEBUG    | fedaugment.embeddings.pipeline_composer:284 | Available memory: 490.28 GB (memory usage: 2.6%)
2025-12-25 11:04:38 | INFO     | fedaugment.embeddings.pipeline_composer:203 | Embedding prompts with pipeline mini_l6-dj_adpt (batch 1/1)...
2025-12-25 11:05:19 | INFO     | fedaugment.embeddings.pipeline_composer:212 | Embedded 63049 prompts in 41.6737 seconds.
2025-12-25 11:05:19 | INFO     | fedaugment.embeddings.pipeline_composer:218 | Post-processing embeddings for pipeline mini_l6-dj_adpt...
2025-12-25 11:05:19 | INFO     | fedaugment.embeddings.pipeline_composer:221 | Post-processed embeddings in 0.0631 seconds.
2025-12-25 11:05:19 | INFO     | fedaugment.embeddings.pipeline_composer:234 | Created new NPY file: data/embeddings/webtable-005/fft_euc-mpnet-dj_adpt-k=63049/mini_l6-dj_adpt.fa/embeddings.npy
2025-12-25 11:05:19 | INFO     | fedaugment.embeddings.pipeline_composer:203 | Embedding prompts with pipeline mini_l12-dj_adpt (batch 1/1)...
2025-12-25 11:05:58 | INFO     | fedaugment.embeddings.pipeline_composer:212 | Embedded 63049 prompts in 38.5887 seconds.
2025-12-25 11:05:58 | INFO     | fedaugment.embeddings.pipeline_composer:218 | Post-processing embeddings for pipeline mini_l12-dj_adpt...
2025-12-25 11:05:58 | INFO     | fedaugment.embeddings.pipeline_composer:221 | Post-processed embeddings in 0.0639 seconds.
2025-12-25 11:05:58 | INFO     | fedaugment.embeddings.pipeline_composer:234 | Created new NPY file: data/embeddings/webtable-005/fft_euc-mpnet-dj_adpt-k=63049/mini_l12-dj_adpt.fa/embeddings.npy
2025-12-25 11:05:58 | INFO     | fedaugment.embeddings.pipeline_composer:203 | Embedding prompts with pipeline mpnet-dj_adpt (batch 1/1)...
2025-12-25 11:10:01 | INFO     | fedaugment.embeddings.pipeline_composer:212 | Embedded 63049 prompts in 243.3030 seconds.
2025-12-25 11:10:01 | INFO     | fedaugment.embeddings.pipeline_composer:218 | Post-processing embeddings for pipeline mpnet-dj_adpt...
2025-12-25 11:10:02 | INFO     | fedaugment.embeddings.pipeline_composer:221 | Post-processed embeddings in 0.1650 seconds.
2025-12-25 11:10:02 | INFO     | fedaugment.embeddings.pipeline_composer:234 | Created new NPY file: data/embeddings/webtable-005/fft_euc-mpnet-dj_adpt-k=63049/mpnet-dj_adpt.fa/embeddings.npy
2025-12-25 11:10:02 | INFO     | fedaugment.embeddings.pipeline_composer:203 | Embedding prompts with pipeline distilroberta-dj_adpt (batch 1/1)...
2025-12-25 11:12:43 | INFO     | fedaugment.embeddings.pipeline_composer:212 | Embedded 63049 prompts in 161.6732 seconds.
2025-12-25 11:12:43 | INFO     | fedaugment.embeddings.pipeline_composer:218 | Post-processing embeddings for pipeline distilroberta-dj_adpt...
2025-12-25 11:12:44 | INFO     | fedaugment.embeddings.pipeline_composer:221 | Post-processed embeddings in 0.1685 seconds.
2025-12-25 11:12:44 | INFO     | fedaugment.embeddings.pipeline_composer:234 | Created new NPY file: data/embeddings/webtable-005/fft_euc-mpnet-dj_adpt-k=63049/distilroberta-dj_adpt.fa/embeddings.npy
2025-12-25 11:12:44 | INFO     | fedaugment.embeddings.pipeline_composer:203 | Embedding prompts with pipeline gtr_t5-dj_adpt (batch 1/1)...
2025-12-25 11:17:45 | INFO     | fedaugment.embeddings.pipeline_composer:212 | Embedded 63049 prompts in 301.0714 seconds.
2025-12-25 11:17:45 | INFO     | fedaugment.embeddings.pipeline_composer:218 | Post-processing embeddings for pipeline gtr_t5-dj_adpt...
2025-12-25 11:17:45 | INFO     | fedaugment.embeddings.pipeline_composer:221 | Post-processed embeddings in 0.1529 seconds.
2025-12-25 11:17:45 | INFO     | fedaugment.embeddings.pipeline_composer:234 | Created new NPY file: data/embeddings/webtable-005/fft_euc-mpnet-dj_adpt-k=63049/gtr_t5-dj_adpt.fa/embeddings.npy
2025-12-25 11:17:45 | INFO     | fedaugment.embeddings.pipeline_composer:203 | Embedding prompts with pipeline gte_base-dj_adpt (batch 1/1)...
2025-12-25 11:22:10 | INFO     | fedaugment.embeddings.pipeline_composer:212 | Embedded 63049 prompts in 265.0482 seconds.
2025-12-25 11:22:10 | INFO     | fedaugment.embeddings.pipeline_composer:218 | Post-processing embeddings for pipeline gte_base-dj_adpt...
2025-12-25 11:22:10 | INFO     | fedaugment.embeddings.pipeline_composer:221 | Post-processed embeddings in 0.1663 seconds.
2025-12-25 11:22:11 | INFO     | fedaugment.embeddings.pipeline_composer:234 | Created new NPY file: data/embeddings/webtable-005/fft_euc-mpnet-dj_adpt-k=63049/gte_base-dj_adpt.fa/embeddings.npy
2025-12-25 11:22:11 | SUCCESS  | fedaugment.embeddings.pipeline_composer:99 | Embedded 378294 prompts across 6 pipelines based on 54539 datasets in 1111.2576 seconds.
2025-12-25 11:22:11 | INFO     | __main__:103 | Registering datasets from data/datasets/webtable-005/fft_euc-mpnet-dj_adpt-k=63049-pca=0.9...
2025-12-25 11:22:11 | INFO     | fedaugment.dataset_loader:51 | Initializing dataset loader with datasets from data/datasets/webtable-005/fft_euc-mpnet-dj_adpt-k=63049-pca=0.9...
2025-12-25 11:22:12 | SUCCESS  | fedaugment.dataset_loader:64 | Discovered 54623 file paths for lazy loading in 1.2230 seconds.
2025-12-25 11:22:12 | INFO     | __main__:107 | Starting embedding generation...
2025-12-25 11:22:12 | INFO     | fedaugment.embeddings.pipeline_composer:82 | Embedding 54623 datasets in 1 batch(es) of up to 54623 datasets each.
2025-12-25 11:22:12 | INFO     | fedaugment.dataset_loader:74 | Loading datasets...
2025-12-25 11:22:47 | INFO     | fedaugment.embeddings.pipeline_composer:91 | Processing batch 1/1...
2025-12-25 11:22:47 | INFO     | fedaugment.embeddings.pipeline_composer:178 | Generating prompts with strategy dj_adpt...
2025-12-25 11:23:12 | INFO     | fedaugment.embeddings.pipeline_composer:283 | Generated 63049 prompts in 24.6038 seconds.
2025-12-25 11:23:12 | DEBUG    | fedaugment.embeddings.pipeline_composer:284 | Available memory: 489.82 GB (memory usage: 2.7%)
2025-12-25 11:23:12 | INFO     | fedaugment.embeddings.pipeline_composer:203 | Embedding prompts with pipeline mini_l6-dj_adpt (batch 1/1)...
2025-12-25 11:23:51 | INFO     | fedaugment.embeddings.pipeline_composer:212 | Embedded 63049 prompts in 38.8100 seconds.
2025-12-25 11:23:51 | INFO     | fedaugment.embeddings.pipeline_composer:218 | Post-processing embeddings for pipeline mini_l6-dj_adpt...
2025-12-25 11:23:51 | INFO     | fedaugment.embeddings.pipeline_composer:221 | Post-processed embeddings in 0.0641 seconds.
2025-12-25 11:23:51 | INFO     | fedaugment.embeddings.pipeline_composer:234 | Created new NPY file: data/embeddings/webtable-005/fft_euc-mpnet-dj_adpt-k=63049-pca=0.9/mini_l6-dj_adpt.fa/embeddings.npy
2025-12-25 11:23:51 | INFO     | fedaugment.embeddings.pipeline_composer:203 | Embedding prompts with pipeline mini_l12-dj_adpt (batch 1/1)...
2025-12-25 11:24:28 | INFO     | fedaugment.embeddings.pipeline_composer:212 | Embedded 63049 prompts in 37.1162 seconds.
2025-12-25 11:24:28 | INFO     | fedaugment.embeddings.pipeline_composer:218 | Post-processing embeddings for pipeline mini_l12-dj_adpt...
2025-12-25 11:24:28 | INFO     | fedaugment.embeddings.pipeline_composer:221 | Post-processed embeddings in 0.1062 seconds.
2025-12-25 11:24:28 | INFO     | fedaugment.embeddings.pipeline_composer:234 | Created new NPY file: data/embeddings/webtable-005/fft_euc-mpnet-dj_adpt-k=63049-pca=0.9/mini_l12-dj_adpt.fa/embeddings.npy
2025-12-25 11:24:28 | INFO     | fedaugment.embeddings.pipeline_composer:203 | Embedding prompts with pipeline mpnet-dj_adpt (batch 1/1)...
2025-12-25 11:28:15 | INFO     | fedaugment.embeddings.pipeline_composer:212 | Embedded 63049 prompts in 226.8377 seconds.
2025-12-25 11:28:15 | INFO     | fedaugment.embeddings.pipeline_composer:218 | Post-processing embeddings for pipeline mpnet-dj_adpt...
2025-12-25 11:28:15 | INFO     | fedaugment.embeddings.pipeline_composer:221 | Post-processed embeddings in 0.1145 seconds.
2025-12-25 11:28:15 | INFO     | fedaugment.embeddings.pipeline_composer:234 | Created new NPY file: data/embeddings/webtable-005/fft_euc-mpnet-dj_adpt-k=63049-pca=0.9/mpnet-dj_adpt.fa/embeddings.npy
2025-12-25 11:28:15 | INFO     | fedaugment.embeddings.pipeline_composer:203 | Embedding prompts with pipeline distilroberta-dj_adpt (batch 1/1)...
2025-12-25 11:30:46 | INFO     | fedaugment.embeddings.pipeline_composer:212 | Embedded 63049 prompts in 150.8778 seconds.
2025-12-25 11:30:46 | INFO     | fedaugment.embeddings.pipeline_composer:218 | Post-processing embeddings for pipeline distilroberta-dj_adpt...
2025-12-25 11:30:46 | INFO     | fedaugment.embeddings.pipeline_composer:221 | Post-processed embeddings in 0.1045 seconds.
2025-12-25 11:30:46 | INFO     | fedaugment.embeddings.pipeline_composer:234 | Created new NPY file: data/embeddings/webtable-005/fft_euc-mpnet-dj_adpt-k=63049-pca=0.9/distilroberta-dj_adpt.fa/embeddings.npy
2025-12-25 11:30:46 | INFO     | fedaugment.embeddings.pipeline_composer:203 | Embedding prompts with pipeline gtr_t5-dj_adpt (batch 1/1)...
2025-12-25 11:35:24 | INFO     | fedaugment.embeddings.pipeline_composer:212 | Embedded 63049 prompts in 277.7789 seconds.
2025-12-25 11:35:24 | INFO     | fedaugment.embeddings.pipeline_composer:218 | Post-processing embeddings for pipeline gtr_t5-dj_adpt...
2025-12-25 11:35:24 | INFO     | fedaugment.embeddings.pipeline_composer:221 | Post-processed embeddings in 0.1001 seconds.
2025-12-25 11:35:24 | INFO     | fedaugment.embeddings.pipeline_composer:234 | Created new NPY file: data/embeddings/webtable-005/fft_euc-mpnet-dj_adpt-k=63049-pca=0.9/gtr_t5-dj_adpt.fa/embeddings.npy
2025-12-25 11:35:24 | INFO     | fedaugment.embeddings.pipeline_composer:203 | Embedding prompts with pipeline gte_base-dj_adpt (batch 1/1)...
2025-12-25 11:39:34 | INFO     | fedaugment.embeddings.pipeline_composer:212 | Embedded 63049 prompts in 249.5295 seconds.
2025-12-25 11:39:34 | INFO     | fedaugment.embeddings.pipeline_composer:218 | Post-processing embeddings for pipeline gte_base-dj_adpt...
2025-12-25 11:39:34 | INFO     | fedaugment.embeddings.pipeline_composer:221 | Post-processed embeddings in 0.1532 seconds.
2025-12-25 11:39:34 | INFO     | fedaugment.embeddings.pipeline_composer:234 | Created new NPY file: data/embeddings/webtable-005/fft_euc-mpnet-dj_adpt-k=63049-pca=0.9/gte_base-dj_adpt.fa/embeddings.npy
2025-12-25 11:39:34 | SUCCESS  | fedaugment.embeddings.pipeline_composer:99 | Embedded 378294 prompts across 6 pipelines based on 54623 datasets in 1041.7797 seconds.
2025-12-25 11:39:35 | INFO     | __main__:103 | Registering datasets from data/datasets/webtable-005/grid-mpnet-dj_adpt-k=63049...
2025-12-25 11:39:35 | INFO     | fedaugment.dataset_loader:51 | Initializing dataset loader with datasets from data/datasets/webtable-005/grid-mpnet-dj_adpt-k=63049...
2025-12-25 11:39:36 | SUCCESS  | fedaugment.dataset_loader:64 | Discovered 61414 file paths for lazy loading in 1.2176 seconds.
2025-12-25 11:39:36 | INFO     | __main__:107 | Starting embedding generation...
2025-12-25 11:39:36 | INFO     | fedaugment.embeddings.pipeline_composer:82 | Embedding 61414 datasets in 1 batch(es) of up to 61414 datasets each.
2025-12-25 11:39:36 | INFO     | fedaugment.dataset_loader:74 | Loading datasets...
2025-12-25 11:40:12 | INFO     | fedaugment.embeddings.pipeline_composer:91 | Processing batch 1/1...
2025-12-25 11:40:12 | INFO     | fedaugment.embeddings.pipeline_composer:178 | Generating prompts with strategy dj_adpt...
2025-12-25 11:40:37 | INFO     | fedaugment.embeddings.pipeline_composer:283 | Generated 63049 prompts in 24.5619 seconds.
2025-12-25 11:40:37 | DEBUG    | fedaugment.embeddings.pipeline_composer:284 | Available memory: 489.70 GB (memory usage: 2.7%)
2025-12-25 11:40:37 | INFO     | fedaugment.embeddings.pipeline_composer:203 | Embedding prompts with pipeline mini_l6-dj_adpt (batch 1/1)...
2025-12-25 11:41:03 | INFO     | fedaugment.embeddings.pipeline_composer:212 | Embedded 63049 prompts in 26.2282 seconds.
2025-12-25 11:41:03 | INFO     | fedaugment.embeddings.pipeline_composer:218 | Post-processing embeddings for pipeline mini_l6-dj_adpt...
2025-12-25 11:41:03 | INFO     | fedaugment.embeddings.pipeline_composer:221 | Post-processed embeddings in 0.1013 seconds.
2025-12-25 11:41:03 | INFO     | fedaugment.embeddings.pipeline_composer:234 | Created new NPY file: data/embeddings/webtable-005/grid-mpnet-dj_adpt-k=63049/mini_l6-dj_adpt.fa/embeddings.npy
2025-12-25 11:41:03 | INFO     | fedaugment.embeddings.pipeline_composer:203 | Embedding prompts with pipeline mini_l12-dj_adpt (batch 1/1)...
2025-12-25 11:41:32 | INFO     | fedaugment.embeddings.pipeline_composer:212 | Embedded 63049 prompts in 28.9548 seconds.
2025-12-25 11:41:32 | INFO     | fedaugment.embeddings.pipeline_composer:218 | Post-processing embeddings for pipeline mini_l12-dj_adpt...
2025-12-25 11:41:32 | INFO     | fedaugment.embeddings.pipeline_composer:221 | Post-processed embeddings in 0.0639 seconds.
2025-12-25 11:41:32 | INFO     | fedaugment.embeddings.pipeline_composer:234 | Created new NPY file: data/embeddings/webtable-005/grid-mpnet-dj_adpt-k=63049/mini_l12-dj_adpt.fa/embeddings.npy
2025-12-25 11:41:32 | INFO     | fedaugment.embeddings.pipeline_composer:203 | Embedding prompts with pipeline mpnet-dj_adpt (batch 1/1)...
2025-12-25 11:43:40 | INFO     | fedaugment.embeddings.pipeline_composer:212 | Embedded 63049 prompts in 127.6175 seconds.
2025-12-25 11:43:40 | INFO     | fedaugment.embeddings.pipeline_composer:218 | Post-processing embeddings for pipeline mpnet-dj_adpt...
2025-12-25 11:43:40 | INFO     | fedaugment.embeddings.pipeline_composer:221 | Post-processed embeddings in 0.1298 seconds.
2025-12-25 11:43:40 | INFO     | fedaugment.embeddings.pipeline_composer:234 | Created new NPY file: data/embeddings/webtable-005/grid-mpnet-dj_adpt-k=63049/mpnet-dj_adpt.fa/embeddings.npy
2025-12-25 11:43:40 | INFO     | fedaugment.embeddings.pipeline_composer:203 | Embedding prompts with pipeline distilroberta-dj_adpt (batch 1/1)...
2025-12-25 11:45:02 | INFO     | fedaugment.embeddings.pipeline_composer:212 | Embedded 63049 prompts in 81.6087 seconds.
2025-12-25 11:45:02 | INFO     | fedaugment.embeddings.pipeline_composer:218 | Post-processing embeddings for pipeline distilroberta-dj_adpt...
2025-12-25 11:45:02 | INFO     | fedaugment.embeddings.pipeline_composer:221 | Post-processed embeddings in 0.1719 seconds.
2025-12-25 11:45:02 | INFO     | fedaugment.embeddings.pipeline_composer:234 | Created new NPY file: data/embeddings/webtable-005/grid-mpnet-dj_adpt-k=63049/distilroberta-dj_adpt.fa/embeddings.npy
2025-12-25 11:45:02 | INFO     | fedaugment.embeddings.pipeline_composer:203 | Embedding prompts with pipeline gtr_t5-dj_adpt (batch 1/1)...
2025-12-25 11:47:17 | INFO     | fedaugment.embeddings.pipeline_composer:212 | Embedded 63049 prompts in 135.1951 seconds.
2025-12-25 11:47:17 | INFO     | fedaugment.embeddings.pipeline_composer:218 | Post-processing embeddings for pipeline gtr_t5-dj_adpt...
2025-12-25 11:47:18 | INFO     | fedaugment.embeddings.pipeline_composer:221 | Post-processed embeddings in 0.0936 seconds.
2025-12-25 11:47:18 | INFO     | fedaugment.embeddings.pipeline_composer:234 | Created new NPY file: data/embeddings/webtable-005/grid-mpnet-dj_adpt-k=63049/gtr_t5-dj_adpt.fa/embeddings.npy
2025-12-25 11:47:18 | INFO     | fedaugment.embeddings.pipeline_composer:203 | Embedding prompts with pipeline gte_base-dj_adpt (batch 1/1)...
2025-12-25 11:49:28 | INFO     | fedaugment.embeddings.pipeline_composer:212 | Embedded 63049 prompts in 130.8572 seconds.
2025-12-25 11:49:28 | INFO     | fedaugment.embeddings.pipeline_composer:218 | Post-processing embeddings for pipeline gte_base-dj_adpt...
2025-12-25 11:49:29 | INFO     | fedaugment.embeddings.pipeline_composer:221 | Post-processed embeddings in 0.1716 seconds.
2025-12-25 11:49:29 | INFO     | fedaugment.embeddings.pipeline_composer:234 | Created new NPY file: data/embeddings/webtable-005/grid-mpnet-dj_adpt-k=63049/gte_base-dj_adpt.fa/embeddings.npy
2025-12-25 11:49:29 | SUCCESS  | fedaugment.embeddings.pipeline_composer:99 | Embedded 378294 prompts across 6 pipelines based on 61414 datasets in 592.9117 seconds.
2025-12-25 11:49:29 | INFO     | __main__:103 | Registering datasets from data/datasets/webtable-005/grid-mpnet-dj_adpt-k=63049-pca=0.9...
2025-12-25 11:49:29 | INFO     | fedaugment.dataset_loader:51 | Initializing dataset loader with datasets from data/datasets/webtable-005/grid-mpnet-dj_adpt-k=63049-pca=0.9...
2025-12-25 11:49:30 | SUCCESS  | fedaugment.dataset_loader:64 | Discovered 61429 file paths for lazy loading in 0.8422 seconds.
2025-12-25 11:49:30 | INFO     | __main__:107 | Starting embedding generation...
2025-12-25 11:49:30 | INFO     | fedaugment.embeddings.pipeline_composer:82 | Embedding 61429 datasets in 1 batch(es) of up to 61429 datasets each.
2025-12-25 11:49:30 | INFO     | fedaugment.dataset_loader:74 | Loading datasets...
2025-12-25 11:50:06 | INFO     | fedaugment.embeddings.pipeline_composer:91 | Processing batch 1/1...
2025-12-25 11:50:06 | INFO     | fedaugment.embeddings.pipeline_composer:178 | Generating prompts with strategy dj_adpt...
2025-12-25 11:50:30 | INFO     | fedaugment.embeddings.pipeline_composer:283 | Generated 63049 prompts in 23.8721 seconds.
2025-12-25 11:50:30 | DEBUG    | fedaugment.embeddings.pipeline_composer:284 | Available memory: 489.83 GB (memory usage: 2.7%)
2025-12-25 11:50:30 | INFO     | fedaugment.embeddings.pipeline_composer:203 | Embedding prompts with pipeline mini_l6-dj_adpt (batch 1/1)...
2025-12-25 11:50:55 | INFO     | fedaugment.embeddings.pipeline_composer:212 | Embedded 63049 prompts in 25.0740 seconds.
2025-12-25 11:50:55 | INFO     | fedaugment.embeddings.pipeline_composer:218 | Post-processing embeddings for pipeline mini_l6-dj_adpt...
2025-12-25 11:50:55 | INFO     | fedaugment.embeddings.pipeline_composer:221 | Post-processed embeddings in 0.0624 seconds.
2025-12-25 11:50:55 | INFO     | fedaugment.embeddings.pipeline_composer:234 | Created new NPY file: data/embeddings/webtable-005/grid-mpnet-dj_adpt-k=63049-pca=0.9/mini_l6-dj_adpt.fa/embeddings.npy
2025-12-25 11:50:55 | INFO     | fedaugment.embeddings.pipeline_composer:203 | Embedding prompts with pipeline mini_l12-dj_adpt (batch 1/1)...
2025-12-25 11:51:24 | INFO     | fedaugment.embeddings.pipeline_composer:212 | Embedded 63049 prompts in 28.6920 seconds.
2025-12-25 11:51:24 | INFO     | fedaugment.embeddings.pipeline_composer:218 | Post-processing embeddings for pipeline mini_l12-dj_adpt...
2025-12-25 11:51:24 | INFO     | fedaugment.embeddings.pipeline_composer:221 | Post-processed embeddings in 0.0628 seconds.
2025-12-25 11:51:24 | INFO     | fedaugment.embeddings.pipeline_composer:234 | Created new NPY file: data/embeddings/webtable-005/grid-mpnet-dj_adpt-k=63049-pca=0.9/mini_l12-dj_adpt.fa/embeddings.npy
2025-12-25 11:51:24 | INFO     | fedaugment.embeddings.pipeline_composer:203 | Embedding prompts with pipeline mpnet-dj_adpt (batch 1/1)...
2025-12-25 11:53:33 | INFO     | fedaugment.embeddings.pipeline_composer:212 | Embedded 63049 prompts in 128.9376 seconds.
2025-12-25 11:53:33 | INFO     | fedaugment.embeddings.pipeline_composer:218 | Post-processing embeddings for pipeline mpnet-dj_adpt...
2025-12-25 11:53:33 | INFO     | fedaugment.embeddings.pipeline_composer:221 | Post-processed embeddings in 0.0958 seconds.
2025-12-25 11:53:33 | INFO     | fedaugment.embeddings.pipeline_composer:234 | Created new NPY file: data/embeddings/webtable-005/grid-mpnet-dj_adpt-k=63049-pca=0.9/mpnet-dj_adpt.fa/embeddings.npy
2025-12-25 11:53:33 | INFO     | fedaugment.embeddings.pipeline_composer:203 | Embedding prompts with pipeline distilroberta-dj_adpt (batch 1/1)...
2025-12-25 11:54:57 | INFO     | fedaugment.embeddings.pipeline_composer:212 | Embedded 63049 prompts in 83.7410 seconds.
2025-12-25 11:54:57 | INFO     | fedaugment.embeddings.pipeline_composer:218 | Post-processing embeddings for pipeline distilroberta-dj_adpt...
2025-12-25 11:54:57 | INFO     | fedaugment.embeddings.pipeline_composer:221 | Post-processed embeddings in 0.1548 seconds.
2025-12-25 11:54:57 | INFO     | fedaugment.embeddings.pipeline_composer:234 | Created new NPY file: data/embeddings/webtable-005/grid-mpnet-dj_adpt-k=63049-pca=0.9/distilroberta-dj_adpt.fa/embeddings.npy
2025-12-25 11:54:57 | INFO     | fedaugment.embeddings.pipeline_composer:203 | Embedding prompts with pipeline gtr_t5-dj_adpt (batch 1/1)...
2025-12-25 11:57:12 | INFO     | fedaugment.embeddings.pipeline_composer:212 | Embedded 63049 prompts in 135.1579 seconds.
2025-12-25 11:57:12 | INFO     | fedaugment.embeddings.pipeline_composer:218 | Post-processing embeddings for pipeline gtr_t5-dj_adpt...
2025-12-25 11:57:13 | INFO     | fedaugment.embeddings.pipeline_composer:221 | Post-processed embeddings in 0.1603 seconds.
2025-12-25 11:57:13 | INFO     | fedaugment.embeddings.pipeline_composer:234 | Created new NPY file: data/embeddings/webtable-005/grid-mpnet-dj_adpt-k=63049-pca=0.9/gtr_t5-dj_adpt.fa/embeddings.npy
2025-12-25 11:57:13 | INFO     | fedaugment.embeddings.pipeline_composer:203 | Embedding prompts with pipeline gte_base-dj_adpt (batch 1/1)...
2025-12-25 11:59:26 | INFO     | fedaugment.embeddings.pipeline_composer:212 | Embedded 63049 prompts in 133.1262 seconds.
2025-12-25 11:59:26 | INFO     | fedaugment.embeddings.pipeline_composer:218 | Post-processing embeddings for pipeline gte_base-dj_adpt...
2025-12-25 11:59:26 | INFO     | fedaugment.embeddings.pipeline_composer:221 | Post-processed embeddings in 0.0922 seconds.
2025-12-25 11:59:26 | INFO     | fedaugment.embeddings.pipeline_composer:234 | Created new NPY file: data/embeddings/webtable-005/grid-mpnet-dj_adpt-k=63049-pca=0.9/gte_base-dj_adpt.fa/embeddings.npy
2025-12-25 11:59:26 | SUCCESS  | fedaugment.embeddings.pipeline_composer:99 | Embedded 378294 prompts across 6 pipelines based on 61429 datasets in 595.8749 seconds.
2025-12-25 11:59:27 | INFO     | __main__:103 | Registering datasets from data/datasets/webtable-005/random-mpnet-dj_adpt-k=63049...
2025-12-25 11:59:27 | INFO     | fedaugment.dataset_loader:51 | Initializing dataset loader with datasets from data/datasets/webtable-005/random-mpnet-dj_adpt-k=63049...
2025-12-25 11:59:27 | SUCCESS  | fedaugment.dataset_loader:64 | Discovered 62105 file paths for lazy loading in 0.4136 seconds.
2025-12-25 11:59:27 | INFO     | __main__:107 | Starting embedding generation...
2025-12-25 11:59:27 | INFO     | fedaugment.embeddings.pipeline_composer:82 | Embedding 62105 datasets in 1 batch(es) of up to 62105 datasets each.
2025-12-25 11:59:27 | INFO     | fedaugment.dataset_loader:74 | Loading datasets...
2025-12-25 12:00:05 | INFO     | fedaugment.embeddings.pipeline_composer:91 | Processing batch 1/1...
2025-12-25 12:00:05 | INFO     | fedaugment.embeddings.pipeline_composer:178 | Generating prompts with strategy dj_adpt...
2025-12-25 12:00:30 | INFO     | fedaugment.embeddings.pipeline_composer:283 | Generated 63049 prompts in 24.5001 seconds.
2025-12-25 12:00:30 | DEBUG    | fedaugment.embeddings.pipeline_composer:284 | Available memory: 489.83 GB (memory usage: 2.7%)
2025-12-25 12:00:30 | INFO     | fedaugment.embeddings.pipeline_composer:203 | Embedding prompts with pipeline mini_l6-dj_adpt (batch 1/1)...
2025-12-25 12:00:51 | INFO     | fedaugment.embeddings.pipeline_composer:212 | Embedded 63049 prompts in 21.1168 seconds.
2025-12-25 12:00:51 | INFO     | fedaugment.embeddings.pipeline_composer:218 | Post-processing embeddings for pipeline mini_l6-dj_adpt...
2025-12-25 12:00:51 | INFO     | fedaugment.embeddings.pipeline_composer:221 | Post-processed embeddings in 0.0664 seconds.
2025-12-25 12:00:51 | INFO     | fedaugment.embeddings.pipeline_composer:234 | Created new NPY file: data/embeddings/webtable-005/random-mpnet-dj_adpt-k=63049/mini_l6-dj_adpt.fa/embeddings.npy
2025-12-25 12:00:51 | INFO     | fedaugment.embeddings.pipeline_composer:203 | Embedding prompts with pipeline mini_l12-dj_adpt (batch 1/1)...
2025-12-25 12:01:16 | INFO     | fedaugment.embeddings.pipeline_composer:212 | Embedded 63049 prompts in 24.7853 seconds.
2025-12-25 12:01:16 | INFO     | fedaugment.embeddings.pipeline_composer:218 | Post-processing embeddings for pipeline mini_l12-dj_adpt...
2025-12-25 12:01:16 | INFO     | fedaugment.embeddings.pipeline_composer:221 | Post-processed embeddings in 0.0631 seconds.
2025-12-25 12:01:16 | INFO     | fedaugment.embeddings.pipeline_composer:234 | Created new NPY file: data/embeddings/webtable-005/random-mpnet-dj_adpt-k=63049/mini_l12-dj_adpt.fa/embeddings.npy
2025-12-25 12:01:16 | INFO     | fedaugment.embeddings.pipeline_composer:203 | Embedding prompts with pipeline mpnet-dj_adpt (batch 1/1)...
2025-12-25 12:03:01 | INFO     | fedaugment.embeddings.pipeline_composer:212 | Embedded 63049 prompts in 105.2925 seconds.
2025-12-25 12:03:01 | INFO     | fedaugment.embeddings.pipeline_composer:218 | Post-processing embeddings for pipeline mpnet-dj_adpt...
2025-12-25 12:03:01 | INFO     | fedaugment.embeddings.pipeline_composer:221 | Post-processed embeddings in 0.0956 seconds.
2025-12-25 12:03:01 | INFO     | fedaugment.embeddings.pipeline_composer:234 | Created new NPY file: data/embeddings/webtable-005/random-mpnet-dj_adpt-k=63049/mpnet-dj_adpt.fa/embeddings.npy
2025-12-25 12:03:01 | INFO     | fedaugment.embeddings.pipeline_composer:203 | Embedding prompts with pipeline distilroberta-dj_adpt (batch 1/1)...
2025-12-25 12:04:12 | INFO     | fedaugment.embeddings.pipeline_composer:212 | Embedded 63049 prompts in 70.5904 seconds.
2025-12-25 12:04:12 | INFO     | fedaugment.embeddings.pipeline_composer:218 | Post-processing embeddings for pipeline distilroberta-dj_adpt...
2025-12-25 12:04:12 | INFO     | fedaugment.embeddings.pipeline_composer:221 | Post-processed embeddings in 0.1639 seconds.
2025-12-25 12:04:12 | INFO     | fedaugment.embeddings.pipeline_composer:234 | Created new NPY file: data/embeddings/webtable-005/random-mpnet-dj_adpt-k=63049/distilroberta-dj_adpt.fa/embeddings.npy
2025-12-25 12:04:12 | INFO     | fedaugment.embeddings.pipeline_composer:203 | Embedding prompts with pipeline gtr_t5-dj_adpt (batch 1/1)...
2025-12-25 12:06:01 | INFO     | fedaugment.embeddings.pipeline_composer:212 | Embedded 63049 prompts in 108.9818 seconds.
2025-12-25 12:06:01 | INFO     | fedaugment.embeddings.pipeline_composer:218 | Post-processing embeddings for pipeline gtr_t5-dj_adpt...
2025-12-25 12:06:01 | INFO     | fedaugment.embeddings.pipeline_composer:221 | Post-processed embeddings in 0.0953 seconds.
2025-12-25 12:06:01 | INFO     | fedaugment.embeddings.pipeline_composer:234 | Created new NPY file: data/embeddings/webtable-005/random-mpnet-dj_adpt-k=63049/gtr_t5-dj_adpt.fa/embeddings.npy
2025-12-25 12:06:01 | INFO     | fedaugment.embeddings.pipeline_composer:203 | Embedding prompts with pipeline gte_base-dj_adpt (batch 1/1)...
2025-12-25 12:07:48 | INFO     | fedaugment.embeddings.pipeline_composer:212 | Embedded 63049 prompts in 106.3663 seconds.
2025-12-25 12:07:48 | INFO     | fedaugment.embeddings.pipeline_composer:218 | Post-processing embeddings for pipeline gte_base-dj_adpt...
2025-12-25 12:07:48 | INFO     | fedaugment.embeddings.pipeline_composer:221 | Post-processed embeddings in 0.1488 seconds.
2025-12-25 12:07:48 | INFO     | fedaugment.embeddings.pipeline_composer:234 | Created new NPY file: data/embeddings/webtable-005/random-mpnet-dj_adpt-k=63049/gte_base-dj_adpt.fa/embeddings.npy
2025-12-25 12:07:48 | SUCCESS  | fedaugment.embeddings.pipeline_composer:99 | Embedded 378294 prompts across 6 pipelines based on 62105 datasets in 501.2623 seconds.
2025-12-25 12:07:49 | INFO     | __main__:103 | Registering datasets from data/datasets/webtable-050/fft_cos-mpnet-dj_adpt-k=63049...
2025-12-25 12:07:49 | INFO     | fedaugment.dataset_loader:51 | Initializing dataset loader with datasets from data/datasets/webtable-050/fft_cos-mpnet-dj_adpt-k=63049...
