2025-12-26 22:48:31 | DEBUG    | fedaugment.utils.misc:106 | Experiment setup complete (redirected 530 loggers)
2025-12-26 22:48:31 | DEBUG    | fedaugment.utils.misc:109 | Set PYTORCH_ALLOC_CONF to 'expandable_segments:True'
2025-12-26 22:48:31 | INFO     | __main__:15 | Initializing models...
2025-12-26 22:48:33 | DEBUG    | fedaugment.embeddings.models.sentence_transformer_model:56 | Compiling model...
2025-12-26 22:48:37 | DEBUG    | fedaugment.embeddings.models.sentence_transformer_model:58 | sentence-transformers/all-MiniLM-L6-v2 model compiled.
2025-12-26 22:48:39 | DEBUG    | fedaugment.embeddings.models.sentence_transformer_model:56 | Compiling model...
2025-12-26 22:48:39 | DEBUG    | fedaugment.embeddings.models.sentence_transformer_model:58 | sentence-transformers/all-MiniLM-L12-v2 model compiled.
2025-12-26 22:48:41 | DEBUG    | fedaugment.embeddings.models.sentence_transformer_model:56 | Compiling model...
2025-12-26 22:48:41 | DEBUG    | fedaugment.embeddings.models.sentence_transformer_model:58 | sentence-transformers/all-mpnet-base-v2 model compiled.
2025-12-26 22:48:43 | DEBUG    | fedaugment.embeddings.models.sentence_transformer_model:56 | Compiling model...
2025-12-26 22:48:43 | DEBUG    | fedaugment.embeddings.models.sentence_transformer_model:58 | sentence-transformers/all-distilroberta-v1 model compiled.
2025-12-26 22:48:46 | DEBUG    | fedaugment.embeddings.models.sentence_transformer_model:56 | Compiling model...
2025-12-26 22:48:46 | DEBUG    | fedaugment.embeddings.models.sentence_transformer_model:58 | sentence-transformers/gtr-t5-base model compiled.
2025-12-26 22:48:48 | DEBUG    | fedaugment.embeddings.models.sentence_transformer_model:56 | Compiling model...
2025-12-26 22:48:48 | DEBUG    | fedaugment.embeddings.models.sentence_transformer_model:58 | thenlper/gte-base model compiled.
2025-12-26 22:48:48 | INFO     | __main__:50 | Creating prompt strategies...
2025-12-26 22:48:48 | INFO     | __main__:56 | Creating pipeline composer...
2025-12-26 22:48:48 | INFO     | __main__:105 | Registering datasets from data/datasets/webtable-050/fft_cos-mpnet-dj_adpt-k=630493...
2025-12-26 22:48:48 | INFO     | fedaugment.dataset_loader:51 | Initializing dataset loader with datasets from data/datasets/webtable-050/fft_cos-mpnet-dj_adpt-k=630493...
2025-12-26 22:48:53 | SUCCESS  | fedaugment.dataset_loader:64 | Discovered 396241 file paths for lazy loading in 5.2307 seconds.
2025-12-26 22:48:53 | INFO     | __main__:109 | Starting embedding generation...
2025-12-26 22:48:53 | INFO     | fedaugment.embeddings.pipeline_composer:82 | Embedding 396241 datasets in 1 batch(es) of up to 396241 datasets each.
2025-12-26 22:48:53 | INFO     | fedaugment.dataset_loader:74 | Loading datasets...
2025-12-26 22:53:20 | INFO     | fedaugment.embeddings.pipeline_composer:91 | Processing batch 1/1...
2025-12-26 22:53:20 | INFO     | fedaugment.embeddings.pipeline_composer:178 | Generating prompts with strategy dj_adpt...
2025-12-26 22:56:43 | INFO     | fedaugment.embeddings.pipeline_composer:283 | Generated 630493 prompts in 202.7325 seconds.
2025-12-26 22:56:43 | DEBUG    | fedaugment.embeddings.pipeline_composer:284 | Available memory: 488.60 GB (memory usage: 3.0%)
2025-12-26 22:56:43 | INFO     | fedaugment.embeddings.pipeline_composer:203 | Embedding prompts with pipeline mini_l6-dj_adpt (batch 1/1)...
2025-12-26 23:02:31 | INFO     | fedaugment.embeddings.pipeline_composer:212 | Embedded 630493 prompts in 348.4340 seconds.
2025-12-26 23:02:31 | INFO     | fedaugment.embeddings.pipeline_composer:218 | Post-processing embeddings for pipeline mini_l6-dj_adpt...
2025-12-26 23:02:32 | INFO     | fedaugment.embeddings.pipeline_composer:221 | Post-processed embeddings in 0.6568 seconds.
2025-12-26 23:02:33 | WARNING  | fedaugment.utils.misc:102 | UserWarning: Custom dtypes are saved as python objects using the pickle protocol. Loading this file requires allow_pickle=True to be set. (/home/lennart-ldap/projects/fedaugment/.venv/lib/python3.13/site-packages/numpy/lib/_format_impl.py:393)
2025-12-26 23:02:33 | INFO     | fedaugment.embeddings.pipeline_composer:234 | Created new NPY file: data/embeddings/webtable-050/fft_cos-mpnet-dj_adpt-k=630493/mini_l6-dj_adpt.fa/embeddings.npy
2025-12-26 23:02:33 | INFO     | fedaugment.embeddings.pipeline_composer:203 | Embedding prompts with pipeline mini_l12-dj_adpt (batch 1/1)...
2025-12-26 23:08:12 | INFO     | fedaugment.embeddings.pipeline_composer:212 | Embedded 630493 prompts in 339.0037 seconds.
2025-12-26 23:08:12 | INFO     | fedaugment.embeddings.pipeline_composer:218 | Post-processing embeddings for pipeline mini_l12-dj_adpt...
2025-12-26 23:08:12 | INFO     | fedaugment.embeddings.pipeline_composer:221 | Post-processed embeddings in 0.6828 seconds.
2025-12-26 23:08:13 | INFO     | fedaugment.embeddings.pipeline_composer:234 | Created new NPY file: data/embeddings/webtable-050/fft_cos-mpnet-dj_adpt-k=630493/mini_l12-dj_adpt.fa/embeddings.npy
2025-12-26 23:08:13 | INFO     | fedaugment.embeddings.pipeline_composer:203 | Embedding prompts with pipeline mpnet-dj_adpt (batch 1/1)...
2025-12-26 23:39:46 | INFO     | fedaugment.embeddings.pipeline_composer:212 | Embedded 630493 prompts in 1893.1122 seconds.
2025-12-26 23:39:46 | INFO     | fedaugment.embeddings.pipeline_composer:218 | Post-processing embeddings for pipeline mpnet-dj_adpt...
2025-12-26 23:39:47 | INFO     | fedaugment.embeddings.pipeline_composer:221 | Post-processed embeddings in 0.9511 seconds.
2025-12-26 23:39:48 | INFO     | fedaugment.embeddings.pipeline_composer:234 | Created new NPY file: data/embeddings/webtable-050/fft_cos-mpnet-dj_adpt-k=630493/mpnet-dj_adpt.fa/embeddings.npy
2025-12-26 23:39:48 | INFO     | fedaugment.embeddings.pipeline_composer:203 | Embedding prompts with pipeline distilroberta-dj_adpt (batch 1/1)...
2025-12-27 00:01:51 | INFO     | fedaugment.embeddings.pipeline_composer:212 | Embedded 630493 prompts in 1322.7171 seconds.
2025-12-27 00:01:51 | INFO     | fedaugment.embeddings.pipeline_composer:218 | Post-processing embeddings for pipeline distilroberta-dj_adpt...
2025-12-27 00:01:52 | INFO     | fedaugment.embeddings.pipeline_composer:221 | Post-processed embeddings in 0.9633 seconds.
2025-12-27 00:01:53 | INFO     | fedaugment.embeddings.pipeline_composer:234 | Created new NPY file: data/embeddings/webtable-050/fft_cos-mpnet-dj_adpt-k=630493/distilroberta-dj_adpt.fa/embeddings.npy
2025-12-27 00:01:53 | INFO     | fedaugment.embeddings.pipeline_composer:203 | Embedding prompts with pipeline gtr_t5-dj_adpt (batch 1/1)...
2025-12-27 00:38:16 | INFO     | fedaugment.embeddings.pipeline_composer:212 | Embedded 630493 prompts in 2182.7754 seconds.
2025-12-27 00:38:16 | INFO     | fedaugment.embeddings.pipeline_composer:218 | Post-processing embeddings for pipeline gtr_t5-dj_adpt...
2025-12-27 00:38:17 | INFO     | fedaugment.embeddings.pipeline_composer:221 | Post-processed embeddings in 0.9641 seconds.
2025-12-27 00:38:18 | INFO     | fedaugment.embeddings.pipeline_composer:234 | Created new NPY file: data/embeddings/webtable-050/fft_cos-mpnet-dj_adpt-k=630493/gtr_t5-dj_adpt.fa/embeddings.npy
2025-12-27 00:38:18 | INFO     | fedaugment.embeddings.pipeline_composer:203 | Embedding prompts with pipeline gte_base-dj_adpt (batch 1/1)...
2025-12-27 01:11:47 | INFO     | fedaugment.embeddings.pipeline_composer:212 | Embedded 630493 prompts in 2008.4898 seconds.
2025-12-27 01:11:47 | INFO     | fedaugment.embeddings.pipeline_composer:218 | Post-processing embeddings for pipeline gte_base-dj_adpt...
2025-12-27 01:11:48 | INFO     | fedaugment.embeddings.pipeline_composer:221 | Post-processed embeddings in 0.9524 seconds.
2025-12-27 01:11:49 | INFO     | fedaugment.embeddings.pipeline_composer:234 | Created new NPY file: data/embeddings/webtable-050/fft_cos-mpnet-dj_adpt-k=630493/gte_base-dj_adpt.fa/embeddings.npy
2025-12-27 01:11:49 | SUCCESS  | fedaugment.embeddings.pipeline_composer:99 | Embedded 3782958 prompts across 6 pipelines based on 396241 datasets in 8575.4390 seconds.
2025-12-27 01:11:52 | INFO     | __main__:105 | Registering datasets from data/datasets/webtable-050/fft_cos-mpnet-dj_adpt-k=630493-pca=0.9...
2025-12-27 01:11:52 | INFO     | fedaugment.dataset_loader:51 | Initializing dataset loader with datasets from data/datasets/webtable-050/fft_cos-mpnet-dj_adpt-k=630493-pca=0.9...
2025-12-27 01:11:55 | SUCCESS  | fedaugment.dataset_loader:64 | Discovered 359735 file paths for lazy loading in 2.9117 seconds.
2025-12-27 01:11:55 | INFO     | __main__:109 | Starting embedding generation...
2025-12-27 01:11:55 | INFO     | fedaugment.embeddings.pipeline_composer:82 | Embedding 359735 datasets in 1 batch(es) of up to 359735 datasets each.
2025-12-27 01:11:55 | INFO     | fedaugment.dataset_loader:74 | Loading datasets...
2025-12-27 01:15:40 | INFO     | fedaugment.embeddings.pipeline_composer:91 | Processing batch 1/1...
2025-12-27 01:15:40 | INFO     | fedaugment.embeddings.pipeline_composer:178 | Generating prompts with strategy dj_adpt...
2025-12-27 01:18:58 | INFO     | fedaugment.embeddings.pipeline_composer:283 | Generated 630493 prompts in 198.0064 seconds.
2025-12-27 01:18:58 | DEBUG    | fedaugment.embeddings.pipeline_composer:284 | Available memory: 484.14 GB (memory usage: 3.8%)
2025-12-27 01:18:58 | INFO     | fedaugment.embeddings.pipeline_composer:203 | Embedding prompts with pipeline mini_l6-dj_adpt (batch 1/1)...
2025-12-27 01:24:06 | INFO     | fedaugment.embeddings.pipeline_composer:212 | Embedded 630493 prompts in 307.4411 seconds.
2025-12-27 01:24:06 | INFO     | fedaugment.embeddings.pipeline_composer:218 | Post-processing embeddings for pipeline mini_l6-dj_adpt...
2025-12-27 01:24:07 | INFO     | fedaugment.embeddings.pipeline_composer:221 | Post-processed embeddings in 0.6789 seconds.
2025-12-27 01:24:07 | INFO     | fedaugment.embeddings.pipeline_composer:234 | Created new NPY file: data/embeddings/webtable-050/fft_cos-mpnet-dj_adpt-k=630493-pca=0.9/mini_l6-dj_adpt.fa/embeddings.npy
2025-12-27 01:24:07 | INFO     | fedaugment.embeddings.pipeline_composer:203 | Embedding prompts with pipeline mini_l12-dj_adpt (batch 1/1)...
2025-12-27 01:29:23 | INFO     | fedaugment.embeddings.pipeline_composer:212 | Embedded 630493 prompts in 315.4754 seconds.
2025-12-27 01:29:23 | INFO     | fedaugment.embeddings.pipeline_composer:218 | Post-processing embeddings for pipeline mini_l12-dj_adpt...
2025-12-27 01:29:23 | INFO     | fedaugment.embeddings.pipeline_composer:221 | Post-processed embeddings in 0.6691 seconds.
2025-12-27 01:29:24 | INFO     | fedaugment.embeddings.pipeline_composer:234 | Created new NPY file: data/embeddings/webtable-050/fft_cos-mpnet-dj_adpt-k=630493-pca=0.9/mini_l12-dj_adpt.fa/embeddings.npy
2025-12-27 01:29:24 | INFO     | fedaugment.embeddings.pipeline_composer:203 | Embedding prompts with pipeline mpnet-dj_adpt (batch 1/1)...
2025-12-27 01:56:05 | INFO     | fedaugment.embeddings.pipeline_composer:212 | Embedded 630493 prompts in 1601.2281 seconds.
2025-12-27 01:56:05 | INFO     | fedaugment.embeddings.pipeline_composer:218 | Post-processing embeddings for pipeline mpnet-dj_adpt...
2025-12-27 01:56:06 | INFO     | fedaugment.embeddings.pipeline_composer:221 | Post-processed embeddings in 0.9639 seconds.
2025-12-27 01:56:08 | INFO     | fedaugment.embeddings.pipeline_composer:234 | Created new NPY file: data/embeddings/webtable-050/fft_cos-mpnet-dj_adpt-k=630493-pca=0.9/mpnet-dj_adpt.fa/embeddings.npy
2025-12-27 01:56:08 | INFO     | fedaugment.embeddings.pipeline_composer:203 | Embedding prompts with pipeline distilroberta-dj_adpt (batch 1/1)...
2025-12-27 02:15:15 | INFO     | fedaugment.embeddings.pipeline_composer:212 | Embedded 630493 prompts in 1147.2105 seconds.
2025-12-27 02:15:15 | INFO     | fedaugment.embeddings.pipeline_composer:218 | Post-processing embeddings for pipeline distilroberta-dj_adpt...
2025-12-27 02:15:16 | INFO     | fedaugment.embeddings.pipeline_composer:221 | Post-processed embeddings in 0.9690 seconds.
2025-12-27 02:15:17 | INFO     | fedaugment.embeddings.pipeline_composer:234 | Created new NPY file: data/embeddings/webtable-050/fft_cos-mpnet-dj_adpt-k=630493-pca=0.9/distilroberta-dj_adpt.fa/embeddings.npy
2025-12-27 02:15:17 | INFO     | fedaugment.embeddings.pipeline_composer:203 | Embedding prompts with pipeline gtr_t5-dj_adpt (batch 1/1)...
2025-12-27 02:45:07 | INFO     | fedaugment.embeddings.pipeline_composer:212 | Embedded 630493 prompts in 1789.5512 seconds.
2025-12-27 02:45:07 | INFO     | fedaugment.embeddings.pipeline_composer:218 | Post-processing embeddings for pipeline gtr_t5-dj_adpt...
2025-12-27 02:45:08 | INFO     | fedaugment.embeddings.pipeline_composer:221 | Post-processed embeddings in 0.9625 seconds.
2025-12-27 02:45:09 | INFO     | fedaugment.embeddings.pipeline_composer:234 | Created new NPY file: data/embeddings/webtable-050/fft_cos-mpnet-dj_adpt-k=630493-pca=0.9/gtr_t5-dj_adpt.fa/embeddings.npy
2025-12-27 02:45:09 | INFO     | fedaugment.embeddings.pipeline_composer:203 | Embedding prompts with pipeline gte_base-dj_adpt (batch 1/1)...
2025-12-27 03:13:08 | INFO     | fedaugment.embeddings.pipeline_composer:212 | Embedded 630493 prompts in 1679.2482 seconds.
2025-12-27 03:13:08 | INFO     | fedaugment.embeddings.pipeline_composer:218 | Post-processing embeddings for pipeline gte_base-dj_adpt...
2025-12-27 03:13:09 | INFO     | fedaugment.embeddings.pipeline_composer:221 | Post-processed embeddings in 0.9740 seconds.
2025-12-27 03:13:10 | INFO     | fedaugment.embeddings.pipeline_composer:234 | Created new NPY file: data/embeddings/webtable-050/fft_cos-mpnet-dj_adpt-k=630493-pca=0.9/gte_base-dj_adpt.fa/embeddings.npy
2025-12-27 03:13:10 | SUCCESS  | fedaugment.embeddings.pipeline_composer:99 | Embedded 3782958 prompts across 6 pipelines based on 359735 datasets in 7274.9712 seconds.
2025-12-27 03:13:13 | INFO     | __main__:105 | Registering datasets from data/datasets/webtable-050/fft_euc-mpnet-dj_adpt-k=630493...
2025-12-27 03:13:13 | INFO     | fedaugment.dataset_loader:51 | Initializing dataset loader with datasets from data/datasets/webtable-050/fft_euc-mpnet-dj_adpt-k=630493...
2025-12-27 03:13:17 | SUCCESS  | fedaugment.dataset_loader:64 | Discovered 397139 file paths for lazy loading in 3.8665 seconds.
2025-12-27 03:13:17 | INFO     | __main__:109 | Starting embedding generation...
2025-12-27 03:13:17 | INFO     | fedaugment.embeddings.pipeline_composer:82 | Embedding 397139 datasets in 1 batch(es) of up to 397139 datasets each.
2025-12-27 03:13:17 | INFO     | fedaugment.dataset_loader:74 | Loading datasets...
2025-12-27 03:17:21 | INFO     | fedaugment.embeddings.pipeline_composer:91 | Processing batch 1/1...
2025-12-27 03:17:21 | INFO     | fedaugment.embeddings.pipeline_composer:178 | Generating prompts with strategy dj_adpt...
2025-12-27 03:20:39 | INFO     | fedaugment.embeddings.pipeline_composer:283 | Generated 630493 prompts in 198.1133 seconds.
2025-12-27 03:20:39 | DEBUG    | fedaugment.embeddings.pipeline_composer:284 | Available memory: 483.81 GB (memory usage: 3.9%)
2025-12-27 03:20:39 | INFO     | fedaugment.embeddings.pipeline_composer:203 | Embedding prompts with pipeline mini_l6-dj_adpt (batch 1/1)...
2025-12-27 03:26:30 | INFO     | fedaugment.embeddings.pipeline_composer:212 | Embedded 630493 prompts in 351.8408 seconds.
2025-12-27 03:26:30 | INFO     | fedaugment.embeddings.pipeline_composer:218 | Post-processing embeddings for pipeline mini_l6-dj_adpt...
2025-12-27 03:26:31 | INFO     | fedaugment.embeddings.pipeline_composer:221 | Post-processed embeddings in 0.6652 seconds.
2025-12-27 03:26:32 | INFO     | fedaugment.embeddings.pipeline_composer:234 | Created new NPY file: data/embeddings/webtable-050/fft_euc-mpnet-dj_adpt-k=630493/mini_l6-dj_adpt.fa/embeddings.npy
2025-12-27 03:26:32 | INFO     | fedaugment.embeddings.pipeline_composer:203 | Embedding prompts with pipeline mini_l12-dj_adpt (batch 1/1)...
2025-12-27 03:32:08 | INFO     | fedaugment.embeddings.pipeline_composer:212 | Embedded 630493 prompts in 335.7994 seconds.
2025-12-27 03:32:08 | INFO     | fedaugment.embeddings.pipeline_composer:218 | Post-processing embeddings for pipeline mini_l12-dj_adpt...
2025-12-27 03:32:08 | INFO     | fedaugment.embeddings.pipeline_composer:221 | Post-processed embeddings in 0.6799 seconds.
2025-12-27 03:32:09 | INFO     | fedaugment.embeddings.pipeline_composer:234 | Created new NPY file: data/embeddings/webtable-050/fft_euc-mpnet-dj_adpt-k=630493/mini_l12-dj_adpt.fa/embeddings.npy
2025-12-27 03:32:09 | INFO     | fedaugment.embeddings.pipeline_composer:203 | Embedding prompts with pipeline mpnet-dj_adpt (batch 1/1)...
2025-12-27 04:03:50 | INFO     | fedaugment.embeddings.pipeline_composer:212 | Embedded 630493 prompts in 1900.3597 seconds.
2025-12-27 04:03:50 | INFO     | fedaugment.embeddings.pipeline_composer:218 | Post-processing embeddings for pipeline mpnet-dj_adpt...
2025-12-27 04:03:50 | INFO     | fedaugment.embeddings.pipeline_composer:221 | Post-processed embeddings in 0.9560 seconds.
2025-12-27 04:03:52 | INFO     | fedaugment.embeddings.pipeline_composer:234 | Created new NPY file: data/embeddings/webtable-050/fft_euc-mpnet-dj_adpt-k=630493/mpnet-dj_adpt.fa/embeddings.npy
2025-12-27 04:03:52 | INFO     | fedaugment.embeddings.pipeline_composer:203 | Embedding prompts with pipeline distilroberta-dj_adpt (batch 1/1)...
2025-12-27 04:25:58 | INFO     | fedaugment.embeddings.pipeline_composer:212 | Embedded 630493 prompts in 1326.0253 seconds.
2025-12-27 04:25:58 | INFO     | fedaugment.embeddings.pipeline_composer:218 | Post-processing embeddings for pipeline distilroberta-dj_adpt...
2025-12-27 04:25:59 | INFO     | fedaugment.embeddings.pipeline_composer:221 | Post-processed embeddings in 0.9483 seconds.
2025-12-27 04:26:00 | INFO     | fedaugment.embeddings.pipeline_composer:234 | Created new NPY file: data/embeddings/webtable-050/fft_euc-mpnet-dj_adpt-k=630493/distilroberta-dj_adpt.fa/embeddings.npy
2025-12-27 04:26:00 | INFO     | fedaugment.embeddings.pipeline_composer:203 | Embedding prompts with pipeline gtr_t5-dj_adpt (batch 1/1)...
2025-12-27 05:02:32 | INFO     | fedaugment.embeddings.pipeline_composer:212 | Embedded 630493 prompts in 2192.3611 seconds.
2025-12-27 05:02:32 | INFO     | fedaugment.embeddings.pipeline_composer:218 | Post-processing embeddings for pipeline gtr_t5-dj_adpt...
2025-12-27 05:02:33 | INFO     | fedaugment.embeddings.pipeline_composer:221 | Post-processed embeddings in 0.9662 seconds.
2025-12-27 05:02:34 | INFO     | fedaugment.embeddings.pipeline_composer:234 | Created new NPY file: data/embeddings/webtable-050/fft_euc-mpnet-dj_adpt-k=630493/gtr_t5-dj_adpt.fa/embeddings.npy
2025-12-27 05:02:34 | INFO     | fedaugment.embeddings.pipeline_composer:203 | Embedding prompts with pipeline gte_base-dj_adpt (batch 1/1)...
2025-12-27 05:36:26 | INFO     | fedaugment.embeddings.pipeline_composer:212 | Embedded 630493 prompts in 2031.1876 seconds.
2025-12-27 05:36:26 | INFO     | fedaugment.embeddings.pipeline_composer:218 | Post-processing embeddings for pipeline gte_base-dj_adpt...
2025-12-27 05:36:27 | INFO     | fedaugment.embeddings.pipeline_composer:221 | Post-processed embeddings in 0.9625 seconds.
2025-12-27 05:36:28 | INFO     | fedaugment.embeddings.pipeline_composer:234 | Created new NPY file: data/embeddings/webtable-050/fft_euc-mpnet-dj_adpt-k=630493/gte_base-dj_adpt.fa/embeddings.npy
2025-12-27 05:36:28 | SUCCESS  | fedaugment.embeddings.pipeline_composer:99 | Embedded 3782958 prompts across 6 pipelines based on 397139 datasets in 8590.7962 seconds.
2025-12-27 05:36:31 | INFO     | __main__:105 | Registering datasets from data/datasets/webtable-050/fft_euc-mpnet-dj_adpt-k=630493-pca=0.9...
2025-12-27 05:36:31 | INFO     | fedaugment.dataset_loader:51 | Initializing dataset loader with datasets from data/datasets/webtable-050/fft_euc-mpnet-dj_adpt-k=630493-pca=0.9...
2025-12-27 05:36:34 | SUCCESS  | fedaugment.dataset_loader:64 | Discovered 392519 file paths for lazy loading in 3.4502 seconds.
2025-12-27 05:36:35 | INFO     | __main__:109 | Starting embedding generation...
2025-12-27 05:36:35 | INFO     | fedaugment.embeddings.pipeline_composer:82 | Embedding 392519 datasets in 1 batch(es) of up to 392519 datasets each.
2025-12-27 05:36:35 | INFO     | fedaugment.dataset_loader:74 | Loading datasets...
2025-12-27 05:40:43 | INFO     | fedaugment.embeddings.pipeline_composer:91 | Processing batch 1/1...
2025-12-27 05:40:43 | INFO     | fedaugment.embeddings.pipeline_composer:178 | Generating prompts with strategy dj_adpt...
2025-12-27 05:43:59 | INFO     | fedaugment.embeddings.pipeline_composer:283 | Generated 630493 prompts in 196.0326 seconds.
2025-12-27 05:43:59 | DEBUG    | fedaugment.embeddings.pipeline_composer:284 | Available memory: 483.53 GB (memory usage: 4.0%)
2025-12-27 05:43:59 | INFO     | fedaugment.embeddings.pipeline_composer:203 | Embedding prompts with pipeline mini_l6-dj_adpt (batch 1/1)...
2025-12-27 05:49:37 | INFO     | fedaugment.embeddings.pipeline_composer:212 | Embedded 630493 prompts in 338.3869 seconds.
2025-12-27 05:49:37 | INFO     | fedaugment.embeddings.pipeline_composer:218 | Post-processing embeddings for pipeline mini_l6-dj_adpt...
2025-12-27 05:49:38 | INFO     | fedaugment.embeddings.pipeline_composer:221 | Post-processed embeddings in 0.6692 seconds.
2025-12-27 05:49:39 | INFO     | fedaugment.embeddings.pipeline_composer:234 | Created new NPY file: data/embeddings/webtable-050/fft_euc-mpnet-dj_adpt-k=630493-pca=0.9/mini_l6-dj_adpt.fa/embeddings.npy
2025-12-27 05:49:39 | INFO     | fedaugment.embeddings.pipeline_composer:203 | Embedding prompts with pipeline mini_l12-dj_adpt (batch 1/1)...
2025-12-27 05:55:07 | INFO     | fedaugment.embeddings.pipeline_composer:212 | Embedded 630493 prompts in 328.8176 seconds.
2025-12-27 05:55:07 | INFO     | fedaugment.embeddings.pipeline_composer:218 | Post-processing embeddings for pipeline mini_l12-dj_adpt...
2025-12-27 05:55:08 | INFO     | fedaugment.embeddings.pipeline_composer:221 | Post-processed embeddings in 0.6845 seconds.
2025-12-27 05:55:09 | INFO     | fedaugment.embeddings.pipeline_composer:234 | Created new NPY file: data/embeddings/webtable-050/fft_euc-mpnet-dj_adpt-k=630493-pca=0.9/mini_l12-dj_adpt.fa/embeddings.npy
2025-12-27 05:55:09 | INFO     | fedaugment.embeddings.pipeline_composer:203 | Embedding prompts with pipeline mpnet-dj_adpt (batch 1/1)...
2025-12-27 06:26:04 | INFO     | fedaugment.embeddings.pipeline_composer:212 | Embedded 630493 prompts in 1855.4466 seconds.
2025-12-27 06:26:04 | INFO     | fedaugment.embeddings.pipeline_composer:218 | Post-processing embeddings for pipeline mpnet-dj_adpt...
2025-12-27 06:26:05 | INFO     | fedaugment.embeddings.pipeline_composer:221 | Post-processed embeddings in 0.9678 seconds.
2025-12-27 06:26:06 | INFO     | fedaugment.embeddings.pipeline_composer:234 | Created new NPY file: data/embeddings/webtable-050/fft_euc-mpnet-dj_adpt-k=630493-pca=0.9/mpnet-dj_adpt.fa/embeddings.npy
2025-12-27 06:26:06 | INFO     | fedaugment.embeddings.pipeline_composer:203 | Embedding prompts with pipeline distilroberta-dj_adpt (batch 1/1)...
2025-12-27 06:47:51 | INFO     | fedaugment.embeddings.pipeline_composer:212 | Embedded 630493 prompts in 1304.4473 seconds.
2025-12-27 06:47:51 | INFO     | fedaugment.embeddings.pipeline_composer:218 | Post-processing embeddings for pipeline distilroberta-dj_adpt...
2025-12-27 06:47:52 | INFO     | fedaugment.embeddings.pipeline_composer:221 | Post-processed embeddings in 0.9510 seconds.
2025-12-27 06:47:53 | INFO     | fedaugment.embeddings.pipeline_composer:234 | Created new NPY file: data/embeddings/webtable-050/fft_euc-mpnet-dj_adpt-k=630493-pca=0.9/distilroberta-dj_adpt.fa/embeddings.npy
2025-12-27 06:47:53 | INFO     | fedaugment.embeddings.pipeline_composer:203 | Embedding prompts with pipeline gtr_t5-dj_adpt (batch 1/1)...
2025-12-27 07:23:28 | INFO     | fedaugment.embeddings.pipeline_composer:212 | Embedded 630493 prompts in 2134.6727 seconds.
2025-12-27 07:23:28 | INFO     | fedaugment.embeddings.pipeline_composer:218 | Post-processing embeddings for pipeline gtr_t5-dj_adpt...
2025-12-27 07:23:29 | INFO     | fedaugment.embeddings.pipeline_composer:221 | Post-processed embeddings in 0.9782 seconds.
2025-12-27 07:23:30 | INFO     | fedaugment.embeddings.pipeline_composer:234 | Created new NPY file: data/embeddings/webtable-050/fft_euc-mpnet-dj_adpt-k=630493-pca=0.9/gtr_t5-dj_adpt.fa/embeddings.npy
2025-12-27 07:23:30 | INFO     | fedaugment.embeddings.pipeline_composer:203 | Embedding prompts with pipeline gte_base-dj_adpt (batch 1/1)...
2025-12-27 07:56:21 | INFO     | fedaugment.embeddings.pipeline_composer:212 | Embedded 630493 prompts in 1971.4029 seconds.
2025-12-27 07:56:21 | INFO     | fedaugment.embeddings.pipeline_composer:218 | Post-processing embeddings for pipeline gte_base-dj_adpt...
2025-12-27 07:56:22 | INFO     | fedaugment.embeddings.pipeline_composer:221 | Post-processed embeddings in 0.9679 seconds.
2025-12-27 07:56:24 | INFO     | fedaugment.embeddings.pipeline_composer:234 | Created new NPY file: data/embeddings/webtable-050/fft_euc-mpnet-dj_adpt-k=630493-pca=0.9/gte_base-dj_adpt.fa/embeddings.npy
2025-12-27 07:56:24 | SUCCESS  | fedaugment.embeddings.pipeline_composer:99 | Embedded 3782958 prompts across 6 pipelines based on 392519 datasets in 8388.8845 seconds.
2025-12-27 07:56:27 | INFO     | __main__:105 | Registering datasets from data/datasets/webtable-050/grid-mpnet-dj_adpt-k=630493...
2025-12-27 07:56:27 | INFO     | fedaugment.dataset_loader:51 | Initializing dataset loader with datasets from data/datasets/webtable-050/grid-mpnet-dj_adpt-k=630493...
2025-12-27 07:56:32 | SUCCESS  | fedaugment.dataset_loader:64 | Discovered 498599 file paths for lazy loading in 5.4426 seconds.
2025-12-27 07:56:33 | INFO     | __main__:109 | Starting embedding generation...
2025-12-27 07:56:33 | INFO     | fedaugment.embeddings.pipeline_composer:82 | Embedding 498599 datasets in 1 batch(es) of up to 498599 datasets each.
2025-12-27 07:56:33 | INFO     | fedaugment.dataset_loader:74 | Loading datasets...
2025-12-27 08:01:33 | INFO     | fedaugment.embeddings.pipeline_composer:91 | Processing batch 1/1...
2025-12-27 08:01:33 | INFO     | fedaugment.embeddings.pipeline_composer:178 | Generating prompts with strategy dj_adpt...
2025-12-27 08:04:54 | INFO     | fedaugment.embeddings.pipeline_composer:283 | Generated 630493 prompts in 201.2968 seconds.
2025-12-27 08:04:54 | DEBUG    | fedaugment.embeddings.pipeline_composer:284 | Available memory: 482.69 GB (memory usage: 4.1%)
2025-12-27 08:04:54 | INFO     | fedaugment.embeddings.pipeline_composer:203 | Embedding prompts with pipeline mini_l6-dj_adpt (batch 1/1)...
2025-12-27 08:09:11 | INFO     | fedaugment.embeddings.pipeline_composer:212 | Embedded 630493 prompts in 257.0292 seconds.
2025-12-27 08:09:11 | INFO     | fedaugment.embeddings.pipeline_composer:218 | Post-processing embeddings for pipeline mini_l6-dj_adpt...
2025-12-27 08:09:12 | INFO     | fedaugment.embeddings.pipeline_composer:221 | Post-processed embeddings in 0.6546 seconds.
2025-12-27 08:09:12 | INFO     | fedaugment.embeddings.pipeline_composer:234 | Created new NPY file: data/embeddings/webtable-050/grid-mpnet-dj_adpt-k=630493/mini_l6-dj_adpt.fa/embeddings.npy
2025-12-27 08:09:12 | INFO     | fedaugment.embeddings.pipeline_composer:203 | Embedding prompts with pipeline mini_l12-dj_adpt (batch 1/1)...
2025-12-27 08:13:49 | INFO     | fedaugment.embeddings.pipeline_composer:212 | Embedded 630493 prompts in 276.9199 seconds.
2025-12-27 08:13:49 | INFO     | fedaugment.embeddings.pipeline_composer:218 | Post-processing embeddings for pipeline mini_l12-dj_adpt...
2025-12-27 08:13:50 | INFO     | fedaugment.embeddings.pipeline_composer:221 | Post-processed embeddings in 0.6601 seconds.
2025-12-27 08:13:51 | INFO     | fedaugment.embeddings.pipeline_composer:234 | Created new NPY file: data/embeddings/webtable-050/grid-mpnet-dj_adpt-k=630493/mini_l12-dj_adpt.fa/embeddings.npy
2025-12-27 08:13:51 | INFO     | fedaugment.embeddings.pipeline_composer:203 | Embedding prompts with pipeline mpnet-dj_adpt (batch 1/1)...
2025-12-27 08:34:54 | INFO     | fedaugment.embeddings.pipeline_composer:212 | Embedded 630493 prompts in 1263.7580 seconds.
2025-12-27 08:34:54 | INFO     | fedaugment.embeddings.pipeline_composer:218 | Post-processing embeddings for pipeline mpnet-dj_adpt...
2025-12-27 08:34:55 | INFO     | fedaugment.embeddings.pipeline_composer:221 | Post-processed embeddings in 0.9688 seconds.
2025-12-27 08:34:57 | INFO     | fedaugment.embeddings.pipeline_composer:234 | Created new NPY file: data/embeddings/webtable-050/grid-mpnet-dj_adpt-k=630493/mpnet-dj_adpt.fa/embeddings.npy
2025-12-27 08:34:57 | INFO     | fedaugment.embeddings.pipeline_composer:203 | Embedding prompts with pipeline distilroberta-dj_adpt (batch 1/1)...
2025-12-27 08:48:46 | INFO     | fedaugment.embeddings.pipeline_composer:212 | Embedded 630493 prompts in 829.5621 seconds.
2025-12-27 08:48:46 | INFO     | fedaugment.embeddings.pipeline_composer:218 | Post-processing embeddings for pipeline distilroberta-dj_adpt...
2025-12-27 08:48:47 | INFO     | fedaugment.embeddings.pipeline_composer:221 | Post-processed embeddings in 0.9666 seconds.
2025-12-27 08:48:48 | INFO     | fedaugment.embeddings.pipeline_composer:234 | Created new NPY file: data/embeddings/webtable-050/grid-mpnet-dj_adpt-k=630493/distilroberta-dj_adpt.fa/embeddings.npy
2025-12-27 08:48:48 | INFO     | fedaugment.embeddings.pipeline_composer:203 | Embedding prompts with pipeline gtr_t5-dj_adpt (batch 1/1)...
2025-12-27 09:10:56 | INFO     | fedaugment.embeddings.pipeline_composer:212 | Embedded 630493 prompts in 1327.9743 seconds.
2025-12-27 09:10:56 | INFO     | fedaugment.embeddings.pipeline_composer:218 | Post-processing embeddings for pipeline gtr_t5-dj_adpt...
2025-12-27 09:10:57 | INFO     | fedaugment.embeddings.pipeline_composer:221 | Post-processed embeddings in 0.9441 seconds.
2025-12-27 09:10:58 | INFO     | fedaugment.embeddings.pipeline_composer:234 | Created new NPY file: data/embeddings/webtable-050/grid-mpnet-dj_adpt-k=630493/gtr_t5-dj_adpt.fa/embeddings.npy
2025-12-27 09:10:58 | INFO     | fedaugment.embeddings.pipeline_composer:203 | Embedding prompts with pipeline gte_base-dj_adpt (batch 1/1)...
2025-12-27 09:32:30 | INFO     | fedaugment.embeddings.pipeline_composer:212 | Embedded 630493 prompts in 1291.9757 seconds.
2025-12-27 09:32:30 | INFO     | fedaugment.embeddings.pipeline_composer:218 | Post-processing embeddings for pipeline gte_base-dj_adpt...
2025-12-27 09:32:31 | INFO     | fedaugment.embeddings.pipeline_composer:221 | Post-processed embeddings in 1.0183 seconds.
2025-12-27 09:32:33 | INFO     | fedaugment.embeddings.pipeline_composer:234 | Created new NPY file: data/embeddings/webtable-050/grid-mpnet-dj_adpt-k=630493/gte_base-dj_adpt.fa/embeddings.npy
2025-12-27 09:32:33 | SUCCESS  | fedaugment.embeddings.pipeline_composer:99 | Embedded 3782958 prompts across 6 pipelines based on 498599 datasets in 5760.1855 seconds.
2025-12-27 09:32:36 | INFO     | __main__:105 | Registering datasets from data/datasets/webtable-050/grid-mpnet-dj_adpt-k=630493-pca=0.9...
2025-12-27 09:32:36 | INFO     | fedaugment.dataset_loader:51 | Initializing dataset loader with datasets from data/datasets/webtable-050/grid-mpnet-dj_adpt-k=630493-pca=0.9...
2025-12-27 09:32:42 | SUCCESS  | fedaugment.dataset_loader:64 | Discovered 498722 file paths for lazy loading in 6.1495 seconds.
2025-12-27 09:32:43 | INFO     | __main__:109 | Starting embedding generation...
2025-12-27 09:32:43 | INFO     | fedaugment.embeddings.pipeline_composer:82 | Embedding 498722 datasets in 1 batch(es) of up to 498722 datasets each.
2025-12-27 09:32:43 | INFO     | fedaugment.dataset_loader:74 | Loading datasets...
2025-12-27 09:37:46 | INFO     | fedaugment.embeddings.pipeline_composer:91 | Processing batch 1/1...
2025-12-27 09:37:46 | INFO     | fedaugment.embeddings.pipeline_composer:178 | Generating prompts with strategy dj_adpt...
2025-12-27 09:41:06 | INFO     | fedaugment.embeddings.pipeline_composer:283 | Generated 630493 prompts in 200.2232 seconds.
2025-12-27 09:41:06 | DEBUG    | fedaugment.embeddings.pipeline_composer:284 | Available memory: 482.35 GB (memory usage: 4.2%)
2025-12-27 09:41:06 | INFO     | fedaugment.embeddings.pipeline_composer:203 | Embedding prompts with pipeline mini_l6-dj_adpt (batch 1/1)...
2025-12-27 09:45:25 | INFO     | fedaugment.embeddings.pipeline_composer:212 | Embedded 630493 prompts in 259.1508 seconds.
2025-12-27 09:45:25 | INFO     | fedaugment.embeddings.pipeline_composer:218 | Post-processing embeddings for pipeline mini_l6-dj_adpt...
2025-12-27 09:45:26 | INFO     | fedaugment.embeddings.pipeline_composer:221 | Post-processed embeddings in 0.6511 seconds.
2025-12-27 09:45:26 | INFO     | fedaugment.embeddings.pipeline_composer:234 | Created new NPY file: data/embeddings/webtable-050/grid-mpnet-dj_adpt-k=630493-pca=0.9/mini_l6-dj_adpt.fa/embeddings.npy
2025-12-27 09:45:26 | INFO     | fedaugment.embeddings.pipeline_composer:203 | Embedding prompts with pipeline mini_l12-dj_adpt (batch 1/1)...
2025-12-27 09:50:07 | INFO     | fedaugment.embeddings.pipeline_composer:212 | Embedded 630493 prompts in 280.4429 seconds.
2025-12-27 09:50:07 | INFO     | fedaugment.embeddings.pipeline_composer:218 | Post-processing embeddings for pipeline mini_l12-dj_adpt...
2025-12-27 09:50:07 | INFO     | fedaugment.embeddings.pipeline_composer:221 | Post-processed embeddings in 0.6754 seconds.
2025-12-27 09:50:08 | INFO     | fedaugment.embeddings.pipeline_composer:234 | Created new NPY file: data/embeddings/webtable-050/grid-mpnet-dj_adpt-k=630493-pca=0.9/mini_l12-dj_adpt.fa/embeddings.npy
2025-12-27 09:50:08 | INFO     | fedaugment.embeddings.pipeline_composer:203 | Embedding prompts with pipeline mpnet-dj_adpt (batch 1/1)...
2025-12-27 10:11:45 | INFO     | fedaugment.embeddings.pipeline_composer:212 | Embedded 630493 prompts in 1296.9322 seconds.
2025-12-27 10:11:45 | INFO     | fedaugment.embeddings.pipeline_composer:218 | Post-processing embeddings for pipeline mpnet-dj_adpt...
2025-12-27 10:11:46 | INFO     | fedaugment.embeddings.pipeline_composer:221 | Post-processed embeddings in 0.9980 seconds.
2025-12-27 10:11:47 | INFO     | fedaugment.embeddings.pipeline_composer:234 | Created new NPY file: data/embeddings/webtable-050/grid-mpnet-dj_adpt-k=630493-pca=0.9/mpnet-dj_adpt.fa/embeddings.npy
2025-12-27 10:11:47 | INFO     | fedaugment.embeddings.pipeline_composer:203 | Embedding prompts with pipeline distilroberta-dj_adpt (batch 1/1)...
2025-12-27 10:25:55 | INFO     | fedaugment.embeddings.pipeline_composer:212 | Embedded 630493 prompts in 847.5786 seconds.
2025-12-27 10:25:55 | INFO     | fedaugment.embeddings.pipeline_composer:218 | Post-processing embeddings for pipeline distilroberta-dj_adpt...
2025-12-27 10:25:56 | INFO     | fedaugment.embeddings.pipeline_composer:221 | Post-processed embeddings in 0.9886 seconds.
2025-12-27 10:25:57 | INFO     | fedaugment.embeddings.pipeline_composer:234 | Created new NPY file: data/embeddings/webtable-050/grid-mpnet-dj_adpt-k=630493-pca=0.9/distilroberta-dj_adpt.fa/embeddings.npy
2025-12-27 10:25:57 | INFO     | fedaugment.embeddings.pipeline_composer:203 | Embedding prompts with pipeline gtr_t5-dj_adpt (batch 1/1)...
2025-12-27 10:48:32 | INFO     | fedaugment.embeddings.pipeline_composer:212 | Embedded 630493 prompts in 1355.1436 seconds.
2025-12-27 10:48:32 | INFO     | fedaugment.embeddings.pipeline_composer:218 | Post-processing embeddings for pipeline gtr_t5-dj_adpt...
2025-12-27 10:48:33 | INFO     | fedaugment.embeddings.pipeline_composer:221 | Post-processed embeddings in 0.9824 seconds.
2025-12-27 10:48:34 | INFO     | fedaugment.embeddings.pipeline_composer:234 | Created new NPY file: data/embeddings/webtable-050/grid-mpnet-dj_adpt-k=630493-pca=0.9/gtr_t5-dj_adpt.fa/embeddings.npy
2025-12-27 10:48:34 | INFO     | fedaugment.embeddings.pipeline_composer:203 | Embedding prompts with pipeline gte_base-dj_adpt (batch 1/1)...
2025-12-27 11:10:38 | INFO     | fedaugment.embeddings.pipeline_composer:212 | Embedded 630493 prompts in 1323.2976 seconds.
2025-12-27 11:10:38 | INFO     | fedaugment.embeddings.pipeline_composer:218 | Post-processing embeddings for pipeline gte_base-dj_adpt...
2025-12-27 11:10:39 | INFO     | fedaugment.embeddings.pipeline_composer:221 | Post-processed embeddings in 0.9565 seconds.
2025-12-27 11:10:40 | INFO     | fedaugment.embeddings.pipeline_composer:234 | Created new NPY file: data/embeddings/webtable-050/grid-mpnet-dj_adpt-k=630493-pca=0.9/gte_base-dj_adpt.fa/embeddings.npy
2025-12-27 11:10:40 | SUCCESS  | fedaugment.embeddings.pipeline_composer:99 | Embedded 3782958 prompts across 6 pipelines based on 498722 datasets in 5876.8858 seconds.
2025-12-27 11:10:43 | INFO     | __main__:105 | Registering datasets from data/datasets/webtable-050/random-mpnet-dj_adpt-k=630493...
2025-12-27 11:10:43 | INFO     | fedaugment.dataset_loader:51 | Initializing dataset loader with datasets from data/datasets/webtable-050/random-mpnet-dj_adpt-k=630493...
2025-12-27 11:10:48 | SUCCESS  | fedaugment.dataset_loader:64 | Discovered 546801 file paths for lazy loading in 4.7927 seconds.
2025-12-27 11:10:48 | INFO     | __main__:109 | Starting embedding generation...
2025-12-27 11:10:48 | INFO     | fedaugment.embeddings.pipeline_composer:82 | Embedding 546801 datasets in 1 batch(es) of up to 546801 datasets each.
2025-12-27 11:10:48 | INFO     | fedaugment.dataset_loader:74 | Loading datasets...
2025-12-27 11:16:18 | INFO     | fedaugment.embeddings.pipeline_composer:91 | Processing batch 1/1...
2025-12-27 11:16:18 | INFO     | fedaugment.embeddings.pipeline_composer:178 | Generating prompts with strategy dj_adpt...
2025-12-27 11:19:46 | INFO     | fedaugment.embeddings.pipeline_composer:283 | Generated 630493 prompts in 208.1914 seconds.
2025-12-27 11:19:46 | DEBUG    | fedaugment.embeddings.pipeline_composer:284 | Available memory: 482.30 GB (memory usage: 4.2%)
2025-12-27 11:19:46 | INFO     | fedaugment.embeddings.pipeline_composer:203 | Embedding prompts with pipeline mini_l6-dj_adpt (batch 1/1)...
2025-12-27 11:23:26 | INFO     | fedaugment.embeddings.pipeline_composer:212 | Embedded 630493 prompts in 219.8784 seconds.
2025-12-27 11:23:26 | INFO     | fedaugment.embeddings.pipeline_composer:218 | Post-processing embeddings for pipeline mini_l6-dj_adpt...
2025-12-27 11:23:27 | INFO     | fedaugment.embeddings.pipeline_composer:221 | Post-processed embeddings in 0.6757 seconds.
2025-12-27 11:23:28 | INFO     | fedaugment.embeddings.pipeline_composer:234 | Created new NPY file: data/embeddings/webtable-050/random-mpnet-dj_adpt-k=630493/mini_l6-dj_adpt.fa/embeddings.npy
2025-12-27 11:23:28 | INFO     | fedaugment.embeddings.pipeline_composer:203 | Embedding prompts with pipeline mini_l12-dj_adpt (batch 1/1)...
2025-12-27 11:27:33 | INFO     | fedaugment.embeddings.pipeline_composer:212 | Embedded 630493 prompts in 245.1464 seconds.
2025-12-27 11:27:33 | INFO     | fedaugment.embeddings.pipeline_composer:218 | Post-processing embeddings for pipeline mini_l12-dj_adpt...
2025-12-27 11:27:34 | INFO     | fedaugment.embeddings.pipeline_composer:221 | Post-processed embeddings in 0.6668 seconds.
2025-12-27 11:27:34 | INFO     | fedaugment.embeddings.pipeline_composer:234 | Created new NPY file: data/embeddings/webtable-050/random-mpnet-dj_adpt-k=630493/mini_l12-dj_adpt.fa/embeddings.npy
2025-12-27 11:27:34 | INFO     | fedaugment.embeddings.pipeline_composer:203 | Embedding prompts with pipeline mpnet-dj_adpt (batch 1/1)...
2025-12-27 11:44:52 | INFO     | fedaugment.embeddings.pipeline_composer:212 | Embedded 630493 prompts in 1037.3384 seconds.
2025-12-27 11:44:52 | INFO     | fedaugment.embeddings.pipeline_composer:218 | Post-processing embeddings for pipeline mpnet-dj_adpt...
2025-12-27 11:44:53 | INFO     | fedaugment.embeddings.pipeline_composer:221 | Post-processed embeddings in 0.9889 seconds.
2025-12-27 11:44:54 | INFO     | fedaugment.embeddings.pipeline_composer:234 | Created new NPY file: data/embeddings/webtable-050/random-mpnet-dj_adpt-k=630493/mpnet-dj_adpt.fa/embeddings.npy
2025-12-27 11:44:54 | INFO     | fedaugment.embeddings.pipeline_composer:203 | Embedding prompts with pipeline distilroberta-dj_adpt (batch 1/1)...
2025-12-27 11:55:48 | INFO     | fedaugment.embeddings.pipeline_composer:212 | Embedded 630493 prompts in 654.6022 seconds.
2025-12-27 11:55:48 | INFO     | fedaugment.embeddings.pipeline_composer:218 | Post-processing embeddings for pipeline distilroberta-dj_adpt...
2025-12-27 11:55:49 | INFO     | fedaugment.embeddings.pipeline_composer:221 | Post-processed embeddings in 0.9482 seconds.
2025-12-27 11:55:51 | INFO     | fedaugment.embeddings.pipeline_composer:234 | Created new NPY file: data/embeddings/webtable-050/random-mpnet-dj_adpt-k=630493/distilroberta-dj_adpt.fa/embeddings.npy
2025-12-27 11:55:51 | INFO     | fedaugment.embeddings.pipeline_composer:203 | Embedding prompts with pipeline gtr_t5-dj_adpt (batch 1/1)...
2025-12-27 12:13:48 | INFO     | fedaugment.embeddings.pipeline_composer:212 | Embedded 630493 prompts in 1077.7086 seconds.
2025-12-27 12:13:48 | INFO     | fedaugment.embeddings.pipeline_composer:218 | Post-processing embeddings for pipeline gtr_t5-dj_adpt...
2025-12-27 12:13:49 | INFO     | fedaugment.embeddings.pipeline_composer:221 | Post-processed embeddings in 1.0039 seconds.
2025-12-27 12:13:50 | INFO     | fedaugment.embeddings.pipeline_composer:234 | Created new NPY file: data/embeddings/webtable-050/random-mpnet-dj_adpt-k=630493/gtr_t5-dj_adpt.fa/embeddings.npy
2025-12-27 12:13:50 | INFO     | fedaugment.embeddings.pipeline_composer:203 | Embedding prompts with pipeline gte_base-dj_adpt (batch 1/1)...
2025-12-27 12:31:19 | INFO     | fedaugment.embeddings.pipeline_composer:212 | Embedded 630493 prompts in 1048.9341 seconds.
2025-12-27 12:31:19 | INFO     | fedaugment.embeddings.pipeline_composer:218 | Post-processing embeddings for pipeline gte_base-dj_adpt...
2025-12-27 12:31:20 | INFO     | fedaugment.embeddings.pipeline_composer:221 | Post-processed embeddings in 0.9766 seconds.
2025-12-27 12:31:22 | INFO     | fedaugment.embeddings.pipeline_composer:234 | Created new NPY file: data/embeddings/webtable-050/random-mpnet-dj_adpt-k=630493/gte_base-dj_adpt.fa/embeddings.npy
2025-12-27 12:31:22 | SUCCESS  | fedaugment.embeddings.pipeline_composer:99 | Embedded 3782958 prompts across 6 pipelines based on 546801 datasets in 4833.2149 seconds.
