2026-01-03 23:32:24 | DEBUG    | fedaugment.utils.misc:106 | Experiment setup complete (redirected 530 loggers)
2026-01-03 23:32:24 | DEBUG    | fedaugment.utils.misc:109 | Set PYTORCH_ALLOC_CONF to 'expandable_segments:True'
2026-01-03 23:32:24 | INFO     | __main__:13 | Initializing models...
2026-01-03 23:32:27 | DEBUG    | fedaugment.embeddings.models.sentence_transformer_model:56 | Compiling model...
2026-01-03 23:32:29 | DEBUG    | fedaugment.embeddings.models.sentence_transformer_model:58 | sentence-transformers/all-MiniLM-L6-v2 model compiled.
2026-01-03 23:32:31 | DEBUG    | fedaugment.embeddings.models.sentence_transformer_model:56 | Compiling model...
2026-01-03 23:32:31 | DEBUG    | fedaugment.embeddings.models.sentence_transformer_model:58 | sentence-transformers/all-MiniLM-L12-v2 model compiled.
2026-01-03 23:32:33 | DEBUG    | fedaugment.embeddings.models.sentence_transformer_model:56 | Compiling model...
2026-01-03 23:32:33 | DEBUG    | fedaugment.embeddings.models.sentence_transformer_model:58 | sentence-transformers/all-mpnet-base-v2 model compiled.
2026-01-03 23:32:36 | DEBUG    | fedaugment.embeddings.models.sentence_transformer_model:56 | Compiling model...
2026-01-03 23:32:36 | DEBUG    | fedaugment.embeddings.models.sentence_transformer_model:58 | sentence-transformers/all-distilroberta-v1 model compiled.
2026-01-03 23:32:38 | DEBUG    | fedaugment.embeddings.models.sentence_transformer_model:56 | Compiling model...
2026-01-03 23:32:38 | DEBUG    | fedaugment.embeddings.models.sentence_transformer_model:58 | sentence-transformers/gtr-t5-base model compiled.
2026-01-03 23:32:40 | DEBUG    | fedaugment.embeddings.models.sentence_transformer_model:56 | Compiling model...
2026-01-03 23:32:40 | DEBUG    | fedaugment.embeddings.models.sentence_transformer_model:58 | thenlper/gte-base model compiled.
2026-01-03 23:32:40 | INFO     | __main__:48 | Creating prompt strategies...
2026-01-03 23:32:40 | INFO     | __main__:54 | Creating pipeline composer...
2026-01-03 23:32:40 | INFO     | __main__:101 | Registering datasets from data/datasets/webtable/sample-001/fft_cos-mpnet-dj_adpt-k=12609...
2026-01-03 23:32:40 | INFO     | fedaugment.dataset_loader:51 | Initializing dataset loader with datasets from data/datasets/webtable/sample-001/fft_cos-mpnet-dj_adpt-k=12609...
2026-01-03 23:32:40 | SUCCESS  | fedaugment.dataset_loader:64 | Discovered 12248 file paths for lazy loading in 0.1279 seconds.
2026-01-03 23:32:40 | INFO     | __main__:105 | Starting embedding generation...
2026-01-03 23:32:40 | INFO     | fedaugment.embeddings.pipeline_composer:82 | Embedding 12248 datasets in 1 batch(es) of up to 12248 datasets each.
2026-01-03 23:32:40 | INFO     | fedaugment.dataset_loader:74 | Loading datasets...
2026-01-03 23:32:47 | INFO     | fedaugment.embeddings.pipeline_composer:91 | Processing batch 1/1...
2026-01-03 23:32:47 | INFO     | fedaugment.embeddings.pipeline_composer:178 | Generating prompts with strategy dj_adpt...
2026-01-03 23:32:52 | INFO     | fedaugment.embeddings.pipeline_composer:283 | Generated 12609 prompts in 5.6668 seconds.
2026-01-03 23:32:52 | DEBUG    | fedaugment.embeddings.pipeline_composer:284 | Available memory: 484.12 GB (memory usage: 3.9%)
2026-01-03 23:32:52 | INFO     | fedaugment.embeddings.pipeline_composer:203 | Embedding prompts with pipeline mini_l6-dj_adpt (batch 1/1)...
2026-01-03 23:33:05 | INFO     | fedaugment.embeddings.pipeline_composer:212 | Embedded 12609 prompts in 12.2185 seconds.
2026-01-03 23:33:05 | INFO     | fedaugment.embeddings.pipeline_composer:218 | Post-processing embeddings for pipeline mini_l6-dj_adpt...
2026-01-03 23:33:05 | INFO     | fedaugment.embeddings.pipeline_composer:221 | Post-processed embeddings in 0.0173 seconds.
2026-01-03 23:33:05 | WARNING  | fedaugment.utils.misc:102 | UserWarning: Custom dtypes are saved as python objects using the pickle protocol. Loading this file requires allow_pickle=True to be set. (/home/lennart-ldap/projects/fedaugment/.venv/lib/python3.13/site-packages/numpy/lib/_format_impl.py:393)
2026-01-03 23:33:05 | INFO     | fedaugment.embeddings.pipeline_composer:234 | Created new NPY file: data/embeddings/webtable/sample-001/fft_cos-mpnet-dj_adpt-k=12609/mini_l6-dj_adpt.fa/embeddings.npy
2026-01-03 23:33:05 | INFO     | fedaugment.embeddings.pipeline_composer:203 | Embedding prompts with pipeline mini_l12-dj_adpt (batch 1/1)...
2026-01-03 23:33:14 | INFO     | fedaugment.embeddings.pipeline_composer:212 | Embedded 12609 prompts in 9.4085 seconds.
2026-01-03 23:33:14 | INFO     | fedaugment.embeddings.pipeline_composer:218 | Post-processing embeddings for pipeline mini_l12-dj_adpt...
2026-01-03 23:33:14 | INFO     | fedaugment.embeddings.pipeline_composer:221 | Post-processed embeddings in 0.0131 seconds.
2026-01-03 23:33:14 | INFO     | fedaugment.embeddings.pipeline_composer:234 | Created new NPY file: data/embeddings/webtable/sample-001/fft_cos-mpnet-dj_adpt-k=12609/mini_l12-dj_adpt.fa/embeddings.npy
2026-01-03 23:33:14 | INFO     | fedaugment.embeddings.pipeline_composer:203 | Embedding prompts with pipeline mpnet-dj_adpt (batch 1/1)...
2026-01-03 23:34:10 | INFO     | fedaugment.embeddings.pipeline_composer:212 | Embedded 12609 prompts in 56.1571 seconds.
2026-01-03 23:34:10 | INFO     | fedaugment.embeddings.pipeline_composer:218 | Post-processing embeddings for pipeline mpnet-dj_adpt...
2026-01-03 23:34:10 | INFO     | fedaugment.embeddings.pipeline_composer:221 | Post-processed embeddings in 0.0180 seconds.
2026-01-03 23:34:10 | INFO     | fedaugment.embeddings.pipeline_composer:234 | Created new NPY file: data/embeddings/webtable/sample-001/fft_cos-mpnet-dj_adpt-k=12609/mpnet-dj_adpt.fa/embeddings.npy
2026-01-03 23:34:10 | INFO     | fedaugment.embeddings.pipeline_composer:203 | Embedding prompts with pipeline distilroberta-dj_adpt (batch 1/1)...
2026-01-03 23:34:48 | INFO     | fedaugment.embeddings.pipeline_composer:212 | Embedded 12609 prompts in 38.0681 seconds.
2026-01-03 23:34:48 | INFO     | fedaugment.embeddings.pipeline_composer:218 | Post-processing embeddings for pipeline distilroberta-dj_adpt...
2026-01-03 23:34:48 | INFO     | fedaugment.embeddings.pipeline_composer:221 | Post-processed embeddings in 0.0319 seconds.
2026-01-03 23:34:48 | INFO     | fedaugment.embeddings.pipeline_composer:234 | Created new NPY file: data/embeddings/webtable/sample-001/fft_cos-mpnet-dj_adpt-k=12609/distilroberta-dj_adpt.fa/embeddings.npy
2026-01-03 23:34:48 | INFO     | fedaugment.embeddings.pipeline_composer:203 | Embedding prompts with pipeline gtr_t5-dj_adpt (batch 1/1)...
2026-01-03 23:36:03 | INFO     | fedaugment.embeddings.pipeline_composer:212 | Embedded 12609 prompts in 74.2072 seconds.
2026-01-03 23:36:03 | INFO     | fedaugment.embeddings.pipeline_composer:218 | Post-processing embeddings for pipeline gtr_t5-dj_adpt...
2026-01-03 23:36:03 | INFO     | fedaugment.embeddings.pipeline_composer:221 | Post-processed embeddings in 0.0196 seconds.
2026-01-03 23:36:03 | INFO     | fedaugment.embeddings.pipeline_composer:234 | Created new NPY file: data/embeddings/webtable/sample-001/fft_cos-mpnet-dj_adpt-k=12609/gtr_t5-dj_adpt.fa/embeddings.npy
2026-01-03 23:36:03 | INFO     | fedaugment.embeddings.pipeline_composer:203 | Embedding prompts with pipeline gte_base-dj_adpt (batch 1/1)...
2026-01-03 23:37:05 | INFO     | fedaugment.embeddings.pipeline_composer:212 | Embedded 12609 prompts in 61.8681 seconds.
2026-01-03 23:37:05 | INFO     | fedaugment.embeddings.pipeline_composer:218 | Post-processing embeddings for pipeline gte_base-dj_adpt...
2026-01-03 23:37:05 | INFO     | fedaugment.embeddings.pipeline_composer:221 | Post-processed embeddings in 0.0184 seconds.
2026-01-03 23:37:05 | INFO     | fedaugment.embeddings.pipeline_composer:234 | Created new NPY file: data/embeddings/webtable/sample-001/fft_cos-mpnet-dj_adpt-k=12609/gte_base-dj_adpt.fa/embeddings.npy
2026-01-03 23:37:05 | SUCCESS  | fedaugment.embeddings.pipeline_composer:99 | Embedded 75654 prompts across 6 pipelines based on 12248 datasets in 264.1218 seconds.
2026-01-03 23:37:05 | INFO     | __main__:101 | Registering datasets from data/datasets/webtable/sample-001/fft_cos-mpnet-dj_adpt-k=12609-pca=0.9...
2026-01-03 23:37:05 | INFO     | fedaugment.dataset_loader:51 | Initializing dataset loader with datasets from data/datasets/webtable/sample-001/fft_cos-mpnet-dj_adpt-k=12609-pca=0.9...
2026-01-03 23:37:05 | SUCCESS  | fedaugment.dataset_loader:64 | Discovered 11991 file paths for lazy loading in 0.0869 seconds.
2026-01-03 23:37:05 | INFO     | __main__:105 | Starting embedding generation...
2026-01-03 23:37:05 | INFO     | fedaugment.embeddings.pipeline_composer:82 | Embedding 11991 datasets in 1 batch(es) of up to 11991 datasets each.
2026-01-03 23:37:05 | INFO     | fedaugment.dataset_loader:74 | Loading datasets...
2026-01-03 23:37:12 | INFO     | fedaugment.embeddings.pipeline_composer:91 | Processing batch 1/1...
2026-01-03 23:37:12 | INFO     | fedaugment.embeddings.pipeline_composer:178 | Generating prompts with strategy dj_adpt...
2026-01-03 23:37:20 | INFO     | fedaugment.embeddings.pipeline_composer:283 | Generated 12609 prompts in 7.5973 seconds.
2026-01-03 23:37:20 | DEBUG    | fedaugment.embeddings.pipeline_composer:284 | Available memory: 480.77 GB (memory usage: 4.5%)
2026-01-03 23:37:20 | INFO     | fedaugment.embeddings.pipeline_composer:203 | Embedding prompts with pipeline mini_l6-dj_adpt (batch 1/1)...
2026-01-03 23:37:25 | INFO     | fedaugment.embeddings.pipeline_composer:212 | Embedded 12609 prompts in 5.1510 seconds.
2026-01-03 23:37:25 | INFO     | fedaugment.embeddings.pipeline_composer:218 | Post-processing embeddings for pipeline mini_l6-dj_adpt...
2026-01-03 23:37:25 | INFO     | fedaugment.embeddings.pipeline_composer:221 | Post-processed embeddings in 0.0158 seconds.
2026-01-03 23:37:25 | INFO     | fedaugment.embeddings.pipeline_composer:234 | Created new NPY file: data/embeddings/webtable/sample-001/fft_cos-mpnet-dj_adpt-k=12609-pca=0.9/mini_l6-dj_adpt.fa/embeddings.npy
2026-01-03 23:37:25 | INFO     | fedaugment.embeddings.pipeline_composer:203 | Embedding prompts with pipeline mini_l12-dj_adpt (batch 1/1)...
2026-01-03 23:37:31 | INFO     | fedaugment.embeddings.pipeline_composer:212 | Embedded 12609 prompts in 6.0272 seconds.
2026-01-03 23:37:31 | INFO     | fedaugment.embeddings.pipeline_composer:218 | Post-processing embeddings for pipeline mini_l12-dj_adpt...
2026-01-03 23:37:31 | INFO     | fedaugment.embeddings.pipeline_composer:221 | Post-processed embeddings in 0.0088 seconds.
2026-01-03 23:37:31 | INFO     | fedaugment.embeddings.pipeline_composer:234 | Created new NPY file: data/embeddings/webtable/sample-001/fft_cos-mpnet-dj_adpt-k=12609-pca=0.9/mini_l12-dj_adpt.fa/embeddings.npy
2026-01-03 23:37:31 | INFO     | fedaugment.embeddings.pipeline_composer:203 | Embedding prompts with pipeline mpnet-dj_adpt (batch 1/1)...
2026-01-03 23:37:53 | INFO     | fedaugment.embeddings.pipeline_composer:212 | Embedded 12609 prompts in 21.5335 seconds.
2026-01-03 23:37:53 | INFO     | fedaugment.embeddings.pipeline_composer:218 | Post-processing embeddings for pipeline mpnet-dj_adpt...
2026-01-03 23:37:53 | INFO     | fedaugment.embeddings.pipeline_composer:221 | Post-processed embeddings in 0.0300 seconds.
2026-01-03 23:37:53 | INFO     | fedaugment.embeddings.pipeline_composer:234 | Created new NPY file: data/embeddings/webtable/sample-001/fft_cos-mpnet-dj_adpt-k=12609-pca=0.9/mpnet-dj_adpt.fa/embeddings.npy
2026-01-03 23:37:53 | INFO     | fedaugment.embeddings.pipeline_composer:203 | Embedding prompts with pipeline distilroberta-dj_adpt (batch 1/1)...
2026-01-03 23:38:09 | INFO     | fedaugment.embeddings.pipeline_composer:212 | Embedded 12609 prompts in 16.0432 seconds.
2026-01-03 23:38:09 | INFO     | fedaugment.embeddings.pipeline_composer:218 | Post-processing embeddings for pipeline distilroberta-dj_adpt...
2026-01-03 23:38:09 | INFO     | fedaugment.embeddings.pipeline_composer:221 | Post-processed embeddings in 0.0196 seconds.
2026-01-03 23:38:09 | INFO     | fedaugment.embeddings.pipeline_composer:234 | Created new NPY file: data/embeddings/webtable/sample-001/fft_cos-mpnet-dj_adpt-k=12609-pca=0.9/distilroberta-dj_adpt.fa/embeddings.npy
2026-01-03 23:38:09 | INFO     | fedaugment.embeddings.pipeline_composer:203 | Embedding prompts with pipeline gtr_t5-dj_adpt (batch 1/1)...
2026-01-03 23:38:32 | INFO     | fedaugment.embeddings.pipeline_composer:212 | Embedded 12609 prompts in 23.3373 seconds.
2026-01-03 23:38:32 | INFO     | fedaugment.embeddings.pipeline_composer:218 | Post-processing embeddings for pipeline gtr_t5-dj_adpt...
2026-01-03 23:38:32 | INFO     | fedaugment.embeddings.pipeline_composer:221 | Post-processed embeddings in 0.0187 seconds.
2026-01-03 23:38:32 | INFO     | fedaugment.embeddings.pipeline_composer:234 | Created new NPY file: data/embeddings/webtable/sample-001/fft_cos-mpnet-dj_adpt-k=12609-pca=0.9/gtr_t5-dj_adpt.fa/embeddings.npy
2026-01-03 23:38:32 | INFO     | fedaugment.embeddings.pipeline_composer:203 | Embedding prompts with pipeline gte_base-dj_adpt (batch 1/1)...
2026-01-03 23:38:54 | INFO     | fedaugment.embeddings.pipeline_composer:212 | Embedded 12609 prompts in 21.8309 seconds.
2026-01-03 23:38:54 | INFO     | fedaugment.embeddings.pipeline_composer:218 | Post-processing embeddings for pipeline gte_base-dj_adpt...
2026-01-03 23:38:54 | INFO     | fedaugment.embeddings.pipeline_composer:221 | Post-processed embeddings in 0.0181 seconds.
2026-01-03 23:38:54 | INFO     | fedaugment.embeddings.pipeline_composer:234 | Created new NPY file: data/embeddings/webtable/sample-001/fft_cos-mpnet-dj_adpt-k=12609-pca=0.9/gte_base-dj_adpt.fa/embeddings.npy
2026-01-03 23:38:54 | SUCCESS  | fedaugment.embeddings.pipeline_composer:99 | Embedded 75654 prompts across 6 pipelines based on 11991 datasets in 109.1796 seconds.
2026-01-03 23:38:54 | INFO     | __main__:101 | Registering datasets from data/datasets/webtable/sample-001/fft_euc-mpnet-dj_adpt-k=12609...
2026-01-03 23:38:54 | INFO     | fedaugment.dataset_loader:51 | Initializing dataset loader with datasets from data/datasets/webtable/sample-001/fft_euc-mpnet-dj_adpt-k=12609...
2026-01-03 23:38:54 | SUCCESS  | fedaugment.dataset_loader:64 | Discovered 12252 file paths for lazy loading in 0.0913 seconds.
2026-01-03 23:38:54 | INFO     | __main__:105 | Starting embedding generation...
2026-01-03 23:38:54 | INFO     | fedaugment.embeddings.pipeline_composer:82 | Embedding 12252 datasets in 1 batch(es) of up to 12252 datasets each.
2026-01-03 23:38:54 | INFO     | fedaugment.dataset_loader:74 | Loading datasets...
2026-01-03 23:39:01 | INFO     | fedaugment.embeddings.pipeline_composer:91 | Processing batch 1/1...
2026-01-03 23:39:01 | INFO     | fedaugment.embeddings.pipeline_composer:178 | Generating prompts with strategy dj_adpt...
2026-01-03 23:39:08 | INFO     | fedaugment.embeddings.pipeline_composer:283 | Generated 12609 prompts in 7.3215 seconds.
2026-01-03 23:39:08 | DEBUG    | fedaugment.embeddings.pipeline_composer:284 | Available memory: 480.76 GB (memory usage: 4.5%)
2026-01-03 23:39:08 | INFO     | fedaugment.embeddings.pipeline_composer:203 | Embedding prompts with pipeline mini_l6-dj_adpt (batch 1/1)...
2026-01-03 23:39:19 | INFO     | fedaugment.embeddings.pipeline_composer:212 | Embedded 12609 prompts in 10.4132 seconds.
2026-01-03 23:39:19 | INFO     | fedaugment.embeddings.pipeline_composer:218 | Post-processing embeddings for pipeline mini_l6-dj_adpt...
2026-01-03 23:39:19 | INFO     | fedaugment.embeddings.pipeline_composer:221 | Post-processed embeddings in 0.0122 seconds.
2026-01-03 23:39:19 | INFO     | fedaugment.embeddings.pipeline_composer:234 | Created new NPY file: data/embeddings/webtable/sample-001/fft_euc-mpnet-dj_adpt-k=12609/mini_l6-dj_adpt.fa/embeddings.npy
2026-01-03 23:39:19 | INFO     | fedaugment.embeddings.pipeline_composer:203 | Embedding prompts with pipeline mini_l12-dj_adpt (batch 1/1)...
2026-01-03 23:39:28 | INFO     | fedaugment.embeddings.pipeline_composer:212 | Embedded 12609 prompts in 9.1214 seconds.
2026-01-03 23:39:28 | INFO     | fedaugment.embeddings.pipeline_composer:218 | Post-processing embeddings for pipeline mini_l12-dj_adpt...
2026-01-03 23:39:28 | INFO     | fedaugment.embeddings.pipeline_composer:221 | Post-processed embeddings in 0.0089 seconds.
2026-01-03 23:39:28 | INFO     | fedaugment.embeddings.pipeline_composer:234 | Created new NPY file: data/embeddings/webtable/sample-001/fft_euc-mpnet-dj_adpt-k=12609/mini_l12-dj_adpt.fa/embeddings.npy
2026-01-03 23:39:28 | INFO     | fedaugment.embeddings.pipeline_composer:203 | Embedding prompts with pipeline mpnet-dj_adpt (batch 1/1)...
2026-01-03 23:40:24 | INFO     | fedaugment.embeddings.pipeline_composer:212 | Embedded 12609 prompts in 55.8281 seconds.
2026-01-03 23:40:24 | INFO     | fedaugment.embeddings.pipeline_composer:218 | Post-processing embeddings for pipeline mpnet-dj_adpt...
2026-01-03 23:40:24 | INFO     | fedaugment.embeddings.pipeline_composer:221 | Post-processed embeddings in 0.0216 seconds.
2026-01-03 23:40:24 | INFO     | fedaugment.embeddings.pipeline_composer:234 | Created new NPY file: data/embeddings/webtable/sample-001/fft_euc-mpnet-dj_adpt-k=12609/mpnet-dj_adpt.fa/embeddings.npy
2026-01-03 23:40:24 | INFO     | fedaugment.embeddings.pipeline_composer:203 | Embedding prompts with pipeline distilroberta-dj_adpt (batch 1/1)...
2026-01-03 23:41:01 | INFO     | fedaugment.embeddings.pipeline_composer:212 | Embedded 12609 prompts in 36.7152 seconds.
2026-01-03 23:41:01 | INFO     | fedaugment.embeddings.pipeline_composer:218 | Post-processing embeddings for pipeline distilroberta-dj_adpt...
2026-01-03 23:41:01 | INFO     | fedaugment.embeddings.pipeline_composer:221 | Post-processed embeddings in 0.0321 seconds.
2026-01-03 23:41:01 | INFO     | fedaugment.embeddings.pipeline_composer:234 | Created new NPY file: data/embeddings/webtable/sample-001/fft_euc-mpnet-dj_adpt-k=12609/distilroberta-dj_adpt.fa/embeddings.npy
2026-01-03 23:41:01 | INFO     | fedaugment.embeddings.pipeline_composer:203 | Embedding prompts with pipeline gtr_t5-dj_adpt (batch 1/1)...
2026-01-03 23:42:15 | INFO     | fedaugment.embeddings.pipeline_composer:212 | Embedded 12609 prompts in 74.3386 seconds.
2026-01-03 23:42:15 | INFO     | fedaugment.embeddings.pipeline_composer:218 | Post-processing embeddings for pipeline gtr_t5-dj_adpt...
2026-01-03 23:42:15 | INFO     | fedaugment.embeddings.pipeline_composer:221 | Post-processed embeddings in 0.0265 seconds.
2026-01-03 23:42:15 | INFO     | fedaugment.embeddings.pipeline_composer:234 | Created new NPY file: data/embeddings/webtable/sample-001/fft_euc-mpnet-dj_adpt-k=12609/gtr_t5-dj_adpt.fa/embeddings.npy
2026-01-03 23:42:15 | INFO     | fedaugment.embeddings.pipeline_composer:203 | Embedding prompts with pipeline gte_base-dj_adpt (batch 1/1)...
2026-01-03 23:43:18 | INFO     | fedaugment.embeddings.pipeline_composer:212 | Embedded 12609 prompts in 62.6202 seconds.
2026-01-03 23:43:18 | INFO     | fedaugment.embeddings.pipeline_composer:218 | Post-processing embeddings for pipeline gte_base-dj_adpt...
2026-01-03 23:43:18 | INFO     | fedaugment.embeddings.pipeline_composer:221 | Post-processed embeddings in 0.0183 seconds.
2026-01-03 23:43:18 | INFO     | fedaugment.embeddings.pipeline_composer:234 | Created new NPY file: data/embeddings/webtable/sample-001/fft_euc-mpnet-dj_adpt-k=12609/gte_base-dj_adpt.fa/embeddings.npy
2026-01-03 23:43:18 | SUCCESS  | fedaugment.embeddings.pipeline_composer:99 | Embedded 75654 prompts across 6 pipelines based on 12252 datasets in 263.5893 seconds.
2026-01-03 23:43:18 | INFO     | __main__:101 | Registering datasets from data/datasets/webtable/sample-001/fft_euc-mpnet-dj_adpt-k=12609-pca=0.9...
2026-01-03 23:43:18 | INFO     | fedaugment.dataset_loader:51 | Initializing dataset loader with datasets from data/datasets/webtable/sample-001/fft_euc-mpnet-dj_adpt-k=12609-pca=0.9...
2026-01-03 23:43:18 | SUCCESS  | fedaugment.dataset_loader:64 | Discovered 12236 file paths for lazy loading in 0.0823 seconds.
2026-01-03 23:43:18 | INFO     | __main__:105 | Starting embedding generation...
2026-01-03 23:43:18 | INFO     | fedaugment.embeddings.pipeline_composer:82 | Embedding 12236 datasets in 1 batch(es) of up to 12236 datasets each.
2026-01-03 23:43:18 | INFO     | fedaugment.dataset_loader:74 | Loading datasets...
2026-01-03 23:43:25 | INFO     | fedaugment.embeddings.pipeline_composer:91 | Processing batch 1/1...
2026-01-03 23:43:25 | INFO     | fedaugment.embeddings.pipeline_composer:178 | Generating prompts with strategy dj_adpt...
2026-01-03 23:43:31 | INFO     | fedaugment.embeddings.pipeline_composer:283 | Generated 12609 prompts in 6.7237 seconds.
2026-01-03 23:43:31 | DEBUG    | fedaugment.embeddings.pipeline_composer:284 | Available memory: 480.62 GB (memory usage: 4.5%)
2026-01-03 23:43:31 | INFO     | fedaugment.embeddings.pipeline_composer:203 | Embedding prompts with pipeline mini_l6-dj_adpt (batch 1/1)...
2026-01-03 23:43:42 | INFO     | fedaugment.embeddings.pipeline_composer:212 | Embedded 12609 prompts in 10.8882 seconds.
2026-01-03 23:43:42 | INFO     | fedaugment.embeddings.pipeline_composer:218 | Post-processing embeddings for pipeline mini_l6-dj_adpt...
2026-01-03 23:43:42 | INFO     | fedaugment.embeddings.pipeline_composer:221 | Post-processed embeddings in 0.0167 seconds.
2026-01-03 23:43:42 | INFO     | fedaugment.embeddings.pipeline_composer:234 | Created new NPY file: data/embeddings/webtable/sample-001/fft_euc-mpnet-dj_adpt-k=12609-pca=0.9/mini_l6-dj_adpt.fa/embeddings.npy
2026-01-03 23:43:42 | INFO     | fedaugment.embeddings.pipeline_composer:203 | Embedding prompts with pipeline mini_l12-dj_adpt (batch 1/1)...
2026-01-03 23:43:51 | INFO     | fedaugment.embeddings.pipeline_composer:212 | Embedded 12609 prompts in 8.6877 seconds.
2026-01-03 23:43:51 | INFO     | fedaugment.embeddings.pipeline_composer:218 | Post-processing embeddings for pipeline mini_l12-dj_adpt...
2026-01-03 23:43:51 | INFO     | fedaugment.embeddings.pipeline_composer:221 | Post-processed embeddings in 0.0126 seconds.
2026-01-03 23:43:51 | INFO     | fedaugment.embeddings.pipeline_composer:234 | Created new NPY file: data/embeddings/webtable/sample-001/fft_euc-mpnet-dj_adpt-k=12609-pca=0.9/mini_l12-dj_adpt.fa/embeddings.npy
2026-01-03 23:43:51 | INFO     | fedaugment.embeddings.pipeline_composer:203 | Embedding prompts with pipeline mpnet-dj_adpt (batch 1/1)...
2026-01-03 23:44:43 | INFO     | fedaugment.embeddings.pipeline_composer:212 | Embedded 12609 prompts in 51.9523 seconds.
2026-01-03 23:44:43 | INFO     | fedaugment.embeddings.pipeline_composer:218 | Post-processing embeddings for pipeline mpnet-dj_adpt...
2026-01-03 23:44:43 | INFO     | fedaugment.embeddings.pipeline_composer:221 | Post-processed embeddings in 0.0186 seconds.
2026-01-03 23:44:43 | INFO     | fedaugment.embeddings.pipeline_composer:234 | Created new NPY file: data/embeddings/webtable/sample-001/fft_euc-mpnet-dj_adpt-k=12609-pca=0.9/mpnet-dj_adpt.fa/embeddings.npy
2026-01-03 23:44:43 | INFO     | fedaugment.embeddings.pipeline_composer:203 | Embedding prompts with pipeline distilroberta-dj_adpt (batch 1/1)...
2026-01-03 23:45:17 | INFO     | fedaugment.embeddings.pipeline_composer:212 | Embedded 12609 prompts in 34.3082 seconds.
2026-01-03 23:45:17 | INFO     | fedaugment.embeddings.pipeline_composer:218 | Post-processing embeddings for pipeline distilroberta-dj_adpt...
2026-01-03 23:45:17 | INFO     | fedaugment.embeddings.pipeline_composer:221 | Post-processed embeddings in 0.0311 seconds.
2026-01-03 23:45:17 | INFO     | fedaugment.embeddings.pipeline_composer:234 | Created new NPY file: data/embeddings/webtable/sample-001/fft_euc-mpnet-dj_adpt-k=12609-pca=0.9/distilroberta-dj_adpt.fa/embeddings.npy
2026-01-03 23:45:17 | INFO     | fedaugment.embeddings.pipeline_composer:203 | Embedding prompts with pipeline gtr_t5-dj_adpt (batch 1/1)...
2026-01-03 23:46:23 | INFO     | fedaugment.embeddings.pipeline_composer:212 | Embedded 12609 prompts in 65.6905 seconds.
2026-01-03 23:46:23 | INFO     | fedaugment.embeddings.pipeline_composer:218 | Post-processing embeddings for pipeline gtr_t5-dj_adpt...
2026-01-03 23:46:23 | INFO     | fedaugment.embeddings.pipeline_composer:221 | Post-processed embeddings in 0.0205 seconds.
2026-01-03 23:46:23 | INFO     | fedaugment.embeddings.pipeline_composer:234 | Created new NPY file: data/embeddings/webtable/sample-001/fft_euc-mpnet-dj_adpt-k=12609-pca=0.9/gtr_t5-dj_adpt.fa/embeddings.npy
2026-01-03 23:46:23 | INFO     | fedaugment.embeddings.pipeline_composer:203 | Embedding prompts with pipeline gte_base-dj_adpt (batch 1/1)...
2026-01-03 23:47:19 | INFO     | fedaugment.embeddings.pipeline_composer:212 | Embedded 12609 prompts in 55.9343 seconds.
2026-01-03 23:47:19 | INFO     | fedaugment.embeddings.pipeline_composer:218 | Post-processing embeddings for pipeline gte_base-dj_adpt...
2026-01-03 23:47:19 | INFO     | fedaugment.embeddings.pipeline_composer:221 | Post-processed embeddings in 0.0313 seconds.
2026-01-03 23:47:19 | INFO     | fedaugment.embeddings.pipeline_composer:234 | Created new NPY file: data/embeddings/webtable/sample-001/fft_euc-mpnet-dj_adpt-k=12609-pca=0.9/gte_base-dj_adpt.fa/embeddings.npy
2026-01-03 23:47:19 | SUCCESS  | fedaugment.embeddings.pipeline_composer:99 | Embedded 75654 prompts across 6 pipelines based on 12236 datasets in 241.3910 seconds.
2026-01-03 23:47:19 | INFO     | __main__:101 | Registering datasets from data/datasets/webtable/sample-001/grid-mpnet-dj_adpt-k=12609...
2026-01-03 23:47:19 | INFO     | fedaugment.dataset_loader:51 | Initializing dataset loader with datasets from data/datasets/webtable/sample-001/grid-mpnet-dj_adpt-k=12609...
2026-01-03 23:47:19 | SUCCESS  | fedaugment.dataset_loader:64 | Discovered 12544 file paths for lazy loading in 0.1457 seconds.
2026-01-03 23:47:19 | INFO     | __main__:105 | Starting embedding generation...
2026-01-03 23:47:19 | INFO     | fedaugment.embeddings.pipeline_composer:82 | Embedding 12544 datasets in 1 batch(es) of up to 12544 datasets each.
2026-01-03 23:47:19 | INFO     | fedaugment.dataset_loader:74 | Loading datasets...
2026-01-03 23:47:27 | INFO     | fedaugment.embeddings.pipeline_composer:91 | Processing batch 1/1...
2026-01-03 23:47:27 | INFO     | fedaugment.embeddings.pipeline_composer:178 | Generating prompts with strategy dj_adpt...
2026-01-03 23:47:35 | INFO     | fedaugment.embeddings.pipeline_composer:283 | Generated 12609 prompts in 7.6333 seconds.
2026-01-03 23:47:35 | DEBUG    | fedaugment.embeddings.pipeline_composer:284 | Available memory: 478.56 GB (memory usage: 5.0%)
2026-01-03 23:47:35 | INFO     | fedaugment.embeddings.pipeline_composer:203 | Embedding prompts with pipeline mini_l6-dj_adpt (batch 1/1)...
2026-01-03 23:47:41 | INFO     | fedaugment.embeddings.pipeline_composer:212 | Embedded 12609 prompts in 6.0494 seconds.
2026-01-03 23:47:41 | INFO     | fedaugment.embeddings.pipeline_composer:218 | Post-processing embeddings for pipeline mini_l6-dj_adpt...
2026-01-03 23:47:41 | INFO     | fedaugment.embeddings.pipeline_composer:221 | Post-processed embeddings in 0.0120 seconds.
2026-01-03 23:47:41 | INFO     | fedaugment.embeddings.pipeline_composer:234 | Created new NPY file: data/embeddings/webtable/sample-001/grid-mpnet-dj_adpt-k=12609/mini_l6-dj_adpt.fa/embeddings.npy
2026-01-03 23:47:41 | INFO     | fedaugment.embeddings.pipeline_composer:203 | Embedding prompts with pipeline mini_l12-dj_adpt (batch 1/1)...
2026-01-03 23:47:47 | INFO     | fedaugment.embeddings.pipeline_composer:212 | Embedded 12609 prompts in 6.0220 seconds.
2026-01-03 23:47:47 | INFO     | fedaugment.embeddings.pipeline_composer:218 | Post-processing embeddings for pipeline mini_l12-dj_adpt...
2026-01-03 23:47:47 | INFO     | fedaugment.embeddings.pipeline_composer:221 | Post-processed embeddings in 0.0089 seconds.
2026-01-03 23:47:47 | INFO     | fedaugment.embeddings.pipeline_composer:234 | Created new NPY file: data/embeddings/webtable/sample-001/grid-mpnet-dj_adpt-k=12609/mini_l12-dj_adpt.fa/embeddings.npy
2026-01-03 23:47:47 | INFO     | fedaugment.embeddings.pipeline_composer:203 | Embedding prompts with pipeline mpnet-dj_adpt (batch 1/1)...
2026-01-03 23:48:14 | INFO     | fedaugment.embeddings.pipeline_composer:212 | Embedded 12609 prompts in 26.3965 seconds.
2026-01-03 23:48:14 | INFO     | fedaugment.embeddings.pipeline_composer:218 | Post-processing embeddings for pipeline mpnet-dj_adpt...
2026-01-03 23:48:14 | INFO     | fedaugment.embeddings.pipeline_composer:221 | Post-processed embeddings in 0.0190 seconds.
2026-01-03 23:48:14 | INFO     | fedaugment.embeddings.pipeline_composer:234 | Created new NPY file: data/embeddings/webtable/sample-001/grid-mpnet-dj_adpt-k=12609/mpnet-dj_adpt.fa/embeddings.npy
2026-01-03 23:48:14 | INFO     | fedaugment.embeddings.pipeline_composer:203 | Embedding prompts with pipeline distilroberta-dj_adpt (batch 1/1)...
2026-01-03 23:48:32 | INFO     | fedaugment.embeddings.pipeline_composer:212 | Embedded 12609 prompts in 18.4843 seconds.
2026-01-03 23:48:32 | INFO     | fedaugment.embeddings.pipeline_composer:218 | Post-processing embeddings for pipeline distilroberta-dj_adpt...
2026-01-03 23:48:32 | INFO     | fedaugment.embeddings.pipeline_composer:221 | Post-processed embeddings in 0.0322 seconds.
2026-01-03 23:48:32 | INFO     | fedaugment.embeddings.pipeline_composer:234 | Created new NPY file: data/embeddings/webtable/sample-001/grid-mpnet-dj_adpt-k=12609/distilroberta-dj_adpt.fa/embeddings.npy
2026-01-03 23:48:32 | INFO     | fedaugment.embeddings.pipeline_composer:203 | Embedding prompts with pipeline gtr_t5-dj_adpt (batch 1/1)...
2026-01-03 23:49:01 | INFO     | fedaugment.embeddings.pipeline_composer:212 | Embedded 12609 prompts in 28.7911 seconds.
2026-01-03 23:49:01 | INFO     | fedaugment.embeddings.pipeline_composer:218 | Post-processing embeddings for pipeline gtr_t5-dj_adpt...
2026-01-03 23:49:01 | INFO     | fedaugment.embeddings.pipeline_composer:221 | Post-processed embeddings in 0.0187 seconds.
2026-01-03 23:49:01 | INFO     | fedaugment.embeddings.pipeline_composer:234 | Created new NPY file: data/embeddings/webtable/sample-001/grid-mpnet-dj_adpt-k=12609/gtr_t5-dj_adpt.fa/embeddings.npy
2026-01-03 23:49:01 | INFO     | fedaugment.embeddings.pipeline_composer:203 | Embedding prompts with pipeline gte_base-dj_adpt (batch 1/1)...
2026-01-03 23:49:28 | INFO     | fedaugment.embeddings.pipeline_composer:212 | Embedded 12609 prompts in 27.3701 seconds.
2026-01-03 23:49:28 | INFO     | fedaugment.embeddings.pipeline_composer:218 | Post-processing embeddings for pipeline gte_base-dj_adpt...
2026-01-03 23:49:28 | INFO     | fedaugment.embeddings.pipeline_composer:221 | Post-processed embeddings in 0.0191 seconds.
2026-01-03 23:49:28 | INFO     | fedaugment.embeddings.pipeline_composer:234 | Created new NPY file: data/embeddings/webtable/sample-001/grid-mpnet-dj_adpt-k=12609/gte_base-dj_adpt.fa/embeddings.npy
2026-01-03 23:49:28 | SUCCESS  | fedaugment.embeddings.pipeline_composer:99 | Embedded 75654 prompts across 6 pipelines based on 12544 datasets in 128.9907 seconds.
2026-01-03 23:49:29 | INFO     | __main__:101 | Registering datasets from data/datasets/webtable/sample-001/grid-mpnet-dj_adpt-k=12609-pca=0.9...
2026-01-03 23:49:29 | INFO     | fedaugment.dataset_loader:51 | Initializing dataset loader with datasets from data/datasets/webtable/sample-001/grid-mpnet-dj_adpt-k=12609-pca=0.9...
2026-01-03 23:49:29 | SUCCESS  | fedaugment.dataset_loader:64 | Discovered 12548 file paths for lazy loading in 0.0913 seconds.
2026-01-03 23:49:29 | INFO     | __main__:105 | Starting embedding generation...
2026-01-03 23:49:29 | INFO     | fedaugment.embeddings.pipeline_composer:82 | Embedding 12548 datasets in 1 batch(es) of up to 12548 datasets each.
2026-01-03 23:49:29 | INFO     | fedaugment.dataset_loader:74 | Loading datasets...
2026-01-03 23:49:35 | INFO     | fedaugment.embeddings.pipeline_composer:91 | Processing batch 1/1...
2026-01-03 23:49:35 | INFO     | fedaugment.embeddings.pipeline_composer:178 | Generating prompts with strategy dj_adpt...
2026-01-03 23:49:40 | INFO     | fedaugment.embeddings.pipeline_composer:283 | Generated 12609 prompts in 5.0742 seconds.
2026-01-03 23:49:40 | DEBUG    | fedaugment.embeddings.pipeline_composer:284 | Available memory: 476.50 GB (memory usage: 5.4%)
2026-01-03 23:49:40 | INFO     | fedaugment.embeddings.pipeline_composer:203 | Embedding prompts with pipeline mini_l6-dj_adpt (batch 1/1)...
2026-01-03 23:49:47 | INFO     | fedaugment.embeddings.pipeline_composer:212 | Embedded 12609 prompts in 6.1961 seconds.
2026-01-03 23:49:47 | INFO     | fedaugment.embeddings.pipeline_composer:218 | Post-processing embeddings for pipeline mini_l6-dj_adpt...
2026-01-03 23:49:47 | INFO     | fedaugment.embeddings.pipeline_composer:221 | Post-processed embeddings in 0.0119 seconds.
2026-01-03 23:49:47 | INFO     | fedaugment.embeddings.pipeline_composer:234 | Created new NPY file: data/embeddings/webtable/sample-001/grid-mpnet-dj_adpt-k=12609-pca=0.9/mini_l6-dj_adpt.fa/embeddings.npy
2026-01-03 23:49:47 | INFO     | fedaugment.embeddings.pipeline_composer:203 | Embedding prompts with pipeline mini_l12-dj_adpt (batch 1/1)...
2026-01-03 23:49:53 | INFO     | fedaugment.embeddings.pipeline_composer:212 | Embedded 12609 prompts in 6.8941 seconds.
2026-01-03 23:49:53 | INFO     | fedaugment.embeddings.pipeline_composer:218 | Post-processing embeddings for pipeline mini_l12-dj_adpt...
2026-01-03 23:49:53 | INFO     | fedaugment.embeddings.pipeline_composer:221 | Post-processed embeddings in 0.0086 seconds.
2026-01-03 23:49:53 | INFO     | fedaugment.embeddings.pipeline_composer:234 | Created new NPY file: data/embeddings/webtable/sample-001/grid-mpnet-dj_adpt-k=12609-pca=0.9/mini_l12-dj_adpt.fa/embeddings.npy
2026-01-03 23:49:53 | INFO     | fedaugment.embeddings.pipeline_composer:203 | Embedding prompts with pipeline mpnet-dj_adpt (batch 1/1)...
2026-01-03 23:50:20 | INFO     | fedaugment.embeddings.pipeline_composer:212 | Embedded 12609 prompts in 26.8640 seconds.
2026-01-03 23:50:20 | INFO     | fedaugment.embeddings.pipeline_composer:218 | Post-processing embeddings for pipeline mpnet-dj_adpt...
2026-01-03 23:50:20 | INFO     | fedaugment.embeddings.pipeline_composer:221 | Post-processed embeddings in 0.0181 seconds.
2026-01-03 23:50:20 | INFO     | fedaugment.embeddings.pipeline_composer:234 | Created new NPY file: data/embeddings/webtable/sample-001/grid-mpnet-dj_adpt-k=12609-pca=0.9/mpnet-dj_adpt.fa/embeddings.npy
2026-01-03 23:50:20 | INFO     | fedaugment.embeddings.pipeline_composer:203 | Embedding prompts with pipeline distilroberta-dj_adpt (batch 1/1)...
2026-01-03 23:50:39 | INFO     | fedaugment.embeddings.pipeline_composer:212 | Embedded 12609 prompts in 19.1048 seconds.
2026-01-03 23:50:39 | INFO     | fedaugment.embeddings.pipeline_composer:218 | Post-processing embeddings for pipeline distilroberta-dj_adpt...
2026-01-03 23:50:40 | INFO     | fedaugment.embeddings.pipeline_composer:221 | Post-processed embeddings in 0.0182 seconds.
2026-01-03 23:50:40 | INFO     | fedaugment.embeddings.pipeline_composer:234 | Created new NPY file: data/embeddings/webtable/sample-001/grid-mpnet-dj_adpt-k=12609-pca=0.9/distilroberta-dj_adpt.fa/embeddings.npy
2026-01-03 23:50:40 | INFO     | fedaugment.embeddings.pipeline_composer:203 | Embedding prompts with pipeline gtr_t5-dj_adpt (batch 1/1)...
2026-01-03 23:51:10 | INFO     | fedaugment.embeddings.pipeline_composer:212 | Embedded 12609 prompts in 30.2380 seconds.
2026-01-03 23:51:10 | INFO     | fedaugment.embeddings.pipeline_composer:218 | Post-processing embeddings for pipeline gtr_t5-dj_adpt...
2026-01-03 23:51:10 | INFO     | fedaugment.embeddings.pipeline_composer:221 | Post-processed embeddings in 0.0198 seconds.
2026-01-03 23:51:10 | INFO     | fedaugment.embeddings.pipeline_composer:234 | Created new NPY file: data/embeddings/webtable/sample-001/grid-mpnet-dj_adpt-k=12609-pca=0.9/gtr_t5-dj_adpt.fa/embeddings.npy
2026-01-03 23:51:10 | INFO     | fedaugment.embeddings.pipeline_composer:203 | Embedding prompts with pipeline gte_base-dj_adpt (batch 1/1)...
2026-01-03 23:51:38 | INFO     | fedaugment.embeddings.pipeline_composer:212 | Embedded 12609 prompts in 28.4501 seconds.
2026-01-03 23:51:38 | INFO     | fedaugment.embeddings.pipeline_composer:218 | Post-processing embeddings for pipeline gte_base-dj_adpt...
2026-01-03 23:51:38 | INFO     | fedaugment.embeddings.pipeline_composer:221 | Post-processed embeddings in 0.0180 seconds.
2026-01-03 23:51:38 | INFO     | fedaugment.embeddings.pipeline_composer:234 | Created new NPY file: data/embeddings/webtable/sample-001/grid-mpnet-dj_adpt-k=12609-pca=0.9/gte_base-dj_adpt.fa/embeddings.npy
2026-01-03 23:51:38 | SUCCESS  | fedaugment.embeddings.pipeline_composer:99 | Embedded 75654 prompts across 6 pipelines based on 12548 datasets in 129.6716 seconds.
2026-01-03 23:51:38 | INFO     | __main__:101 | Registering datasets from data/datasets/webtable/sample-001/random-mpnet-dj_adpt-k=12609...
2026-01-03 23:51:38 | INFO     | fedaugment.dataset_loader:51 | Initializing dataset loader with datasets from data/datasets/webtable/sample-001/random-mpnet-dj_adpt-k=12609...
2026-01-03 23:51:38 | SUCCESS  | fedaugment.dataset_loader:64 | Discovered 12571 file paths for lazy loading in 0.0928 seconds.
2026-01-03 23:51:38 | INFO     | __main__:105 | Starting embedding generation...
2026-01-03 23:51:38 | INFO     | fedaugment.embeddings.pipeline_composer:82 | Embedding 12571 datasets in 1 batch(es) of up to 12571 datasets each.
2026-01-03 23:51:38 | INFO     | fedaugment.dataset_loader:74 | Loading datasets...
2026-01-03 23:51:45 | INFO     | fedaugment.embeddings.pipeline_composer:91 | Processing batch 1/1...
2026-01-03 23:51:45 | INFO     | fedaugment.embeddings.pipeline_composer:178 | Generating prompts with strategy dj_adpt...
2026-01-03 23:51:53 | INFO     | fedaugment.embeddings.pipeline_composer:283 | Generated 12609 prompts in 7.4450 seconds.
2026-01-03 23:51:53 | DEBUG    | fedaugment.embeddings.pipeline_composer:284 | Available memory: 476.54 GB (memory usage: 5.4%)
2026-01-03 23:51:53 | INFO     | fedaugment.embeddings.pipeline_composer:203 | Embedding prompts with pipeline mini_l6-dj_adpt (batch 1/1)...
2026-01-03 23:51:58 | INFO     | fedaugment.embeddings.pipeline_composer:212 | Embedded 12609 prompts in 5.7226 seconds.
2026-01-03 23:51:58 | INFO     | fedaugment.embeddings.pipeline_composer:218 | Post-processing embeddings for pipeline mini_l6-dj_adpt...
2026-01-03 23:51:58 | INFO     | fedaugment.embeddings.pipeline_composer:221 | Post-processed embeddings in 0.0121 seconds.
2026-01-03 23:51:58 | INFO     | fedaugment.embeddings.pipeline_composer:234 | Created new NPY file: data/embeddings/webtable/sample-001/random-mpnet-dj_adpt-k=12609/mini_l6-dj_adpt.fa/embeddings.npy
2026-01-03 23:51:58 | INFO     | fedaugment.embeddings.pipeline_composer:203 | Embedding prompts with pipeline mini_l12-dj_adpt (batch 1/1)...
2026-01-03 23:52:04 | INFO     | fedaugment.embeddings.pipeline_composer:212 | Embedded 12609 prompts in 5.7049 seconds.
2026-01-03 23:52:04 | INFO     | fedaugment.embeddings.pipeline_composer:218 | Post-processing embeddings for pipeline mini_l12-dj_adpt...
2026-01-03 23:52:04 | INFO     | fedaugment.embeddings.pipeline_composer:221 | Post-processed embeddings in 0.0142 seconds.
2026-01-03 23:52:04 | INFO     | fedaugment.embeddings.pipeline_composer:234 | Created new NPY file: data/embeddings/webtable/sample-001/random-mpnet-dj_adpt-k=12609/mini_l12-dj_adpt.fa/embeddings.npy
2026-01-03 23:52:04 | INFO     | fedaugment.embeddings.pipeline_composer:203 | Embedding prompts with pipeline mpnet-dj_adpt (batch 1/1)...
2026-01-03 23:52:26 | INFO     | fedaugment.embeddings.pipeline_composer:212 | Embedded 12609 prompts in 22.1500 seconds.
2026-01-03 23:52:26 | INFO     | fedaugment.embeddings.pipeline_composer:218 | Post-processing embeddings for pipeline mpnet-dj_adpt...
2026-01-03 23:52:26 | INFO     | fedaugment.embeddings.pipeline_composer:221 | Post-processed embeddings in 0.0181 seconds.
2026-01-03 23:52:26 | INFO     | fedaugment.embeddings.pipeline_composer:234 | Created new NPY file: data/embeddings/webtable/sample-001/random-mpnet-dj_adpt-k=12609/mpnet-dj_adpt.fa/embeddings.npy
2026-01-03 23:52:26 | INFO     | fedaugment.embeddings.pipeline_composer:203 | Embedding prompts with pipeline distilroberta-dj_adpt (batch 1/1)...
2026-01-03 23:52:40 | INFO     | fedaugment.embeddings.pipeline_composer:212 | Embedded 12609 prompts in 13.9700 seconds.
2026-01-03 23:52:40 | INFO     | fedaugment.embeddings.pipeline_composer:218 | Post-processing embeddings for pipeline distilroberta-dj_adpt...
2026-01-03 23:52:40 | INFO     | fedaugment.embeddings.pipeline_composer:221 | Post-processed embeddings in 0.0310 seconds.
2026-01-03 23:52:40 | INFO     | fedaugment.embeddings.pipeline_composer:234 | Created new NPY file: data/embeddings/webtable/sample-001/random-mpnet-dj_adpt-k=12609/distilroberta-dj_adpt.fa/embeddings.npy
2026-01-03 23:52:40 | INFO     | fedaugment.embeddings.pipeline_composer:203 | Embedding prompts with pipeline gtr_t5-dj_adpt (batch 1/1)...
2026-01-03 23:53:04 | INFO     | fedaugment.embeddings.pipeline_composer:212 | Embedded 12609 prompts in 23.7138 seconds.
2026-01-03 23:53:04 | INFO     | fedaugment.embeddings.pipeline_composer:218 | Post-processing embeddings for pipeline gtr_t5-dj_adpt...
2026-01-03 23:53:04 | INFO     | fedaugment.embeddings.pipeline_composer:221 | Post-processed embeddings in 0.0296 seconds.
2026-01-03 23:53:04 | INFO     | fedaugment.embeddings.pipeline_composer:234 | Created new NPY file: data/embeddings/webtable/sample-001/random-mpnet-dj_adpt-k=12609/gtr_t5-dj_adpt.fa/embeddings.npy
2026-01-03 23:53:04 | INFO     | fedaugment.embeddings.pipeline_composer:203 | Embedding prompts with pipeline gte_base-dj_adpt (batch 1/1)...
2026-01-03 23:53:27 | INFO     | fedaugment.embeddings.pipeline_composer:212 | Embedded 12609 prompts in 22.4074 seconds.
2026-01-03 23:53:27 | INFO     | fedaugment.embeddings.pipeline_composer:218 | Post-processing embeddings for pipeline gte_base-dj_adpt...
2026-01-03 23:53:27 | INFO     | fedaugment.embeddings.pipeline_composer:221 | Post-processed embeddings in 0.0282 seconds.
2026-01-03 23:53:27 | INFO     | fedaugment.embeddings.pipeline_composer:234 | Created new NPY file: data/embeddings/webtable/sample-001/random-mpnet-dj_adpt-k=12609/gte_base-dj_adpt.fa/embeddings.npy
2026-01-03 23:53:27 | SUCCESS  | fedaugment.embeddings.pipeline_composer:99 | Embedded 75654 prompts across 6 pipelines based on 12571 datasets in 108.1227 seconds.
