2026-01-07 12:28:42 | DEBUG    | fedaugment.utils.misc:106 | Experiment setup complete (redirected 535 loggers)
2026-01-07 12:28:42 | DEBUG    | fedaugment.utils.misc:109 | Set PYTORCH_ALLOC_CONF to 'expandable_segments:True'
2026-01-07 12:28:42 | INFO     | __main__:103 | Evaluating on full train split of webtable
2026-01-07 12:28:42 | DEBUG    | fedaugment.projections.main:31 | Experiment configuration: {"experiment_name":"curation_train_webtable_full","experiment_version":1,"seed":42,"data_module":{"class_":"DefaultDataModule","data":{"train":"data/embeddings/webtable/split/train","val":null,"test":"data/embeddings/webtable/split/test"},"batch_size":4096,"num_workers":2,"pin_memory":true,"persistent_workers":true,"prefetch_factor":5,"verify_column_ids":true},"projection_model":{"class_":"ContrastiveLearningModel","module_kwargs":{"model_type":"projection_head","out_dim":1024,"hidden_dims":[1024,1536,1536],"activation":"silu","normalization":"batch","dropout":0.0},"criterion":{"class_":"MultiViewNTXentLoss","kwargs":{"temperature":0.1}},"optimizers":[{"class_":"AdamW","kwargs":{"lr":0.001,"betas":[0.9,0.999],"eps":1e-8,"weight_decay":0.01}}],"schedulers":[{"class_":"LambdaLR","interval":"epoch","frequency":1,"monitor":null,"kwargs":{"lr_lambda":"cos_annealing_with_warmup"}}],"metric_batch_size":65536},"trainer":{"max_epochs":250,"accelerator":"gpu","check_val_every_n_epoch":10,"devices":"auto","deterministic":false,"enable_checkpointing":true,"enable_model_summary":true,"enable_progress_bar":true,"log_every_n_steps":50,"max_time":null,"num_sanity_val_steps":2,"precision":"bf16-mixed","profiler":null},"compile_model":true}
2026-01-07 12:28:42 | INFO     | lightning.fabric.utilities.seed:57 | Seed set to 42
2026-01-07 12:29:03 | INFO     | fedaugment.projections.main:42 | Compiling projection model...
2026-01-07 12:29:03 | INFO     | fedaugment.projections.main:44 | Projection model compiled
2026-01-07 12:29:03 | INFO     | fedaugment.projections.main:46 | Initializing trainer...
2026-01-07 12:29:03 | INFO     | lightning_utilities.core.rank_zero:60 | Using bfloat16 Automatic Mixed Precision (AMP)
2026-01-07 12:29:03 | INFO     | lightning_utilities.core.rank_zero:60 | GPU available: True (cuda), used: True
2026-01-07 12:29:03 | INFO     | lightning_utilities.core.rank_zero:60 | TPU available: False, using: 0 TPU cores
2026-01-07 12:29:03 | INFO     | fedaugment.projections.main:76 | Trainer initialized
2026-01-07 12:29:03 | INFO     | fedaugment.projections.main:83 | Starting training phase...
2026-01-07 12:29:04 | INFO     | lightning.pytorch.accelerators.cuda:61 | LOCAL_RANK: 0 - CUDA_VISIBLE_DEVICES: [0]
2026-01-07 12:29:04 | WARNING  | fedaugment.utils.misc:102 | UserWarning: Precision bf16-mixed is not supported by the model summary.  Estimated model size in MB will not be accurate. Using 32 bits instead. (/home/lennart-ldap/projects/fedaugment/.venv/lib/python3.13/site-packages/lightning/pytorch/utilities/model_summary/model_summary.py:242)
2026-01-07 12:29:04 | INFO     | lightning.pytorch.callbacks.model_summary:110 |
  | Name              | Type                         | Params | Mode  | FLOPs
-----------------------------------------------------------------------------------
0 | criterion         | MultiViewNTXentLoss          | 0      | train | 0
1 | val_metrics       | MetricCollection             | 0      | train | 0
2 | test_metrics      | MetricCollection             | 0      | train | 0
3 | val_orchestrator  | CosineSimilarityOrchestrator | 0      | train | 0
4 | test_orchestrator | CosineSimilarityOrchestrator | 0      | train | 0
5 | projection_heads  | ModuleList                   | 37.0 M | train | 0
-----------------------------------------------------------------------------------
37.0 M    Trainable params
0         Non-trainable params
37.0 M    Total params
148.120   Total estimated model params size (MB)
94        Modules in train mode
0         Modules in eval mode
0         Total Flops
2026-01-07 12:29:04 | INFO     | fedaugment.utils.logger:38 | {'module_kwargs': CLModuleConfig(model_type='projection_head', out_dim=1024, hidden_dims=[1024, 1536, 1536], activation='silu', normalization='batch', dropout=0.0), 'criterion': CriterionConfig(class_='MultiViewNTXentLoss', kwargs={'temperature': 0.1}), 'optim_configs': [OptimizerConfig(class_='AdamW', kwargs={'lr': 0.001, 'betas': (0.9, 0.999), 'eps': 1e-08, 'weight_decay': 0.01})], 'sched_configs': [LRSchedulerConfig(class_='LambdaLR', interval='epoch', frequency=1, monitor=None, kwargs={'lr_lambda': <function cos_annealing_with_warmup at 0x7f488d5b1440>})], 'pipeline_names': ['distilroberta-dj_adpt', 'gte_base-dj_adpt', 'gtr_t5-dj_adpt', 'mini_l12-dj_adpt', 'mini_l6-dj_adpt', 'mpnet-dj_adpt'], 'embedding_dims': [768, 768, 768, 384, 384, 768], 'data_batch_size': 4096, 'metric_batch_size': 65536}
2026-01-07 12:57:13 | INFO     | fedaugment.utils.logger:44 | Epoch 0: train_loss: 10.87816
2026-01-07 13:02:10 | INFO     | fedaugment.utils.logger:44 | Epoch 1: train_loss: 2.99454
2026-01-07 13:07:07 | INFO     | fedaugment.utils.logger:44 | Epoch 2: train_loss: 2.57037
2026-01-07 13:12:07 | INFO     | fedaugment.utils.logger:44 | Epoch 3: train_loss: 2.46983
2026-01-07 13:17:07 | INFO     | fedaugment.utils.logger:44 | Epoch 4: train_loss: 2.41881
2026-01-07 13:22:25 | INFO     | fedaugment.utils.logger:44 | Epoch 5: train_loss: 2.38882
2026-01-07 13:27:41 | INFO     | fedaugment.utils.logger:44 | Epoch 6: train_loss: 2.36767
2026-01-07 13:32:49 | INFO     | fedaugment.utils.logger:44 | Epoch 7: train_loss: 2.35097
2026-01-07 13:38:04 | INFO     | fedaugment.utils.logger:44 | Epoch 8: train_loss: 2.33670
2026-01-07 13:43:05 | INFO     | fedaugment.utils.logger:44 | Epoch 9: train_loss: 2.32392
2026-01-07 13:48:15 | INFO     | fedaugment.utils.logger:44 | Epoch 10: train_loss: 2.31308
2026-01-07 13:53:41 | INFO     | fedaugment.utils.logger:44 | Epoch 11: train_loss: 2.30130
2026-01-07 13:58:48 | INFO     | fedaugment.utils.logger:44 | Epoch 12: train_loss: 2.29177
2026-01-07 14:04:02 | INFO     | fedaugment.utils.logger:44 | Epoch 13: train_loss: 2.28382
2026-01-07 14:09:25 | INFO     | fedaugment.utils.logger:44 | Epoch 14: train_loss: 2.27730
2026-01-07 14:14:34 | INFO     | fedaugment.utils.logger:44 | Epoch 15: train_loss: 2.27184
2026-01-07 14:19:50 | INFO     | fedaugment.utils.logger:44 | Epoch 16: train_loss: 2.26699
2026-01-07 14:25:02 | INFO     | fedaugment.utils.logger:44 | Epoch 17: train_loss: 2.26292
2026-01-07 14:30:08 | INFO     | fedaugment.utils.logger:44 | Epoch 18: train_loss: 2.25921
2026-01-07 14:35:22 | INFO     | fedaugment.utils.logger:44 | Epoch 19: train_loss: 2.25578
2026-01-07 14:40:22 | INFO     | fedaugment.utils.logger:44 | Epoch 20: train_loss: 2.25291
2026-01-07 14:45:27 | INFO     | fedaugment.utils.logger:44 | Epoch 21: train_loss: 2.25034
2026-01-07 14:50:27 | INFO     | fedaugment.utils.logger:44 | Epoch 22: train_loss: 2.24790
2026-01-07 14:55:40 | INFO     | fedaugment.utils.logger:44 | Epoch 23: train_loss: 2.24579
2026-01-07 15:00:59 | INFO     | fedaugment.utils.logger:44 | Epoch 24: train_loss: 2.24388
2026-01-07 15:06:25 | INFO     | fedaugment.utils.logger:44 | Epoch 25: train_loss: 2.24208
2026-01-07 15:11:36 | INFO     | fedaugment.utils.logger:44 | Epoch 26: train_loss: 2.24048
2026-01-07 15:16:50 | INFO     | fedaugment.utils.logger:44 | Epoch 27: train_loss: 2.23904
2026-01-07 15:21:57 | INFO     | fedaugment.utils.logger:44 | Epoch 28: train_loss: 2.23782
2026-01-07 15:27:11 | INFO     | fedaugment.utils.logger:44 | Epoch 29: train_loss: 2.23650
2026-01-07 15:32:14 | INFO     | fedaugment.utils.logger:44 | Epoch 30: train_loss: 2.23542
2026-01-07 15:37:31 | INFO     | fedaugment.utils.logger:44 | Epoch 31: train_loss: 2.23468
2026-01-07 15:42:44 | INFO     | fedaugment.utils.logger:44 | Epoch 32: train_loss: 2.23351
2026-01-07 15:48:00 | INFO     | fedaugment.utils.logger:44 | Epoch 33: train_loss: 2.23275
2026-01-07 15:52:59 | INFO     | fedaugment.utils.logger:44 | Epoch 34: train_loss: 2.23194
2026-01-07 15:58:08 | INFO     | fedaugment.utils.logger:44 | Epoch 35: train_loss: 2.23113
2026-01-07 16:03:14 | INFO     | fedaugment.utils.logger:44 | Epoch 36: train_loss: 2.23044
2026-01-07 16:08:22 | INFO     | fedaugment.utils.logger:44 | Epoch 37: train_loss: 2.22966
2026-01-07 16:13:40 | INFO     | fedaugment.utils.logger:44 | Epoch 38: train_loss: 2.22919
2026-01-07 16:18:40 | INFO     | fedaugment.utils.logger:44 | Epoch 39: train_loss: 2.22863
2026-01-07 16:23:41 | INFO     | fedaugment.utils.logger:44 | Epoch 40: train_loss: 2.22790
2026-01-07 16:28:53 | INFO     | fedaugment.utils.logger:44 | Epoch 41: train_loss: 2.22740
2026-01-07 16:33:56 | INFO     | fedaugment.utils.logger:44 | Epoch 42: train_loss: 2.22680
2026-01-07 16:39:26 | INFO     | fedaugment.utils.logger:44 | Epoch 43: train_loss: 2.22619
2026-01-07 16:44:25 | INFO     | fedaugment.utils.logger:44 | Epoch 44: train_loss: 2.22605
2026-01-07 16:49:24 | INFO     | fedaugment.utils.logger:44 | Epoch 45: train_loss: 2.22539
2026-01-07 16:54:23 | INFO     | fedaugment.utils.logger:44 | Epoch 46: train_loss: 2.22501
2026-01-07 16:59:45 | INFO     | fedaugment.utils.logger:44 | Epoch 47: train_loss: 2.22459
2026-01-07 17:05:00 | INFO     | fedaugment.utils.logger:44 | Epoch 48: train_loss: 2.22425
2026-01-07 17:10:27 | INFO     | fedaugment.utils.logger:44 | Epoch 49: train_loss: 2.22398
2026-01-07 17:15:29 | INFO     | fedaugment.utils.logger:44 | Epoch 50: train_loss: 2.22359
2026-01-07 17:20:32 | INFO     | fedaugment.utils.logger:44 | Epoch 51: train_loss: 2.22305
2026-01-07 17:25:34 | INFO     | fedaugment.utils.logger:44 | Epoch 52: train_loss: 2.22283
2026-01-07 17:30:40 | INFO     | fedaugment.utils.logger:44 | Epoch 53: train_loss: 2.22240
2026-01-07 17:35:45 | INFO     | fedaugment.utils.logger:44 | Epoch 54: train_loss: 2.22218
2026-01-07 17:40:45 | INFO     | fedaugment.utils.logger:44 | Epoch 55: train_loss: 2.22189
2026-01-07 17:45:50 | INFO     | fedaugment.utils.logger:44 | Epoch 56: train_loss: 2.22176
2026-01-07 17:51:01 | INFO     | fedaugment.utils.logger:44 | Epoch 57: train_loss: 2.22143
2026-01-07 17:56:16 | INFO     | fedaugment.utils.logger:44 | Epoch 58: train_loss: 2.22111
2026-01-07 18:01:24 | INFO     | fedaugment.utils.logger:44 | Epoch 59: train_loss: 2.22079
2026-01-07 18:06:29 | INFO     | fedaugment.utils.logger:44 | Epoch 60: train_loss: 2.22058
2026-01-07 18:11:33 | INFO     | fedaugment.utils.logger:44 | Epoch 61: train_loss: 2.22027
2026-01-07 18:16:34 | INFO     | fedaugment.utils.logger:44 | Epoch 62: train_loss: 2.21994
2026-01-07 18:21:35 | INFO     | fedaugment.utils.logger:44 | Epoch 63: train_loss: 2.22001
2026-01-07 18:26:39 | INFO     | fedaugment.utils.logger:44 | Epoch 64: train_loss: 2.21958
2026-01-07 18:31:41 | INFO     | fedaugment.utils.logger:44 | Epoch 65: train_loss: 2.21942
2026-01-07 18:36:50 | INFO     | fedaugment.utils.logger:44 | Epoch 66: train_loss: 2.21913
2026-01-07 18:41:52 | INFO     | fedaugment.utils.logger:44 | Epoch 67: train_loss: 2.21882
2026-01-07 18:46:51 | INFO     | fedaugment.utils.logger:44 | Epoch 68: train_loss: 2.21864
2026-01-07 18:52:01 | INFO     | fedaugment.utils.logger:44 | Epoch 69: train_loss: 2.21854
2026-01-07 18:57:12 | INFO     | fedaugment.utils.logger:44 | Epoch 70: train_loss: 2.21828
2026-01-07 19:02:28 | INFO     | fedaugment.utils.logger:44 | Epoch 71: train_loss: 2.21819
2026-01-07 19:07:33 | INFO     | fedaugment.utils.logger:44 | Epoch 72: train_loss: 2.21787
2026-01-07 19:12:54 | INFO     | fedaugment.utils.logger:44 | Epoch 73: train_loss: 2.21777
2026-01-07 19:18:02 | INFO     | fedaugment.utils.logger:44 | Epoch 74: train_loss: 2.21755
2026-01-07 19:23:11 | INFO     | fedaugment.utils.logger:44 | Epoch 75: train_loss: 2.21737
2026-01-07 19:28:16 | INFO     | fedaugment.utils.logger:44 | Epoch 76: train_loss: 2.21716
2026-01-07 19:33:22 | INFO     | fedaugment.utils.logger:44 | Epoch 77: train_loss: 2.21702
2026-01-07 19:38:33 | INFO     | fedaugment.utils.logger:44 | Epoch 78: train_loss: 2.21684
2026-01-07 19:43:33 | INFO     | fedaugment.utils.logger:44 | Epoch 79: train_loss: 2.21660
2026-01-07 19:48:51 | INFO     | fedaugment.utils.logger:44 | Epoch 80: train_loss: 2.21651
2026-01-07 19:53:54 | INFO     | fedaugment.utils.logger:44 | Epoch 81: train_loss: 2.21619
2026-01-07 19:59:00 | INFO     | fedaugment.utils.logger:44 | Epoch 82: train_loss: 2.21609
2026-01-07 20:03:59 | INFO     | fedaugment.utils.logger:44 | Epoch 83: train_loss: 2.21584
2026-01-07 20:09:11 | INFO     | fedaugment.utils.logger:44 | Epoch 84: train_loss: 2.21570
2026-01-07 20:14:17 | INFO     | fedaugment.utils.logger:44 | Epoch 85: train_loss: 2.21569
2026-01-07 20:19:19 | INFO     | fedaugment.utils.logger:44 | Epoch 86: train_loss: 2.21534
2026-01-07 20:24:32 | INFO     | fedaugment.utils.logger:44 | Epoch 87: train_loss: 2.21543
2026-01-07 20:29:31 | INFO     | fedaugment.utils.logger:44 | Epoch 88: train_loss: 2.21501
2026-01-07 20:34:33 | INFO     | fedaugment.utils.logger:44 | Epoch 89: train_loss: 2.21498
2026-01-07 20:39:32 | INFO     | fedaugment.utils.logger:44 | Epoch 90: train_loss: 2.21478
2026-01-07 20:44:37 | INFO     | fedaugment.utils.logger:44 | Epoch 91: train_loss: 2.21465
2026-01-07 20:49:54 | INFO     | fedaugment.utils.logger:44 | Epoch 92: train_loss: 2.21445
2026-01-07 20:55:11 | INFO     | fedaugment.utils.logger:44 | Epoch 93: train_loss: 2.21430
2026-01-07 21:00:20 | INFO     | fedaugment.utils.logger:44 | Epoch 94: train_loss: 2.21425
2026-01-07 21:05:28 | INFO     | fedaugment.utils.logger:44 | Epoch 95: train_loss: 2.21404
2026-01-07 21:10:35 | INFO     | fedaugment.utils.logger:44 | Epoch 96: train_loss: 2.21387
2026-01-07 21:15:44 | INFO     | fedaugment.utils.logger:44 | Epoch 97: train_loss: 2.21386
2026-01-07 21:21:09 | INFO     | fedaugment.utils.logger:44 | Epoch 98: train_loss: 2.21357
2026-01-07 21:26:09 | INFO     | fedaugment.utils.logger:44 | Epoch 99: train_loss: 2.21341
2026-01-07 21:31:11 | INFO     | fedaugment.utils.logger:44 | Epoch 100: train_loss: 2.21328
2026-01-07 21:36:10 | INFO     | fedaugment.utils.logger:44 | Epoch 101: train_loss: 2.21322
2026-01-07 21:41:16 | INFO     | fedaugment.utils.logger:44 | Epoch 102: train_loss: 2.21300
2026-01-07 21:46:15 | INFO     | fedaugment.utils.logger:44 | Epoch 103: train_loss: 2.21288
2026-01-07 21:51:27 | INFO     | fedaugment.utils.logger:44 | Epoch 104: train_loss: 2.21274
2026-01-07 21:56:28 | INFO     | fedaugment.utils.logger:44 | Epoch 105: train_loss: 2.21251
2026-01-07 22:01:28 | INFO     | fedaugment.utils.logger:44 | Epoch 106: train_loss: 2.21236
2026-01-07 22:06:29 | INFO     | fedaugment.utils.logger:44 | Epoch 107: train_loss: 2.21235
2026-01-07 22:11:32 | INFO     | fedaugment.utils.logger:44 | Epoch 108: train_loss: 2.21217
2026-01-07 22:16:42 | INFO     | fedaugment.utils.logger:44 | Epoch 109: train_loss: 2.21192
2026-01-07 22:21:41 | INFO     | fedaugment.utils.logger:44 | Epoch 110: train_loss: 2.21184
2026-01-07 22:26:40 | INFO     | fedaugment.utils.logger:44 | Epoch 111: train_loss: 2.21186
2026-01-07 22:31:40 | INFO     | fedaugment.utils.logger:44 | Epoch 112: train_loss: 2.21160
2026-01-07 22:36:39 | INFO     | fedaugment.utils.logger:44 | Epoch 113: train_loss: 2.21143
2026-01-07 22:41:40 | INFO     | fedaugment.utils.logger:44 | Epoch 114: train_loss: 2.21151
2026-01-07 22:46:40 | INFO     | fedaugment.utils.logger:44 | Epoch 115: train_loss: 2.21112
2026-01-07 22:51:42 | INFO     | fedaugment.utils.logger:44 | Epoch 116: train_loss: 2.21114
2026-01-07 22:56:45 | INFO     | fedaugment.utils.logger:44 | Epoch 117: train_loss: 2.21091
2026-01-07 23:01:59 | INFO     | fedaugment.utils.logger:44 | Epoch 118: train_loss: 2.21077
2026-01-07 23:07:09 | INFO     | fedaugment.utils.logger:44 | Epoch 119: train_loss: 2.21061
2026-01-07 23:12:18 | INFO     | fedaugment.utils.logger:44 | Epoch 120: train_loss: 2.21046
2026-01-07 23:17:28 | INFO     | fedaugment.utils.logger:44 | Epoch 121: train_loss: 2.21045
2026-01-07 23:22:27 | INFO     | fedaugment.utils.logger:44 | Epoch 122: train_loss: 2.21033
2026-01-07 23:27:29 | INFO     | fedaugment.utils.logger:44 | Epoch 123: train_loss: 2.21010
2026-01-07 23:32:29 | INFO     | fedaugment.utils.logger:44 | Epoch 124: train_loss: 2.20976
2026-01-07 23:37:28 | INFO     | fedaugment.utils.logger:44 | Epoch 125: train_loss: 2.20994
2026-01-07 23:42:27 | INFO     | fedaugment.utils.logger:44 | Epoch 126: train_loss: 2.20978
2026-01-07 23:47:26 | INFO     | fedaugment.utils.logger:44 | Epoch 127: train_loss: 2.20950
2026-01-07 23:52:31 | INFO     | fedaugment.utils.logger:44 | Epoch 128: train_loss: 2.20965
2026-01-07 23:57:34 | INFO     | fedaugment.utils.logger:44 | Epoch 129: train_loss: 2.20941
2026-01-08 00:02:44 | INFO     | fedaugment.utils.logger:44 | Epoch 130: train_loss: 2.20919
2026-01-08 00:07:53 | INFO     | fedaugment.utils.logger:44 | Epoch 131: train_loss: 2.20893
2026-01-08 00:12:53 | INFO     | fedaugment.utils.logger:44 | Epoch 132: train_loss: 2.20889
2026-01-08 00:18:06 | INFO     | fedaugment.utils.logger:44 | Epoch 133: train_loss: 2.20891
2026-01-08 00:23:06 | INFO     | fedaugment.utils.logger:44 | Epoch 134: train_loss: 2.20862
2026-01-08 00:28:06 | INFO     | fedaugment.utils.logger:44 | Epoch 135: train_loss: 2.20838
2026-01-08 00:33:07 | INFO     | fedaugment.utils.logger:44 | Epoch 136: train_loss: 2.20825
2026-01-08 00:38:11 | INFO     | fedaugment.utils.logger:44 | Epoch 137: train_loss: 2.20822
2026-01-08 00:43:14 | INFO     | fedaugment.utils.logger:44 | Epoch 138: train_loss: 2.20838
2026-01-08 00:48:15 | INFO     | fedaugment.utils.logger:44 | Epoch 139: train_loss: 2.20788
2026-01-08 00:53:26 | INFO     | fedaugment.utils.logger:44 | Epoch 140: train_loss: 2.20794
2026-01-08 00:58:42 | INFO     | fedaugment.utils.logger:44 | Epoch 141: train_loss: 2.20762
2026-01-08 01:03:56 | INFO     | fedaugment.utils.logger:44 | Epoch 142: train_loss: 2.20745
2026-01-08 01:09:10 | INFO     | fedaugment.utils.logger:44 | Epoch 143: train_loss: 2.20729
2026-01-08 01:14:08 | INFO     | fedaugment.utils.logger:44 | Epoch 144: train_loss: 2.20731
2026-01-08 01:19:07 | INFO     | fedaugment.utils.logger:44 | Epoch 145: train_loss: 2.20711
2026-01-08 01:24:05 | INFO     | fedaugment.utils.logger:44 | Epoch 146: train_loss: 2.20701
2026-01-08 01:29:05 | INFO     | fedaugment.utils.logger:44 | Epoch 147: train_loss: 2.20688
2026-01-08 01:34:08 | INFO     | fedaugment.utils.logger:44 | Epoch 148: train_loss: 2.20674
2026-01-08 01:39:13 | INFO     | fedaugment.utils.logger:44 | Epoch 149: train_loss: 2.20660
2026-01-08 01:44:15 | INFO     | fedaugment.utils.logger:44 | Epoch 150: train_loss: 2.20637
2026-01-08 01:49:24 | INFO     | fedaugment.utils.logger:44 | Epoch 151: train_loss: 2.20624
2026-01-08 01:54:30 | INFO     | fedaugment.utils.logger:44 | Epoch 152: train_loss: 2.20610
2026-01-08 01:59:33 | INFO     | fedaugment.utils.logger:44 | Epoch 153: train_loss: 2.20630
2026-01-08 02:04:35 | INFO     | fedaugment.utils.logger:44 | Epoch 154: train_loss: 2.20600
2026-01-08 02:09:42 | INFO     | fedaugment.utils.logger:44 | Epoch 155: train_loss: 2.20569
2026-01-08 02:14:44 | INFO     | fedaugment.utils.logger:44 | Epoch 156: train_loss: 2.20563
2026-01-08 02:19:50 | INFO     | fedaugment.utils.logger:44 | Epoch 157: train_loss: 2.20554
2026-01-08 02:24:58 | INFO     | fedaugment.utils.logger:44 | Epoch 158: train_loss: 2.20535
2026-01-08 02:29:58 | INFO     | fedaugment.utils.logger:44 | Epoch 159: train_loss: 2.20529
2026-01-08 02:35:01 | INFO     | fedaugment.utils.logger:44 | Epoch 160: train_loss: 2.20499
2026-01-08 02:40:00 | INFO     | fedaugment.utils.logger:44 | Epoch 161: train_loss: 2.20503
2026-01-08 02:45:00 | INFO     | fedaugment.utils.logger:44 | Epoch 162: train_loss: 2.20481
2026-01-08 02:49:59 | INFO     | fedaugment.utils.logger:44 | Epoch 163: train_loss: 2.20467
2026-01-08 02:54:59 | INFO     | fedaugment.utils.logger:44 | Epoch 164: train_loss: 2.20450
2026-01-08 02:59:58 | INFO     | fedaugment.utils.logger:44 | Epoch 165: train_loss: 2.20443
2026-01-08 03:05:01 | INFO     | fedaugment.utils.logger:44 | Epoch 166: train_loss: 2.20446
2026-01-08 03:10:02 | INFO     | fedaugment.utils.logger:44 | Epoch 167: train_loss: 2.20414
2026-01-08 03:15:01 | INFO     | fedaugment.utils.logger:44 | Epoch 168: train_loss: 2.20394
2026-01-08 03:20:00 | INFO     | fedaugment.utils.logger:44 | Epoch 169: train_loss: 2.20396
2026-01-08 03:24:58 | INFO     | fedaugment.utils.logger:44 | Epoch 170: train_loss: 2.20376
2026-01-08 03:29:57 | INFO     | fedaugment.utils.logger:44 | Epoch 171: train_loss: 2.20368
2026-01-08 03:34:56 | INFO     | fedaugment.utils.logger:44 | Epoch 172: train_loss: 2.20354
2026-01-08 03:39:54 | INFO     | fedaugment.utils.logger:44 | Epoch 173: train_loss: 2.20334
2026-01-08 03:44:53 | INFO     | fedaugment.utils.logger:44 | Epoch 174: train_loss: 2.20331
2026-01-08 03:50:07 | INFO     | fedaugment.utils.logger:44 | Epoch 175: train_loss: 2.20319
2026-01-08 03:55:15 | INFO     | fedaugment.utils.logger:44 | Epoch 176: train_loss: 2.20301
2026-01-08 04:00:17 | INFO     | fedaugment.utils.logger:44 | Epoch 177: train_loss: 2.20281
2026-01-08 04:05:26 | INFO     | fedaugment.utils.logger:44 | Epoch 178: train_loss: 2.20272
2026-01-08 04:10:27 | INFO     | fedaugment.utils.logger:44 | Epoch 179: train_loss: 2.20257
2026-01-08 04:15:38 | INFO     | fedaugment.utils.logger:44 | Epoch 180: train_loss: 2.20262
2026-01-08 04:20:52 | INFO     | fedaugment.utils.logger:44 | Epoch 181: train_loss: 2.20240
2026-01-08 04:25:52 | INFO     | fedaugment.utils.logger:44 | Epoch 182: train_loss: 2.20223
2026-01-08 04:30:52 | INFO     | fedaugment.utils.logger:44 | Epoch 183: train_loss: 2.20218
2026-01-08 04:35:51 | INFO     | fedaugment.utils.logger:44 | Epoch 184: train_loss: 2.20213
2026-01-08 04:40:51 | INFO     | fedaugment.utils.logger:44 | Epoch 185: train_loss: 2.20197
2026-01-08 04:46:03 | INFO     | fedaugment.utils.logger:44 | Epoch 186: train_loss: 2.20177
2026-01-08 04:51:09 | INFO     | fedaugment.utils.logger:44 | Epoch 187: train_loss: 2.20162
2026-01-08 04:56:09 | INFO     | fedaugment.utils.logger:44 | Epoch 188: train_loss: 2.20151
2026-01-08 05:01:10 | INFO     | fedaugment.utils.logger:44 | Epoch 189: train_loss: 2.20145
2026-01-08 05:06:09 | INFO     | fedaugment.utils.logger:44 | Epoch 190: train_loss: 2.20130
2026-01-08 05:11:10 | INFO     | fedaugment.utils.logger:44 | Epoch 191: train_loss: 2.20129
2026-01-08 05:16:09 | INFO     | fedaugment.utils.logger:44 | Epoch 192: train_loss: 2.20117
2026-01-08 05:21:10 | INFO     | fedaugment.utils.logger:44 | Epoch 193: train_loss: 2.20102
2026-01-08 05:26:09 | INFO     | fedaugment.utils.logger:44 | Epoch 194: train_loss: 2.20082
2026-01-08 05:31:08 | INFO     | fedaugment.utils.logger:44 | Epoch 195: train_loss: 2.20067
2026-01-08 05:36:09 | INFO     | fedaugment.utils.logger:44 | Epoch 196: train_loss: 2.20064
2026-01-08 05:41:13 | INFO     | fedaugment.utils.logger:44 | Epoch 197: train_loss: 2.20048
2026-01-08 05:46:29 | INFO     | fedaugment.utils.logger:44 | Epoch 198: train_loss: 2.20039
2026-01-08 05:51:45 | INFO     | fedaugment.utils.logger:44 | Epoch 199: train_loss: 2.20024
2026-01-08 05:56:57 | INFO     | fedaugment.utils.logger:44 | Epoch 200: train_loss: 2.20031
2026-01-08 06:02:03 | INFO     | fedaugment.utils.logger:44 | Epoch 201: train_loss: 2.20009
2026-01-08 06:07:11 | INFO     | fedaugment.utils.logger:44 | Epoch 202: train_loss: 2.19993
2026-01-08 06:12:19 | INFO     | fedaugment.utils.logger:44 | Epoch 203: train_loss: 2.19993
2026-01-08 06:17:22 | INFO     | fedaugment.utils.logger:44 | Epoch 204: train_loss: 2.19978
2026-01-08 06:22:22 | INFO     | fedaugment.utils.logger:44 | Epoch 205: train_loss: 2.19958
2026-01-08 06:27:22 | INFO     | fedaugment.utils.logger:44 | Epoch 206: train_loss: 2.19950
2026-01-08 06:32:22 | INFO     | fedaugment.utils.logger:44 | Epoch 207: train_loss: 2.19941
2026-01-08 06:37:21 | INFO     | fedaugment.utils.logger:44 | Epoch 208: train_loss: 2.19948
2026-01-08 06:42:24 | INFO     | fedaugment.utils.logger:44 | Epoch 209: train_loss: 2.19934
2026-01-08 06:47:25 | INFO     | fedaugment.utils.logger:44 | Epoch 210: train_loss: 2.19916
2026-01-08 06:52:25 | INFO     | fedaugment.utils.logger:44 | Epoch 211: train_loss: 2.19920
2026-01-08 06:57:24 | INFO     | fedaugment.utils.logger:44 | Epoch 212: train_loss: 2.19901
2026-01-08 07:02:25 | INFO     | fedaugment.utils.logger:44 | Epoch 213: train_loss: 2.19888
2026-01-08 07:07:25 | INFO     | fedaugment.utils.logger:44 | Epoch 214: train_loss: 2.19876
2026-01-08 07:12:24 | INFO     | fedaugment.utils.logger:44 | Epoch 215: train_loss: 2.19889
2026-01-08 07:17:23 | INFO     | fedaugment.utils.logger:44 | Epoch 216: train_loss: 2.19869
2026-01-08 07:22:22 | INFO     | fedaugment.utils.logger:44 | Epoch 217: train_loss: 2.19854
2026-01-08 07:27:22 | INFO     | fedaugment.utils.logger:44 | Epoch 218: train_loss: 2.19852
2026-01-08 07:32:41 | INFO     | fedaugment.utils.logger:44 | Epoch 219: train_loss: 2.19829
2026-01-08 07:37:49 | INFO     | fedaugment.utils.logger:44 | Epoch 220: train_loss: 2.19847
2026-01-08 07:42:56 | INFO     | fedaugment.utils.logger:44 | Epoch 221: train_loss: 2.19824
2026-01-08 07:48:10 | INFO     | fedaugment.utils.logger:44 | Epoch 222: train_loss: 2.19821
2026-01-08 07:53:16 | INFO     | fedaugment.utils.logger:44 | Epoch 223: train_loss: 2.19822
2026-01-08 07:58:24 | INFO     | fedaugment.utils.logger:44 | Epoch 224: train_loss: 2.19809
2026-01-08 08:03:46 | INFO     | fedaugment.utils.logger:44 | Epoch 225: train_loss: 2.19805
2026-01-08 08:08:59 | INFO     | fedaugment.utils.logger:44 | Epoch 226: train_loss: 2.19807
2026-01-08 08:13:57 | INFO     | fedaugment.utils.logger:44 | Epoch 227: train_loss: 2.19799
2026-01-08 08:18:55 | INFO     | fedaugment.utils.logger:44 | Epoch 228: train_loss: 2.19780
2026-01-08 08:23:54 | INFO     | fedaugment.utils.logger:44 | Epoch 229: train_loss: 2.19779
2026-01-08 08:28:52 | INFO     | fedaugment.utils.logger:44 | Epoch 230: train_loss: 2.19787
2026-01-08 08:33:55 | INFO     | fedaugment.utils.logger:44 | Epoch 231: train_loss: 2.19762
2026-01-08 08:38:56 | INFO     | fedaugment.utils.logger:44 | Epoch 232: train_loss: 2.19765
2026-01-08 08:43:54 | INFO     | fedaugment.utils.logger:44 | Epoch 233: train_loss: 2.19762
2026-01-08 08:49:00 | INFO     | fedaugment.utils.logger:44 | Epoch 234: train_loss: 2.19752
2026-01-08 08:54:02 | INFO     | fedaugment.utils.logger:44 | Epoch 235: train_loss: 2.19755
2026-01-08 08:59:15 | INFO     | fedaugment.utils.logger:44 | Epoch 236: train_loss: 2.19754
2026-01-08 09:04:17 | INFO     | fedaugment.utils.logger:44 | Epoch 237: train_loss: 2.19755
2026-01-08 09:09:24 | INFO     | fedaugment.utils.logger:44 | Epoch 238: train_loss: 2.19746
2026-01-08 09:14:23 | INFO     | fedaugment.utils.logger:44 | Epoch 239: train_loss: 2.19761
2026-01-08 09:19:24 | INFO     | fedaugment.utils.logger:44 | Epoch 240: train_loss: 2.19730
2026-01-08 09:24:39 | INFO     | fedaugment.utils.logger:44 | Epoch 241: train_loss: 2.19720
2026-01-08 09:29:50 | INFO     | fedaugment.utils.logger:44 | Epoch 242: train_loss: 2.19734
2026-01-08 09:35:08 | INFO     | fedaugment.utils.logger:44 | Epoch 243: train_loss: 2.19734
2026-01-08 09:40:12 | INFO     | fedaugment.utils.logger:44 | Epoch 244: train_loss: 2.19736
2026-01-08 09:45:14 | INFO     | fedaugment.utils.logger:44 | Epoch 245: train_loss: 2.19722
2026-01-08 09:50:31 | INFO     | fedaugment.utils.logger:44 | Epoch 246: train_loss: 2.19727
2026-01-08 09:55:58 | INFO     | fedaugment.utils.logger:44 | Epoch 247: train_loss: 2.19729
2026-01-08 10:01:14 | INFO     | fedaugment.utils.logger:44 | Epoch 248: train_loss: 2.19734
2026-01-08 10:06:12 | INFO     | fedaugment.utils.logger:44 | Epoch 249: train_loss: 2.19723
2026-01-08 10:06:12 | INFO     | lightning_utilities.core.rank_zero:60 | `Trainer.fit` stopped: `max_epochs=250` reached.
2026-01-08 10:06:31 | INFO     | fedaugment.projections.main:87 | Starting testing phase...
2026-01-08 10:06:31 | INFO     | lightning.pytorch.accelerators.cuda:61 | LOCAL_RANK: 0 - CUDA_VISIBLE_DEVICES: [0]
2026-01-08 10:06:31 | INFO     | fedaugment.utils.logger:38 | {'module_kwargs': CLModuleConfig(model_type='projection_head', out_dim=1024, hidden_dims=[1024, 1536, 1536], activation='silu', normalization='batch', dropout=0.0), 'criterion': CriterionConfig(class_='MultiViewNTXentLoss', kwargs={'temperature': 0.1}), 'optim_configs': [OptimizerConfig(class_='AdamW', kwargs={'lr': 0.001, 'betas': (0.9, 0.999), 'eps': 1e-08, 'weight_decay': 0.01})], 'sched_configs': [LRSchedulerConfig(class_='LambdaLR', interval='epoch', frequency=1, monitor=None, kwargs={'lr_lambda': <function cos_annealing_with_warmup at 0x7f488d5b1440>})], 'pipeline_names': ['distilroberta-dj_adpt', 'gte_base-dj_adpt', 'gtr_t5-dj_adpt', 'mini_l12-dj_adpt', 'mini_l6-dj_adpt', 'mpnet-dj_adpt'], 'embedding_dims': [768, 768, 768, 384, 384, 768], 'data_batch_size': 4096, 'metric_batch_size': 65536}
2026-01-08 10:07:59 | DEBUG    | fedaugment.projections.metrics.base:115 | Computing CosineSimilarityOrchestrator metrics.
2026-01-08 10:07:59 | WARNING  | fedaugment.projections.metrics.base:117 | Number of projections (8891658) is not divisible by chunk size (65536). This may lead to suboptimal performance.
2026-01-08 12:17:08 | DEBUG    | fedaugment.projections.metrics.base:198 | Finalized CosineSimilarityOrchestrator metrics
2026-01-08 12:17:08 | INFO     | fedaugment.utils.logger:44 | Epoch 250: test_loss: 2.23578, test_cossim_mean: 0.00033, test_entity_stability_15: 0.70342, test_entity_stability_5: 0.69941, test_entity_stability_50: 0.76756, test_same_lbl_cossim_mean: 0.98631
2026-01-08 12:17:08 | INFO     | fedaugment.projections.main:92 | Best model checkpoint saved at /home/lennart-ldap/projects/fedaugment/logs/curation_train_webtable_full/version_1/last.ckpt
