2025-12-29 09:49:22 | DEBUG    | fedaugment.utils.misc:106 | Experiment setup complete (redirected 515 loggers)
2025-12-29 09:49:22 | DEBUG    | fedaugment.utils.misc:109 | Set PYTORCH_ALLOC_CONF to 'expandable_segments:True'
2025-12-29 09:49:22 | INFO     | __main__:51 | Evaluating random-mpnet-dj_adpt-k=630493 on webtable 050
2025-12-29 09:49:22 | DEBUG    | fedaugment.projections.main:31 | Experiment configuration: {"experiment_name":"curation_train_webtable_random-mpnet-dj_adpt-k=630493","experiment_version":1,"seed":42,"data_module":{"class_":"DefaultDataModule","data":{"train":"data/embeddings/webtable-050/random-mpnet-dj_adpt-k=630493","val":null,"test":"data/embeddings/webtable-split/test"},"batch_size":4096,"num_workers":32,"pin_memory":true,"persistent_workers":true,"prefetch_factor":5,"verify_column_ids":true},"projection_model":{"class_":"ContrastiveLearningModel","module_kwargs":{"model_type":"projection_head","out_dim":1024,"hidden_dims":[1024,1536,1536],"activation":"silu","normalization":"batch","dropout":0.0},"criterion":{"class_":"MultiViewNTXentLoss","kwargs":{"temperature":0.1}},"optimizers":[{"class_":"AdamW","kwargs":{"lr":0.001,"betas":[0.9,0.999],"eps":1e-8,"weight_decay":0.01}}],"schedulers":[{"class_":"LambdaLR","interval":"epoch","frequency":1,"monitor":null,"kwargs":{"lr_lambda":"cos_annealing_with_warmup"}}],"metric_batch_size":65536},"trainer":{"max_epochs":250,"accelerator":"gpu","check_val_every_n_epoch":10,"devices":"auto","deterministic":false,"enable_checkpointing":true,"enable_model_summary":true,"enable_progress_bar":true,"log_every_n_steps":50,"max_time":null,"num_sanity_val_steps":2,"precision":"bf16-mixed","profiler":null},"compile_model":true}
2025-12-29 09:49:22 | INFO     | lightning.fabric.utilities.seed:57 | Seed set to 42
2025-12-29 09:49:26 | INFO     | fedaugment.projections.main:42 | Compiling projection model...
2025-12-29 09:49:26 | INFO     | fedaugment.projections.main:44 | Projection model compiled
2025-12-29 09:49:26 | INFO     | fedaugment.projections.main:46 | Initializing trainer...
2025-12-29 09:49:26 | INFO     | lightning_utilities.core.rank_zero:60 | Using bfloat16 Automatic Mixed Precision (AMP)
2025-12-29 09:49:26 | INFO     | lightning_utilities.core.rank_zero:60 | GPU available: True (cuda), used: True
2025-12-29 09:49:26 | INFO     | lightning_utilities.core.rank_zero:60 | TPU available: False, using: 0 TPU cores
2025-12-29 09:49:26 | INFO     | fedaugment.projections.main:76 | Trainer initialized
2025-12-29 09:49:26 | INFO     | fedaugment.projections.main:83 | Starting training phase...
2025-12-29 09:49:27 | WARNING  | fedaugment.utils.misc:102 | UserWarning: Checkpoint directory /home/lennart-ldap/projects/fedaugment/logs/curation_train_webtable_random-mpnet-dj_adpt-k=630493/version_1 exists and is not empty. (/home/lennart-ldap/projects/fedaugment/.venv/lib/python3.13/site-packages/lightning/pytorch/callbacks/model_checkpoint.py:881)
2025-12-29 09:49:27 | INFO     | lightning.pytorch.accelerators.cuda:61 | LOCAL_RANK: 0 - CUDA_VISIBLE_DEVICES: [0]
2025-12-29 09:49:27 | WARNING  | fedaugment.utils.misc:102 | UserWarning: Precision bf16-mixed is not supported by the model summary.  Estimated model size in MB will not be accurate. Using 32 bits instead. (/home/lennart-ldap/projects/fedaugment/.venv/lib/python3.13/site-packages/lightning/pytorch/utilities/model_summary/model_summary.py:242)
2025-12-29 09:49:27 | INFO     | lightning.pytorch.callbacks.model_summary:110 |
  | Name              | Type                         | Params | Mode  | FLOPs
-----------------------------------------------------------------------------------
0 | criterion         | MultiViewNTXentLoss          | 0      | train | 0
1 | val_metrics       | MetricCollection             | 0      | train | 0
2 | test_metrics      | MetricCollection             | 0      | train | 0
3 | val_orchestrator  | CosineSimilarityOrchestrator | 0      | train | 0
4 | test_orchestrator | CosineSimilarityOrchestrator | 0      | train | 0
5 | projection_heads  | ModuleList                   | 37.0 M | train | 0
-----------------------------------------------------------------------------------
37.0 M    Trainable params
0         Non-trainable params
37.0 M    Total params
148.120   Total estimated model params size (MB)
94        Modules in train mode
0         Modules in eval mode
0         Total Flops
2025-12-29 09:49:27 | INFO     | fedaugment.utils.logger:38 | {'module_kwargs': CLModuleConfig(model_type='projection_head', out_dim=1024, hidden_dims=[1024, 1536, 1536], activation='silu', normalization='batch', dropout=0.0), 'criterion': CriterionConfig(class_='MultiViewNTXentLoss', kwargs={'temperature': 0.1}), 'optim_configs': [OptimizerConfig(class_='AdamW', kwargs={'lr': 0.001, 'betas': (0.9, 0.999), 'eps': 1e-08, 'weight_decay': 0.01})], 'sched_configs': [LRSchedulerConfig(class_='LambdaLR', interval='epoch', frequency=1, monitor=None, kwargs={'lr_lambda': <function cos_annealing_with_warmup at 0x7f60910d9440>})], 'pipeline_names': ['distilroberta-dj_adpt', 'gte_base-dj_adpt', 'gtr_t5-dj_adpt', 'mini_l12-dj_adpt', 'mini_l6-dj_adpt', 'mpnet-dj_adpt'], 'embedding_dims': [768, 768, 768, 384, 384, 768], 'data_batch_size': 4096, 'metric_batch_size': 65536}
2025-12-29 09:50:11 | INFO     | fedaugment.utils.logger:44 | Epoch 0: train_loss: 10.87779
2025-12-29 09:50:28 | INFO     | fedaugment.utils.logger:44 | Epoch 1: train_loss: 4.86799
2025-12-29 09:50:45 | INFO     | fedaugment.utils.logger:44 | Epoch 2: train_loss: 3.43339
2025-12-29 09:51:01 | INFO     | fedaugment.utils.logger:44 | Epoch 3: train_loss: 3.07539
2025-12-29 09:51:18 | INFO     | fedaugment.utils.logger:44 | Epoch 4: train_loss: 2.91740
2025-12-29 09:51:35 | INFO     | fedaugment.utils.logger:44 | Epoch 5: train_loss: 2.80824
2025-12-29 09:51:53 | INFO     | fedaugment.utils.logger:44 | Epoch 6: train_loss: 2.75292
2025-12-29 09:52:10 | INFO     | fedaugment.utils.logger:44 | Epoch 7: train_loss: 2.68731
2025-12-29 09:52:29 | INFO     | fedaugment.utils.logger:44 | Epoch 8: train_loss: 2.64293
2025-12-29 09:52:47 | INFO     | fedaugment.utils.logger:44 | Epoch 9: train_loss: 2.61812
2025-12-29 09:53:04 | INFO     | fedaugment.utils.logger:44 | Epoch 10: train_loss: 2.58387
2025-12-29 09:53:23 | INFO     | fedaugment.utils.logger:44 | Epoch 11: train_loss: 2.55701
2025-12-29 09:53:41 | INFO     | fedaugment.utils.logger:44 | Epoch 12: train_loss: 2.53496
2025-12-29 09:53:59 | INFO     | fedaugment.utils.logger:44 | Epoch 13: train_loss: 2.51661
2025-12-29 09:54:17 | INFO     | fedaugment.utils.logger:44 | Epoch 14: train_loss: 2.50137
2025-12-29 09:54:34 | INFO     | fedaugment.utils.logger:44 | Epoch 15: train_loss: 2.48845
2025-12-29 09:54:52 | INFO     | fedaugment.utils.logger:44 | Epoch 16: train_loss: 2.47548
2025-12-29 09:55:10 | INFO     | fedaugment.utils.logger:44 | Epoch 17: train_loss: 2.46594
2025-12-29 09:55:29 | INFO     | fedaugment.utils.logger:44 | Epoch 18: train_loss: 2.45639
2025-12-29 09:55:47 | INFO     | fedaugment.utils.logger:44 | Epoch 19: train_loss: 2.44740
2025-12-29 09:56:05 | INFO     | fedaugment.utils.logger:44 | Epoch 20: train_loss: 2.43913
2025-12-29 09:56:23 | INFO     | fedaugment.utils.logger:44 | Epoch 21: train_loss: 2.43344
2025-12-29 09:56:40 | INFO     | fedaugment.utils.logger:44 | Epoch 22: train_loss: 2.42640
2025-12-29 09:56:58 | INFO     | fedaugment.utils.logger:44 | Epoch 23: train_loss: 2.42026
2025-12-29 09:57:15 | INFO     | fedaugment.utils.logger:44 | Epoch 24: train_loss: 2.41486
2025-12-29 09:57:34 | INFO     | fedaugment.utils.logger:44 | Epoch 25: train_loss: 2.40856
2025-12-29 09:57:52 | INFO     | fedaugment.utils.logger:44 | Epoch 26: train_loss: 2.40456
2025-12-29 09:58:11 | INFO     | fedaugment.utils.logger:44 | Epoch 27: train_loss: 2.39844
2025-12-29 09:58:29 | INFO     | fedaugment.utils.logger:44 | Epoch 28: train_loss: 2.39473
2025-12-29 09:58:46 | INFO     | fedaugment.utils.logger:44 | Epoch 29: train_loss: 2.39109
2025-12-29 09:59:04 | INFO     | fedaugment.utils.logger:44 | Epoch 30: train_loss: 2.38635
2025-12-29 09:59:21 | INFO     | fedaugment.utils.logger:44 | Epoch 31: train_loss: 2.38239
2025-12-29 09:59:38 | INFO     | fedaugment.utils.logger:44 | Epoch 32: train_loss: 2.37916
2025-12-29 09:59:55 | INFO     | fedaugment.utils.logger:44 | Epoch 33: train_loss: 2.37594
2025-12-29 10:00:14 | INFO     | fedaugment.utils.logger:44 | Epoch 34: train_loss: 2.37249
2025-12-29 10:00:32 | INFO     | fedaugment.utils.logger:44 | Epoch 35: train_loss: 2.36886
2025-12-29 10:00:49 | INFO     | fedaugment.utils.logger:44 | Epoch 36: train_loss: 2.36563
2025-12-29 10:01:07 | INFO     | fedaugment.utils.logger:44 | Epoch 37: train_loss: 2.36356
2025-12-29 10:01:23 | INFO     | fedaugment.utils.logger:44 | Epoch 38: train_loss: 2.36192
2025-12-29 10:01:42 | INFO     | fedaugment.utils.logger:44 | Epoch 39: train_loss: 2.35765
2025-12-29 10:01:59 | INFO     | fedaugment.utils.logger:44 | Epoch 40: train_loss: 2.35531
2025-12-29 10:02:18 | INFO     | fedaugment.utils.logger:44 | Epoch 41: train_loss: 2.35340
2025-12-29 10:02:35 | INFO     | fedaugment.utils.logger:44 | Epoch 42: train_loss: 2.35102
2025-12-29 10:02:52 | INFO     | fedaugment.utils.logger:44 | Epoch 43: train_loss: 2.34823
2025-12-29 10:03:10 | INFO     | fedaugment.utils.logger:44 | Epoch 44: train_loss: 2.34727
2025-12-29 10:03:27 | INFO     | fedaugment.utils.logger:44 | Epoch 45: train_loss: 2.34491
2025-12-29 10:03:45 | INFO     | fedaugment.utils.logger:44 | Epoch 46: train_loss: 2.34312
2025-12-29 10:04:02 | INFO     | fedaugment.utils.logger:44 | Epoch 47: train_loss: 2.34015
2025-12-29 10:04:19 | INFO     | fedaugment.utils.logger:44 | Epoch 48: train_loss: 2.33811
2025-12-29 10:04:37 | INFO     | fedaugment.utils.logger:44 | Epoch 49: train_loss: 2.33600
2025-12-29 10:04:54 | INFO     | fedaugment.utils.logger:44 | Epoch 50: train_loss: 2.33431
2025-12-29 10:05:12 | INFO     | fedaugment.utils.logger:44 | Epoch 51: train_loss: 2.33243
2025-12-29 10:05:29 | INFO     | fedaugment.utils.logger:44 | Epoch 52: train_loss: 2.33115
2025-12-29 10:05:48 | INFO     | fedaugment.utils.logger:44 | Epoch 53: train_loss: 2.32830
2025-12-29 10:06:05 | INFO     | fedaugment.utils.logger:44 | Epoch 54: train_loss: 2.32727
2025-12-29 10:06:22 | INFO     | fedaugment.utils.logger:44 | Epoch 55: train_loss: 2.32604
2025-12-29 10:06:40 | INFO     | fedaugment.utils.logger:44 | Epoch 56: train_loss: 2.32495
2025-12-29 10:06:56 | INFO     | fedaugment.utils.logger:44 | Epoch 57: train_loss: 2.32317
2025-12-29 10:07:14 | INFO     | fedaugment.utils.logger:44 | Epoch 58: train_loss: 2.32157
2025-12-29 10:07:31 | INFO     | fedaugment.utils.logger:44 | Epoch 59: train_loss: 2.31996
2025-12-29 10:07:49 | INFO     | fedaugment.utils.logger:44 | Epoch 60: train_loss: 2.31862
2025-12-29 10:08:05 | INFO     | fedaugment.utils.logger:44 | Epoch 61: train_loss: 2.31701
2025-12-29 10:08:23 | INFO     | fedaugment.utils.logger:44 | Epoch 62: train_loss: 2.31599
2025-12-29 10:08:40 | INFO     | fedaugment.utils.logger:44 | Epoch 63: train_loss: 2.31405
2025-12-29 10:08:57 | INFO     | fedaugment.utils.logger:44 | Epoch 64: train_loss: 2.31297
2025-12-29 10:09:15 | INFO     | fedaugment.utils.logger:44 | Epoch 65: train_loss: 2.31179
2025-12-29 10:09:32 | INFO     | fedaugment.utils.logger:44 | Epoch 66: train_loss: 2.31077
2025-12-29 10:09:50 | INFO     | fedaugment.utils.logger:44 | Epoch 67: train_loss: 2.30994
2025-12-29 10:10:07 | INFO     | fedaugment.utils.logger:44 | Epoch 68: train_loss: 2.30933
2025-12-29 10:10:25 | INFO     | fedaugment.utils.logger:44 | Epoch 69: train_loss: 2.30616
2025-12-29 10:10:42 | INFO     | fedaugment.utils.logger:44 | Epoch 70: train_loss: 2.30579
2025-12-29 10:10:59 | INFO     | fedaugment.utils.logger:44 | Epoch 71: train_loss: 2.30497
2025-12-29 10:11:17 | INFO     | fedaugment.utils.logger:44 | Epoch 72: train_loss: 2.30322
2025-12-29 10:11:34 | INFO     | fedaugment.utils.logger:44 | Epoch 73: train_loss: 2.30251
2025-12-29 10:11:52 | INFO     | fedaugment.utils.logger:44 | Epoch 74: train_loss: 2.30139
2025-12-29 10:12:09 | INFO     | fedaugment.utils.logger:44 | Epoch 75: train_loss: 2.30037
2025-12-29 10:12:28 | INFO     | fedaugment.utils.logger:44 | Epoch 76: train_loss: 2.29807
2025-12-29 10:12:45 | INFO     | fedaugment.utils.logger:44 | Epoch 77: train_loss: 2.29820
2025-12-29 10:13:02 | INFO     | fedaugment.utils.logger:44 | Epoch 78: train_loss: 2.29719
2025-12-29 10:13:20 | INFO     | fedaugment.utils.logger:44 | Epoch 79: train_loss: 2.29581
2025-12-29 10:13:37 | INFO     | fedaugment.utils.logger:44 | Epoch 80: train_loss: 2.29523
2025-12-29 10:13:55 | INFO     | fedaugment.utils.logger:44 | Epoch 81: train_loss: 2.29352
2025-12-29 10:14:12 | INFO     | fedaugment.utils.logger:44 | Epoch 82: train_loss: 2.29260
2025-12-29 10:14:30 | INFO     | fedaugment.utils.logger:44 | Epoch 83: train_loss: 2.29207
2025-12-29 10:14:47 | INFO     | fedaugment.utils.logger:44 | Epoch 84: train_loss: 2.29022
2025-12-29 10:15:04 | INFO     | fedaugment.utils.logger:44 | Epoch 85: train_loss: 2.28949
2025-12-29 10:15:22 | INFO     | fedaugment.utils.logger:44 | Epoch 86: train_loss: 2.28973
2025-12-29 10:15:39 | INFO     | fedaugment.utils.logger:44 | Epoch 87: train_loss: 2.28791
2025-12-29 10:15:57 | INFO     | fedaugment.utils.logger:44 | Epoch 88: train_loss: 2.28677
2025-12-29 10:16:14 | INFO     | fedaugment.utils.logger:44 | Epoch 89: train_loss: 2.28653
2025-12-29 10:16:32 | INFO     | fedaugment.utils.logger:44 | Epoch 90: train_loss: 2.28621
2025-12-29 10:16:49 | INFO     | fedaugment.utils.logger:44 | Epoch 91: train_loss: 2.28440
2025-12-29 10:17:06 | INFO     | fedaugment.utils.logger:44 | Epoch 92: train_loss: 2.28322
2025-12-29 10:17:24 | INFO     | fedaugment.utils.logger:44 | Epoch 93: train_loss: 2.28288
2025-12-29 10:17:41 | INFO     | fedaugment.utils.logger:44 | Epoch 94: train_loss: 2.28239
2025-12-29 10:17:58 | INFO     | fedaugment.utils.logger:44 | Epoch 95: train_loss: 2.28045
2025-12-29 10:18:14 | INFO     | fedaugment.utils.logger:44 | Epoch 96: train_loss: 2.28014
2025-12-29 10:18:32 | INFO     | fedaugment.utils.logger:44 | Epoch 97: train_loss: 2.27971
2025-12-29 10:18:49 | INFO     | fedaugment.utils.logger:44 | Epoch 98: train_loss: 2.27899
2025-12-29 10:19:06 | INFO     | fedaugment.utils.logger:44 | Epoch 99: train_loss: 2.27807
2025-12-29 10:19:24 | INFO     | fedaugment.utils.logger:44 | Epoch 100: train_loss: 2.27771
2025-12-29 10:19:40 | INFO     | fedaugment.utils.logger:44 | Epoch 101: train_loss: 2.27584
2025-12-29 10:19:57 | INFO     | fedaugment.utils.logger:44 | Epoch 102: train_loss: 2.27623
2025-12-29 10:20:14 | INFO     | fedaugment.utils.logger:44 | Epoch 103: train_loss: 2.27471
2025-12-29 10:20:32 | INFO     | fedaugment.utils.logger:44 | Epoch 104: train_loss: 2.27432
2025-12-29 10:20:49 | INFO     | fedaugment.utils.logger:44 | Epoch 105: train_loss: 2.27310
2025-12-29 10:21:06 | INFO     | fedaugment.utils.logger:44 | Epoch 106: train_loss: 2.27264
2025-12-29 10:21:23 | INFO     | fedaugment.utils.logger:44 | Epoch 107: train_loss: 2.27224
2025-12-29 10:21:40 | INFO     | fedaugment.utils.logger:44 | Epoch 108: train_loss: 2.27111
2025-12-29 10:21:57 | INFO     | fedaugment.utils.logger:44 | Epoch 109: train_loss: 2.27118
2025-12-29 10:22:14 | INFO     | fedaugment.utils.logger:44 | Epoch 110: train_loss: 2.27060
2025-12-29 10:22:31 | INFO     | fedaugment.utils.logger:44 | Epoch 111: train_loss: 2.27011
2025-12-29 10:22:48 | INFO     | fedaugment.utils.logger:44 | Epoch 112: train_loss: 2.26923
2025-12-29 10:23:05 | INFO     | fedaugment.utils.logger:44 | Epoch 113: train_loss: 2.26813
2025-12-29 10:23:22 | INFO     | fedaugment.utils.logger:44 | Epoch 114: train_loss: 2.26752
2025-12-29 10:23:38 | INFO     | fedaugment.utils.logger:44 | Epoch 115: train_loss: 2.26684
2025-12-29 10:23:56 | INFO     | fedaugment.utils.logger:44 | Epoch 116: train_loss: 2.26646
2025-12-29 10:24:13 | INFO     | fedaugment.utils.logger:44 | Epoch 117: train_loss: 2.26594
2025-12-29 10:24:30 | INFO     | fedaugment.utils.logger:44 | Epoch 118: train_loss: 2.26462
2025-12-29 10:24:46 | INFO     | fedaugment.utils.logger:44 | Epoch 119: train_loss: 2.26572
2025-12-29 10:25:03 | INFO     | fedaugment.utils.logger:44 | Epoch 120: train_loss: 2.26449
2025-12-29 10:25:20 | INFO     | fedaugment.utils.logger:44 | Epoch 121: train_loss: 2.26390
2025-12-29 10:25:37 | INFO     | fedaugment.utils.logger:44 | Epoch 122: train_loss: 2.26285
2025-12-29 10:25:54 | INFO     | fedaugment.utils.logger:44 | Epoch 123: train_loss: 2.26291
2025-12-29 10:26:11 | INFO     | fedaugment.utils.logger:44 | Epoch 124: train_loss: 2.26181
2025-12-29 10:26:28 | INFO     | fedaugment.utils.logger:44 | Epoch 125: train_loss: 2.26137
2025-12-29 10:26:45 | INFO     | fedaugment.utils.logger:44 | Epoch 126: train_loss: 2.26094
2025-12-29 10:27:03 | INFO     | fedaugment.utils.logger:44 | Epoch 127: train_loss: 2.26105
2025-12-29 10:27:20 | INFO     | fedaugment.utils.logger:44 | Epoch 128: train_loss: 2.26082
2025-12-29 10:27:36 | INFO     | fedaugment.utils.logger:44 | Epoch 129: train_loss: 2.25900
2025-12-29 10:27:53 | INFO     | fedaugment.utils.logger:44 | Epoch 130: train_loss: 2.25899
2025-12-29 10:28:10 | INFO     | fedaugment.utils.logger:44 | Epoch 131: train_loss: 2.25802
2025-12-29 10:28:27 | INFO     | fedaugment.utils.logger:44 | Epoch 132: train_loss: 2.25824
2025-12-29 10:28:43 | INFO     | fedaugment.utils.logger:44 | Epoch 133: train_loss: 2.25756
2025-12-29 10:29:00 | INFO     | fedaugment.utils.logger:44 | Epoch 134: train_loss: 2.25661
2025-12-29 10:29:17 | INFO     | fedaugment.utils.logger:44 | Epoch 135: train_loss: 2.25644
2025-12-29 10:29:34 | INFO     | fedaugment.utils.logger:44 | Epoch 136: train_loss: 2.25646
2025-12-29 10:29:51 | INFO     | fedaugment.utils.logger:44 | Epoch 137: train_loss: 2.25536
2025-12-29 10:30:07 | INFO     | fedaugment.utils.logger:44 | Epoch 138: train_loss: 2.25526
2025-12-29 10:30:24 | INFO     | fedaugment.utils.logger:44 | Epoch 139: train_loss: 2.25495
2025-12-29 10:30:41 | INFO     | fedaugment.utils.logger:44 | Epoch 140: train_loss: 2.25434
2025-12-29 10:30:59 | INFO     | fedaugment.utils.logger:44 | Epoch 141: train_loss: 2.25402
2025-12-29 10:31:16 | INFO     | fedaugment.utils.logger:44 | Epoch 142: train_loss: 2.25366
2025-12-29 10:31:32 | INFO     | fedaugment.utils.logger:44 | Epoch 143: train_loss: 2.25226
2025-12-29 10:31:49 | INFO     | fedaugment.utils.logger:44 | Epoch 144: train_loss: 2.25239
2025-12-29 10:32:05 | INFO     | fedaugment.utils.logger:44 | Epoch 145: train_loss: 2.25210
2025-12-29 10:32:23 | INFO     | fedaugment.utils.logger:44 | Epoch 146: train_loss: 2.25180
2025-12-29 10:32:40 | INFO     | fedaugment.utils.logger:44 | Epoch 147: train_loss: 2.25161
2025-12-29 10:32:56 | INFO     | fedaugment.utils.logger:44 | Epoch 148: train_loss: 2.25139
2025-12-29 10:33:14 | INFO     | fedaugment.utils.logger:44 | Epoch 149: train_loss: 2.25062
2025-12-29 10:33:30 | INFO     | fedaugment.utils.logger:44 | Epoch 150: train_loss: 2.24920
2025-12-29 10:33:47 | INFO     | fedaugment.utils.logger:44 | Epoch 151: train_loss: 2.24914
2025-12-29 10:34:04 | INFO     | fedaugment.utils.logger:44 | Epoch 152: train_loss: 2.24854
2025-12-29 10:34:21 | INFO     | fedaugment.utils.logger:44 | Epoch 153: train_loss: 2.24880
2025-12-29 10:34:38 | INFO     | fedaugment.utils.logger:44 | Epoch 154: train_loss: 2.24916
2025-12-29 10:34:55 | INFO     | fedaugment.utils.logger:44 | Epoch 155: train_loss: 2.24813
2025-12-29 10:35:13 | INFO     | fedaugment.utils.logger:44 | Epoch 156: train_loss: 2.24807
2025-12-29 10:35:30 | INFO     | fedaugment.utils.logger:44 | Epoch 157: train_loss: 2.24731
2025-12-29 10:35:47 | INFO     | fedaugment.utils.logger:44 | Epoch 158: train_loss: 2.24681
2025-12-29 10:36:04 | INFO     | fedaugment.utils.logger:44 | Epoch 159: train_loss: 2.24644
2025-12-29 10:36:21 | INFO     | fedaugment.utils.logger:44 | Epoch 160: train_loss: 2.24612
2025-12-29 10:36:38 | INFO     | fedaugment.utils.logger:44 | Epoch 161: train_loss: 2.24513
2025-12-29 10:36:56 | INFO     | fedaugment.utils.logger:44 | Epoch 162: train_loss: 2.24547
2025-12-29 10:37:13 | INFO     | fedaugment.utils.logger:44 | Epoch 163: train_loss: 2.24544
2025-12-29 10:37:30 | INFO     | fedaugment.utils.logger:44 | Epoch 164: train_loss: 2.24498
2025-12-29 10:37:47 | INFO     | fedaugment.utils.logger:44 | Epoch 165: train_loss: 2.24457
2025-12-29 10:38:04 | INFO     | fedaugment.utils.logger:44 | Epoch 166: train_loss: 2.24404
2025-12-29 10:38:21 | INFO     | fedaugment.utils.logger:44 | Epoch 167: train_loss: 2.24382
2025-12-29 10:38:37 | INFO     | fedaugment.utils.logger:44 | Epoch 168: train_loss: 2.24353
2025-12-29 10:38:54 | INFO     | fedaugment.utils.logger:44 | Epoch 169: train_loss: 2.24366
2025-12-29 10:39:11 | INFO     | fedaugment.utils.logger:44 | Epoch 170: train_loss: 2.24303
2025-12-29 10:39:28 | INFO     | fedaugment.utils.logger:44 | Epoch 171: train_loss: 2.24225
2025-12-29 10:39:45 | INFO     | fedaugment.utils.logger:44 | Epoch 172: train_loss: 2.24231
2025-12-29 10:40:01 | INFO     | fedaugment.utils.logger:44 | Epoch 173: train_loss: 2.24165
2025-12-29 10:40:19 | INFO     | fedaugment.utils.logger:44 | Epoch 174: train_loss: 2.24176
2025-12-29 10:40:36 | INFO     | fedaugment.utils.logger:44 | Epoch 175: train_loss: 2.24095
2025-12-29 10:40:52 | INFO     | fedaugment.utils.logger:44 | Epoch 176: train_loss: 2.24130
2025-12-29 10:41:10 | INFO     | fedaugment.utils.logger:44 | Epoch 177: train_loss: 2.24062
2025-12-29 10:41:26 | INFO     | fedaugment.utils.logger:44 | Epoch 178: train_loss: 2.24017
2025-12-29 10:41:43 | INFO     | fedaugment.utils.logger:44 | Epoch 179: train_loss: 2.23991
2025-12-29 10:42:00 | INFO     | fedaugment.utils.logger:44 | Epoch 180: train_loss: 2.23972
2025-12-29 10:42:18 | INFO     | fedaugment.utils.logger:44 | Epoch 181: train_loss: 2.23909
2025-12-29 10:42:35 | INFO     | fedaugment.utils.logger:44 | Epoch 182: train_loss: 2.23874
2025-12-29 10:42:51 | INFO     | fedaugment.utils.logger:44 | Epoch 183: train_loss: 2.23839
2025-12-29 10:43:09 | INFO     | fedaugment.utils.logger:44 | Epoch 184: train_loss: 2.23876
2025-12-29 10:43:25 | INFO     | fedaugment.utils.logger:44 | Epoch 185: train_loss: 2.23805
2025-12-29 10:43:43 | INFO     | fedaugment.utils.logger:44 | Epoch 186: train_loss: 2.23787
2025-12-29 10:44:00 | INFO     | fedaugment.utils.logger:44 | Epoch 187: train_loss: 2.23763
2025-12-29 10:44:17 | INFO     | fedaugment.utils.logger:44 | Epoch 188: train_loss: 2.23764
2025-12-29 10:44:34 | INFO     | fedaugment.utils.logger:44 | Epoch 189: train_loss: 2.23718
2025-12-29 10:44:52 | INFO     | fedaugment.utils.logger:44 | Epoch 190: train_loss: 2.23699
2025-12-29 10:45:09 | INFO     | fedaugment.utils.logger:44 | Epoch 191: train_loss: 2.23680
2025-12-29 10:45:26 | INFO     | fedaugment.utils.logger:44 | Epoch 192: train_loss: 2.23700
2025-12-29 10:45:43 | INFO     | fedaugment.utils.logger:44 | Epoch 193: train_loss: 2.23643
2025-12-29 10:46:00 | INFO     | fedaugment.utils.logger:44 | Epoch 194: train_loss: 2.23658
2025-12-29 10:46:18 | INFO     | fedaugment.utils.logger:44 | Epoch 195: train_loss: 2.23571
2025-12-29 10:46:35 | INFO     | fedaugment.utils.logger:44 | Epoch 196: train_loss: 2.23593
2025-12-29 10:46:51 | INFO     | fedaugment.utils.logger:44 | Epoch 197: train_loss: 2.23535
2025-12-29 10:47:08 | INFO     | fedaugment.utils.logger:44 | Epoch 198: train_loss: 2.23572
2025-12-29 10:47:24 | INFO     | fedaugment.utils.logger:44 | Epoch 199: train_loss: 2.23502
2025-12-29 10:47:41 | INFO     | fedaugment.utils.logger:44 | Epoch 200: train_loss: 2.23517
2025-12-29 10:47:58 | INFO     | fedaugment.utils.logger:44 | Epoch 201: train_loss: 2.23513
2025-12-29 10:48:15 | INFO     | fedaugment.utils.logger:44 | Epoch 202: train_loss: 2.23445
2025-12-29 10:48:32 | INFO     | fedaugment.utils.logger:44 | Epoch 203: train_loss: 2.23474
2025-12-29 10:48:48 | INFO     | fedaugment.utils.logger:44 | Epoch 204: train_loss: 2.23400
2025-12-29 10:49:06 | INFO     | fedaugment.utils.logger:44 | Epoch 205: train_loss: 2.23379
2025-12-29 10:49:22 | INFO     | fedaugment.utils.logger:44 | Epoch 206: train_loss: 2.23440
2025-12-29 10:49:40 | INFO     | fedaugment.utils.logger:44 | Epoch 207: train_loss: 2.23350
2025-12-29 10:49:57 | INFO     | fedaugment.utils.logger:44 | Epoch 208: train_loss: 2.23329
2025-12-29 10:50:15 | INFO     | fedaugment.utils.logger:44 | Epoch 209: train_loss: 2.23290
2025-12-29 10:50:32 | INFO     | fedaugment.utils.logger:44 | Epoch 210: train_loss: 2.23315
2025-12-29 10:50:49 | INFO     | fedaugment.utils.logger:44 | Epoch 211: train_loss: 2.23283
2025-12-29 10:51:06 | INFO     | fedaugment.utils.logger:44 | Epoch 212: train_loss: 2.23324
2025-12-29 10:51:23 | INFO     | fedaugment.utils.logger:44 | Epoch 213: train_loss: 2.23276
2025-12-29 10:51:40 | INFO     | fedaugment.utils.logger:44 | Epoch 214: train_loss: 2.23258
2025-12-29 10:51:56 | INFO     | fedaugment.utils.logger:44 | Epoch 215: train_loss: 2.23281
2025-12-29 10:52:13 | INFO     | fedaugment.utils.logger:44 | Epoch 216: train_loss: 2.23181
2025-12-29 10:52:31 | INFO     | fedaugment.utils.logger:44 | Epoch 217: train_loss: 2.23218
2025-12-29 10:52:48 | INFO     | fedaugment.utils.logger:44 | Epoch 218: train_loss: 2.23108
2025-12-29 10:53:05 | INFO     | fedaugment.utils.logger:44 | Epoch 219: train_loss: 2.23192
2025-12-29 10:53:22 | INFO     | fedaugment.utils.logger:44 | Epoch 220: train_loss: 2.23171
2025-12-29 10:53:39 | INFO     | fedaugment.utils.logger:44 | Epoch 221: train_loss: 2.23188
2025-12-29 10:53:55 | INFO     | fedaugment.utils.logger:44 | Epoch 222: train_loss: 2.23139
2025-12-29 10:54:12 | INFO     | fedaugment.utils.logger:44 | Epoch 223: train_loss: 2.23139
2025-12-29 10:54:29 | INFO     | fedaugment.utils.logger:44 | Epoch 224: train_loss: 2.23102
2025-12-29 10:54:46 | INFO     | fedaugment.utils.logger:44 | Epoch 225: train_loss: 2.23093
2025-12-29 10:55:03 | INFO     | fedaugment.utils.logger:44 | Epoch 226: train_loss: 2.23105
2025-12-29 10:55:19 | INFO     | fedaugment.utils.logger:44 | Epoch 227: train_loss: 2.23045
2025-12-29 10:55:37 | INFO     | fedaugment.utils.logger:44 | Epoch 228: train_loss: 2.23083
2025-12-29 10:55:54 | INFO     | fedaugment.utils.logger:44 | Epoch 229: train_loss: 2.23103
2025-12-29 10:56:12 | INFO     | fedaugment.utils.logger:44 | Epoch 230: train_loss: 2.23053
2025-12-29 10:56:29 | INFO     | fedaugment.utils.logger:44 | Epoch 231: train_loss: 2.23047
2025-12-29 10:56:45 | INFO     | fedaugment.utils.logger:44 | Epoch 232: train_loss: 2.23039
2025-12-29 10:57:02 | INFO     | fedaugment.utils.logger:44 | Epoch 233: train_loss: 2.22983
2025-12-29 10:57:22 | INFO     | fedaugment.utils.logger:44 | Epoch 234: train_loss: 2.23061
2025-12-29 10:57:39 | INFO     | fedaugment.utils.logger:44 | Epoch 235: train_loss: 2.23001
2025-12-29 10:57:56 | INFO     | fedaugment.utils.logger:44 | Epoch 236: train_loss: 2.22998
2025-12-29 10:58:13 | INFO     | fedaugment.utils.logger:44 | Epoch 237: train_loss: 2.23032
2025-12-29 10:58:30 | INFO     | fedaugment.utils.logger:44 | Epoch 238: train_loss: 2.22979
2025-12-29 10:58:47 | INFO     | fedaugment.utils.logger:44 | Epoch 239: train_loss: 2.23051
2025-12-29 10:59:04 | INFO     | fedaugment.utils.logger:44 | Epoch 240: train_loss: 2.22942
2025-12-29 10:59:21 | INFO     | fedaugment.utils.logger:44 | Epoch 241: train_loss: 2.22999
2025-12-29 10:59:38 | INFO     | fedaugment.utils.logger:44 | Epoch 242: train_loss: 2.23038
2025-12-29 10:59:54 | INFO     | fedaugment.utils.logger:44 | Epoch 243: train_loss: 2.23002
2025-12-29 11:00:12 | INFO     | fedaugment.utils.logger:44 | Epoch 244: train_loss: 2.22974
2025-12-29 11:00:28 | INFO     | fedaugment.utils.logger:44 | Epoch 245: train_loss: 2.23025
2025-12-29 11:00:45 | INFO     | fedaugment.utils.logger:44 | Epoch 246: train_loss: 2.22961
2025-12-29 11:01:02 | INFO     | fedaugment.utils.logger:44 | Epoch 247: train_loss: 2.22985
2025-12-29 11:01:18 | INFO     | fedaugment.utils.logger:44 | Epoch 248: train_loss: 2.23023
2025-12-29 11:01:35 | INFO     | fedaugment.utils.logger:44 | Epoch 249: train_loss: 2.23013
2025-12-29 11:01:35 | INFO     | lightning_utilities.core.rank_zero:60 | `Trainer.fit` stopped: `max_epochs=250` reached.
2025-12-29 11:01:44 | INFO     | fedaugment.projections.main:87 | Starting testing phase...
2025-12-29 11:01:44 | INFO     | lightning.pytorch.accelerators.cuda:61 | LOCAL_RANK: 0 - CUDA_VISIBLE_DEVICES: [0]
2025-12-29 11:01:44 | INFO     | fedaugment.utils.logger:38 | {'module_kwargs': CLModuleConfig(model_type='projection_head', out_dim=1024, hidden_dims=[1024, 1536, 1536], activation='silu', normalization='batch', dropout=0.0), 'criterion': CriterionConfig(class_='MultiViewNTXentLoss', kwargs={'temperature': 0.1}), 'optim_configs': [OptimizerConfig(class_='AdamW', kwargs={'lr': 0.001, 'betas': (0.9, 0.999), 'eps': 1e-08, 'weight_decay': 0.01})], 'sched_configs': [LRSchedulerConfig(class_='LambdaLR', interval='epoch', frequency=1, monitor=None, kwargs={'lr_lambda': <function cos_annealing_with_warmup at 0x7f60910d9440>})], 'pipeline_names': ['distilroberta-dj_adpt', 'gte_base-dj_adpt', 'gtr_t5-dj_adpt', 'mini_l12-dj_adpt', 'mini_l6-dj_adpt', 'mpnet-dj_adpt'], 'embedding_dims': [768, 768, 768, 384, 384, 768], 'data_batch_size': 4096, 'metric_batch_size': 65536}
2025-12-29 11:02:04 | DEBUG    | fedaugment.projections.metrics.base:115 | Computing CosineSimilarityOrchestrator metrics.
2025-12-29 11:02:04 | WARNING  | fedaugment.projections.metrics.base:117 | Number of projections (8891658) is not divisible by chunk size (65536). This may lead to suboptimal performance.
2025-12-29 13:11:11 | DEBUG    | fedaugment.projections.metrics.base:198 | Finalized CosineSimilarityOrchestrator metrics
2025-12-29 13:11:11 | INFO     | fedaugment.utils.logger:44 | Epoch 250: test_loss: 2.39034, test_cossim_mean: 0.00026, test_entity_stability_15: 0.58773, test_entity_stability_5: 0.55905, test_entity_stability_50: 0.67438, test_same_lbl_cossim_mean: 0.96061
2025-12-29 13:11:11 | INFO     | fedaugment.projections.main:92 | Best model checkpoint saved at /home/lennart-ldap/projects/fedaugment/logs/curation_train_webtable_random-mpnet-dj_adpt-k=630493/version_1/last-v1.ckpt
